#
# There is insufficient memory for the Java Runtime Environment to continue.
# Native memory allocation (mmap) failed to map 23068672 bytes. Error detail: G1 virtual space
# Possible reasons:
#   The system is out of physical RAM or swap space
#   This process is running with CompressedOops enabled, and the Java Heap may be blocking the growth of the native heap
# Possible solutions:
#   Reduce memory load on the system
#   Increase physical memory or swap space
#   Check if swap backing store is full
#   Decrease Java heap size (-Xmx/-Xms)
#   Decrease number of Java threads
#   Decrease Java thread stack sizes (-Xss)
#   Set larger code cache with -XX:ReservedCodeCacheSize=
#   JVM is running with Zero Based Compressed Oops mode in which the Java heap is
#     placed in the first 32GB address space. The Java Heap base address is the
#     maximum limit for the native heap growth. Please use -XX:HeapBaseMinAddress
#     to set the Java Heap base and to place the Java Heap above 32GB virtual address.
# This output file may be truncated or incomplete.
#
#  Out of Memory Error (os_windows.cpp:3707), pid=4140, tid=5516
#
# JRE version: Java(TM) SE Runtime Environment (23.0.2+7) (build 23.0.2+7-58)
# Java VM: Java HotSpot(TM) 64-Bit Server VM (23.0.2+7-58, mixed mode, emulated-client, sharing, tiered, compressed oops, compressed class ptrs, g1 gc, windows-amd64)
# No core dump will be written. Minidumps are not enabled by default on client versions of Windows
#

---------------  S U M M A R Y ------------

Command Line: -XX:TieredStopAtLevel=1 com.tourismgov.tourist.TouristServiceApplication

Host: 13th Gen Intel(R) Core(TM) i5-13500H, 16 cores, 15G,  Windows 11 , 64 bit Build 26100 (10.0.26100.8328)
Time: Fri May 15 05:39:24 2026 India Standard Time elapsed time: 538.104893 seconds (0d 0h 8m 58s)

---------------  T H R E A D  ---------------

Current thread (0x0000027489bc0fd0):  VMThread "VM Thread"          [id=5516, stack(0x00000081dd800000,0x00000081dd900000) (1024K)]

Stack: [0x00000081dd800000,0x00000081dd900000]
Native frames: (J=compiled Java code, j=interpreted, Vv=VM code, C=native code)
V  [jvm.dll+0x6e0b99]  (no source info available)
V  [jvm.dll+0x87e2b3]  (no source info available)
V  [jvm.dll+0x88073e]  (no source info available)
V  [jvm.dll+0x880e13]  (no source info available)
V  [jvm.dll+0x27b006]  (no source info available)
V  [jvm.dll+0x6dd485]  (no source info available)
V  [jvm.dll+0x6d127a]  (no source info available)
V  [jvm.dll+0x35b50a]  (no source info available)
V  [jvm.dll+0x363916]  (no source info available)
V  [jvm.dll+0x34fe7e]  (no source info available)
V  [jvm.dll+0x350118]  (no source info available)
V  [jvm.dll+0x328aec]  (no source info available)
V  [jvm.dll+0x328b7a]  (no source info available)
V  [jvm.dll+0x374db2]  (no source info available)
V  [jvm.dll+0x3734b2]  (no source info available)
V  [jvm.dll+0x3282c7]  (no source info available)
V  [jvm.dll+0x372c64]  (no source info available)
V  [jvm.dll+0x886d50]  (no source info available)
V  [jvm.dll+0x888077]  (no source info available)
V  [jvm.dll+0x8885a8]  (no source info available)
V  [jvm.dll+0x888843]  (no source info available)
V  [jvm.dll+0x8254cb]  (no source info available)
V  [jvm.dll+0x6df345]  (no source info available)
C  [ucrtbase.dll+0x37b0]  (no source info available)
C  [KERNEL32.DLL+0x2e957]  (no source info available)
C  [ntdll.dll+0x427c]  (no source info available)

VM_Operation (0x00000081dcefc610): G1CollectForAllocation, mode: safepoint, requested by thread 0x00000274d3d732b0


---------------  P R O C E S S  ---------------

Threads class SMR info:
_java_thread_list=0x00000274d0369f30, length=23, elements={
0x000002748a250080, 0x000002748a250ae0, 0x000002748a254eb0, 0x000002748a255910,
0x000002748a256370, 0x000002748a256dd0, 0x000002748a257830, 0x000002748a407870,
0x000002748a40b330, 0x00000274d0eb72d0, 0x00000274d396e0f0, 0x00000274d3972fb0,
0x00000274d3d711e0, 0x00000274d3d732b0, 0x00000274d3d72c20, 0x00000274d3d704c0,
0x00000274d3d71f00, 0x00000274d3d70b50, 0x00000274d3d71870, 0x00000274d396c020,
0x00000274d396ee10, 0x00000274d39cb7a0, 0x00000274d396fb30
}

Java Threads: ( => current thread )
  0x000002748a250080 JavaThread "Reference Handler"          daemon [_thread_blocked, id=14816, stack(0x00000081dd900000,0x00000081dda00000) (1024K)]
  0x000002748a250ae0 JavaThread "Finalizer"                  daemon [_thread_blocked, id=27116, stack(0x00000081dda00000,0x00000081ddb00000) (1024K)]
  0x000002748a254eb0 JavaThread "Signal Dispatcher"          daemon [_thread_blocked, id=11664, stack(0x00000081ddb00000,0x00000081ddc00000) (1024K)]
  0x000002748a255910 JavaThread "Attach Listener"            daemon [_thread_blocked, id=12800, stack(0x00000081ddc00000,0x00000081ddd00000) (1024K)]
  0x000002748a256370 JavaThread "Service Thread"             daemon [_thread_blocked, id=17208, stack(0x00000081ddd00000,0x00000081dde00000) (1024K)]
  0x000002748a256dd0 JavaThread "Monitor Deflation Thread"   daemon [_thread_blocked, id=14692, stack(0x00000081dde00000,0x00000081ddf00000) (1024K)]
  0x000002748a257830 JavaThread "C1 CompilerThread0"         daemon [_thread_blocked, id=26928, stack(0x00000081ddf00000,0x00000081de000000) (1024K)]
  0x000002748a407870 JavaThread "Notification Thread"        daemon [_thread_blocked, id=9712, stack(0x00000081de100000,0x00000081de200000) (1024K)]
  0x000002748a40b330 JavaThread "Common-Cleaner"             daemon [_thread_blocked, id=23292, stack(0x00000081de200000,0x00000081de300000) (1024K)]
  0x00000274d0eb72d0 JavaThread "mysql-cj-abandoned-connection-cleanup" daemon [_thread_blocked, id=25488, stack(0x00000081df300000,0x00000081df400000) (1024K)]
  0x00000274d396e0f0 JavaThread "spectator-gauge-polling-0"  daemon [_thread_blocked, id=29972, stack(0x00000081de300000,0x00000081de400000) (1024K)]
  0x00000274d3972fb0 JavaThread "DestroyJavaVM"                     [_thread_blocked, id=18636, stack(0x00000081dd100000,0x00000081dd200000) (1024K)]
  0x00000274d3d711e0 JavaThread "Thread-1"                          [_thread_blocked, id=18504, stack(0x00000081df900000,0x00000081dfa00000) (1024K)]
  0x00000274d3d732b0 JavaThread "restartedMain"                     [_thread_blocked, id=37624, stack(0x00000081dce00000,0x00000081dcf00000) (1024K)]
  0x00000274d3d72c20 JavaThread "Keep-Alive-Timer"           daemon [_thread_blocked, id=14544, stack(0x00000081de000000,0x00000081de100000) (1024K)]
  0x00000274d3d704c0 JavaThread "Catalina-utility-1"                [_thread_blocked, id=28180, stack(0x00000081de500000,0x00000081de600000) (1024K)]
  0x00000274d3d71f00 JavaThread "Catalina-utility-2"                [_thread_blocked, id=27520, stack(0x00000081ded00000,0x00000081dee00000) (1024K)]
  0x00000274d3d70b50 JavaThread "container-0"                       [_thread_blocked, id=39888, stack(0x00000081dee00000,0x00000081def00000) (1024K)]
  0x00000274d3d71870 JavaThread "HikariPool-2:housekeeper"   daemon [_thread_blocked, id=32624, stack(0x00000081df800000,0x00000081df900000) (1024K)]
  0x00000274d396c020 JavaThread "spring.cloud.inetutils"     daemon [_thread_blocked, id=15076, stack(0x00000081dd000000,0x00000081dd100000) (1024K)]
  0x00000274d396ee10 JavaThread "File Watcher"               daemon [_thread_blocked, id=27604, stack(0x00000081de400000,0x00000081de500000) (1024K)]
  0x00000274d39cb7a0 JavaThread "C1 CompilerThread1"         daemon [_thread_blocked, id=22168, stack(0x00000081dcf00000,0x00000081dd000000) (1024K)]
  0x00000274d396fb30 JavaThread "spring.cloud.inetutils"     daemon [_thread_in_native, id=11060, stack(0x00000081dfa00000,0x00000081dfb00000) (1024K)]
Total: 23

Other Threads:
=>0x0000027489bc0fd0 VMThread "VM Thread"                           [id=5516, stack(0x00000081dd800000,0x00000081dd900000) (1024K)]
  0x0000027489ba55e0 WatcherThread "VM Periodic Task Thread"        [id=17592, stack(0x00000081dd700000,0x00000081dd800000) (1024K)]
  0x00000274f65a3ce0 WorkerThread "GC Thread#0"                     [id=37068, stack(0x00000081dd200000,0x00000081dd300000) (1024K)]
  0x00000274d0101170 WorkerThread "GC Thread#1"                     [id=25052, stack(0x00000081de600000,0x00000081de700000) (1024K)]
  0x00000274d0101930 WorkerThread "GC Thread#2"                     [id=42984, stack(0x00000081de700000,0x00000081de800000) (1024K)]
  0x00000274d0101ce0 WorkerThread "GC Thread#3"                     [id=38580, stack(0x00000081de800000,0x00000081de900000) (1024K)]
  0x00000274d01e9560 WorkerThread "GC Thread#4"                     [id=22060, stack(0x00000081de900000,0x00000081dea00000) (1024K)]
  0x00000274d01e9910 WorkerThread "GC Thread#5"                     [id=3112, stack(0x00000081dea00000,0x00000081deb00000) (1024K)]
  0x00000274d0283380 WorkerThread "GC Thread#6"                     [id=4144, stack(0x00000081deb00000,0x00000081dec00000) (1024K)]
  0x00000274d0283730 WorkerThread "GC Thread#7"                     [id=34696, stack(0x00000081dec00000,0x00000081ded00000) (1024K)]
  0x00000274d0576b00 WorkerThread "GC Thread#8"                     [id=15336, stack(0x00000081def00000,0x00000081df000000) (1024K)]
  0x00000274d05e1af0 WorkerThread "GC Thread#9"                     [id=22024, stack(0x00000081df000000,0x00000081df100000) (1024K)]
  0x00000274d05e1ea0 WorkerThread "GC Thread#10"                    [id=29604, stack(0x00000081df100000,0x00000081df200000) (1024K)]
  0x000002748a2b6640 WorkerThread "GC Thread#11"                    [id=36304, stack(0x00000081df400000,0x00000081df500000) (1024K)]
  0x000002748a2b5780 WorkerThread "GC Thread#12"                    [id=26064, stack(0x00000081df500000,0x00000081df600000) (1024K)]
  0x00000274f65ba630 ConcurrentGCThread "G1 Main Marker"            [id=22296, stack(0x00000081dd300000,0x00000081dd400000) (1024K)]
  0x00000274f65bb8e0 WorkerThread "G1 Conc#0"                       [id=34144, stack(0x00000081dd400000,0x00000081dd500000) (1024K)]
  0x000002748a2b53d0 WorkerThread "G1 Conc#1"                       [id=41660, stack(0x00000081df600000,0x00000081df700000) (1024K)]
  0x000002748a2b5b30 WorkerThread "G1 Conc#2"                       [id=36704, stack(0x00000081df700000,0x00000081df800000) (1024K)]
  0x0000027489a6ddd0 ConcurrentGCThread "G1 Refine#0"               [id=42456, stack(0x00000081dd500000,0x00000081dd600000) (1024K)]
  0x0000027489a76050 ConcurrentGCThread "G1 Service"                [id=42264, stack(0x00000081dd600000,0x00000081dd700000) (1024K)]
Total: 21

Threads with active compile tasks:
Total: 0

VM state: at safepoint (normal execution)

VM Mutex/Monitor currently owned by a thread:  ([mutex/lock_event])
[0x00007ffbab5e4888] Threads_lock - owner thread: 0x0000027489bc0fd0
[0x00007ffbab5e4988] Heap_lock - owner thread: 0x00000274d3d732b0

Heap address: 0x0000000704e00000, size: 4018 MB, Compressed Oops mode: Zero based, Oop shift amount: 3

CDS archive(s) mapped at: [0x000002748b000000-0x000002748bd70000-0x000002748bd70000), size 14090240, SharedBaseAddress: 0x000002748b000000, ArchiveRelocationMode: 1.
Compressed class space mapped at: 0x000002748c000000-0x00000274cc000000, reserved size: 1073741824
Narrow klass base: 0x000002748b000000, Narrow klass shift: 0, Narrow klass range: 0x41000000

GC Precious Log:
 CardTable entry size: 512
 Card Set container configuration: InlinePtr #cards 4 size 8 Array Of Cards #cards 16 size 48 Howl #buckets 8 coarsen threshold 3686 Howl Bitmap #cards 512 size 80 coarsen threshold 460 Card regions per heap region 1 cards per card region 4096
 CPUs: 16 total, 16 available
 Memory: 16071M
 Large Page Support: Disabled
 NUMA Support: Disabled
 Compressed Oops: Enabled (Zero based)
 Heap Region Size: 2M
 Heap Min Capacity: 8M
 Heap Initial Capacity: 252M
 Heap Max Capacity: 4018M
 Pre-touch: Disabled
 Parallel Workers: 13
 Concurrent Workers: 3
 Concurrent Refinement Workers: 13
 Periodic GC: Disabled

Heap:
 garbage-first heap   total reserved 4114432K, committed 110592K, used 64408K [0x0000000704e00000, 0x0000000800000000)
  region size 2048K, 2 young (4096K), 2 survivors (4096K)
 Metaspace       used 96747K, committed 97792K, reserved 1179648K
  class space    used 14368K, committed 14848K, reserved 1048576K

Heap Regions: E=young(eden), S=young(survivor), O=old, HS=humongous(starts), HC=humongous(continues), CS=collection set, F=free, TAMS=top-at-mark-start, PB=parsable bottom
|   0|0x0000000704e00000, 0x0000000705000000, 0x0000000705000000|100%| O|  |TAMS 0x0000000704e00000| PB 0x0000000704e00000| Untracked |  0
|   1|0x0000000705000000, 0x0000000705200000, 0x0000000705200000|100%| O|  |TAMS 0x0000000705000000| PB 0x0000000705000000| Untracked |  0
|   2|0x0000000705200000, 0x0000000705400000, 0x0000000705400000|100%| O|  |TAMS 0x0000000705200000| PB 0x0000000705200000| Untracked |  0
|   3|0x0000000705400000, 0x00000007055ffff8, 0x0000000705600000| 99%| O|  |TAMS 0x0000000705400000| PB 0x0000000705400000| Untracked |  0
|   4|0x0000000705600000, 0x00000007057fffc0, 0x0000000705800000| 99%| O|  |TAMS 0x0000000705600000| PB 0x0000000705600000| Untracked |  0
|   5|0x0000000705800000, 0x00000007059ff3c0, 0x0000000705a00000| 99%| O|  |TAMS 0x0000000705800000| PB 0x0000000705800000| Untracked |  0
|   6|0x0000000705a00000, 0x0000000705bfffe0, 0x0000000705c00000| 99%| O|  |TAMS 0x0000000705a00000| PB 0x0000000705a00000| Untracked |  0
|   7|0x0000000705c00000, 0x0000000705e00000, 0x0000000705e00000|100%| O|  |TAMS 0x0000000705c00000| PB 0x0000000705c00000| Untracked |  0
|   8|0x0000000705e00000, 0x0000000705fffff8, 0x0000000706000000| 99%| O|  |TAMS 0x0000000705e00000| PB 0x0000000705e00000| Untracked |  0
|   9|0x0000000706000000, 0x00000007061ffff8, 0x0000000706200000| 99%| O|  |TAMS 0x0000000706000000| PB 0x0000000706000000| Untracked |  0
|  10|0x0000000706200000, 0x00000007063fffc8, 0x0000000706400000| 99%| O|  |TAMS 0x0000000706200000| PB 0x0000000706200000| Untracked |  0
|  11|0x0000000706400000, 0x00000007065fffb8, 0x0000000706600000| 99%| O|  |TAMS 0x0000000706400000| PB 0x0000000706400000| Untracked |  0
|  12|0x0000000706600000, 0x00000007067ffff0, 0x0000000706800000| 99%| O|  |TAMS 0x0000000706600000| PB 0x0000000706600000| Untracked |  0
|  13|0x0000000706800000, 0x00000007069fffc8, 0x0000000706a00000| 99%| O|  |TAMS 0x0000000706800000| PB 0x0000000706800000| Untracked |  0
|  14|0x0000000706a00000, 0x0000000706bfffc0, 0x0000000706c00000| 99%| O|  |TAMS 0x0000000706a00000| PB 0x0000000706a00000| Untracked |  0
|  15|0x0000000706c00000, 0x0000000706dfffb8, 0x0000000706e00000| 99%| O|  |TAMS 0x0000000706c00000| PB 0x0000000706c00000| Untracked |  0
|  16|0x0000000706e00000, 0x0000000707000000, 0x0000000707000000|100%| O|  |TAMS 0x0000000706e00000| PB 0x0000000706e00000| Untracked |  0
|  17|0x0000000707000000, 0x00000007071f6050, 0x0000000707200000| 98%| O|  |TAMS 0x0000000707000000| PB 0x0000000707000000| Untracked |  0
|  18|0x0000000707200000, 0x00000007073fe898, 0x0000000707400000| 99%| O|  |TAMS 0x0000000707200000| PB 0x0000000707200000| Untracked |  0
|  19|0x0000000707400000, 0x0000000707600000, 0x0000000707600000|100%| O|  |TAMS 0x0000000707400000| PB 0x0000000707400000| Untracked |  0
|  20|0x0000000707600000, 0x0000000707800000, 0x0000000707800000|100%| O|  |TAMS 0x0000000707600000| PB 0x0000000707600000| Untracked |  0
|  21|0x0000000707800000, 0x0000000707a00000, 0x0000000707a00000|100%| O|  |TAMS 0x0000000707800000| PB 0x0000000707800000| Untracked |  0
|  22|0x0000000707a00000, 0x0000000707bfffc0, 0x0000000707c00000| 99%| O|  |TAMS 0x0000000707a00000| PB 0x0000000707a00000| Untracked |  0
|  23|0x0000000707c00000, 0x0000000707c00000, 0x0000000707e00000|  0%| F|  |TAMS 0x0000000707c00000| PB 0x0000000707c00000| Untracked |  0
|  24|0x0000000707e00000, 0x0000000708000000, 0x0000000708000000|100%| O|  |TAMS 0x0000000707e00000| PB 0x0000000707e00000| Untracked |  0
|  25|0x0000000708000000, 0x0000000708200000, 0x0000000708200000|100%| O|  |TAMS 0x0000000708000000| PB 0x0000000708000000| Untracked |  0
|  26|0x0000000708200000, 0x0000000708400000, 0x0000000708400000|100%| O|  |TAMS 0x0000000708200000| PB 0x0000000708200000| Untracked |  0
|  27|0x0000000708400000, 0x0000000708600000, 0x0000000708600000|100%| O|  |TAMS 0x0000000708400000| PB 0x0000000708400000| Untracked |  0
|  28|0x0000000708600000, 0x0000000708800000, 0x0000000708800000|100%| O|  |TAMS 0x0000000708600000| PB 0x0000000708600000| Untracked |  0
|  29|0x0000000708800000, 0x0000000708a00000, 0x0000000708a00000|100%| O|  |TAMS 0x0000000708800000| PB 0x0000000708800000| Untracked |  0
|  30|0x0000000708a00000, 0x0000000708b51d80, 0x0000000708c00000| 65%| O|  |TAMS 0x0000000708a00000| PB 0x0000000708a00000| Untracked |  0
|  31|0x0000000708c00000, 0x0000000708c00000, 0x0000000708e00000|  0%| F|  |TAMS 0x0000000708c00000| PB 0x0000000708c00000| Untracked |  0
|  32|0x0000000708e00000, 0x0000000708e00000, 0x0000000709000000|  0%| F|  |TAMS 0x0000000708e00000| PB 0x0000000708e00000| Untracked |  0
|  33|0x0000000709000000, 0x0000000709000000, 0x0000000709200000|  0%| F|  |TAMS 0x0000000709000000| PB 0x0000000709000000| Untracked |  0
|  34|0x0000000709200000, 0x00000007093a0890, 0x0000000709400000| 81%| S|CS|TAMS 0x0000000709200000| PB 0x0000000709200000| Complete |  0
|  35|0x0000000709400000, 0x0000000709400000, 0x0000000709600000|  0%| F|  |TAMS 0x0000000709400000| PB 0x0000000709400000| Untracked |  0
|  36|0x0000000709600000, 0x0000000709600000, 0x0000000709800000|  0%| F|  |TAMS 0x0000000709600000| PB 0x0000000709600000| Untracked |  0
|  37|0x0000000709800000, 0x0000000709a00000, 0x0000000709a00000|100%| S|CS|TAMS 0x0000000709800000| PB 0x0000000709800000| Complete |  0
|  38|0x0000000709a00000, 0x0000000709a00000, 0x0000000709c00000|  0%| F|  |TAMS 0x0000000709a00000| PB 0x0000000709a00000| Untracked |  0
|  39|0x0000000709c00000, 0x0000000709c00000, 0x0000000709e00000|  0%| F|  |TAMS 0x0000000709c00000| PB 0x0000000709c00000| Untracked |  0
|  40|0x0000000709e00000, 0x0000000709e00000, 0x000000070a000000|  0%| F|  |TAMS 0x0000000709e00000| PB 0x0000000709e00000| Untracked |  0
|  41|0x000000070a000000, 0x000000070a000000, 0x000000070a200000|  0%| F|  |TAMS 0x000000070a000000| PB 0x000000070a000000| Untracked |  0
|  42|0x000000070a200000, 0x000000070a200000, 0x000000070a400000|  0%| F|  |TAMS 0x000000070a200000| PB 0x000000070a200000| Untracked |  0
|  43|0x000000070a400000, 0x000000070a400000, 0x000000070a600000|  0%| F|  |TAMS 0x000000070a400000| PB 0x000000070a400000| Untracked |  0
|  44|0x000000070a600000, 0x000000070a600000, 0x000000070a800000|  0%| F|  |TAMS 0x000000070a600000| PB 0x000000070a600000| Untracked |  0
|  45|0x000000070a800000, 0x000000070a800000, 0x000000070aa00000|  0%| F|  |TAMS 0x000000070a800000| PB 0x000000070a800000| Untracked |  0
|  46|0x000000070aa00000, 0x000000070aa00000, 0x000000070ac00000|  0%| F|  |TAMS 0x000000070aa00000| PB 0x000000070aa00000| Untracked |  0
|  47|0x000000070ac00000, 0x000000070ac00000, 0x000000070ae00000|  0%| F|  |TAMS 0x000000070ac00000| PB 0x000000070ac00000| Untracked |  0
|  48|0x000000070ae00000, 0x000000070ae00000, 0x000000070b000000|  0%| F|  |TAMS 0x000000070ae00000| PB 0x000000070ae00000| Untracked |  0
|  49|0x000000070b000000, 0x000000070b000000, 0x000000070b200000|  0%| F|  |TAMS 0x000000070b000000| PB 0x000000070b000000| Untracked |  0
| 100|0x0000000711600000, 0x0000000711600000, 0x0000000711800000|  0%| F|  |TAMS 0x0000000711600000| PB 0x0000000711600000| Untracked |  0
| 101|0x0000000711800000, 0x0000000711800000, 0x0000000711a00000|  0%| F|  |TAMS 0x0000000711800000| PB 0x0000000711800000| Untracked |  0
| 104|0x0000000711e00000, 0x0000000711e00000, 0x0000000712000000|  0%| F|  |TAMS 0x0000000711e00000| PB 0x0000000711e00000| Untracked |  0
| 125|0x0000000714800000, 0x0000000714800000, 0x0000000714a00000|  0%| F|  |TAMS 0x0000000714800000| PB 0x0000000714800000| Untracked |  0

Card table byte_map: [0x0000027483000000,0x00000274837e0000] _byte_map_base: 0x000002747f7d9000

Marking Bits: (CMBitMap*) 0x00000274f65a43f0
 Bits: [0x00000274837e0000, 0x00000274876a8000)

Polling page: 0x00000274f45a0000

Metaspace:

Usage:
  Non-class:     80.45 MB used.
      Class:     14.03 MB used.
       Both:     94.48 MB used.

Virtual space:
  Non-class space:      128.00 MB reserved,      81.00 MB ( 63%) committed,  2 nodes.
      Class space:        1.00 GB reserved,      14.50 MB (  1%) committed,  1 nodes.
             Both:        1.12 GB reserved,      95.50 MB (  8%) committed. 

Chunk freelists:
   Non-Class:  14.75 MB
       Class:  1.37 MB
        Both:  16.12 MB

MaxMetaspaceSize: unlimited
CompressedClassSpaceSize: 1.00 GB
Initial GC threshold: 21.00 MB
Current GC threshold: 159.00 MB
CDS: on
 - commit_granule_bytes: 65536.
 - commit_granule_words: 8192.
 - virtual_space_node_default_size: 8388608.
 - enlarge_chunks_in_place: 1.
 - use_allocation_guard: 0.


Internal statistics:

num_allocs_failed_limit: 8.
num_arena_births: 2172.
num_arena_deaths: 766.
num_vsnodes_births: 3.
num_vsnodes_deaths: 0.
num_space_committed: 1528.
num_space_uncommitted: 0.
num_chunks_returned_to_freelist: 899.
num_chunks_taken_from_freelist: 6199.
num_chunk_merges: 195.
num_chunk_splits: 3923.
num_chunks_enlarged: 2917.
num_inconsistent_stats: 0.

CodeCache: size=49152Kb used=11294Kb max_used=13411Kb free=37857Kb
 bounds [0x0000027480000000, 0x0000027480d20000, 0x0000027483000000]
 total_blobs=7490, nmethods=6670, adapters=744, full_count=0
Compilation: enabled, stopped_count=0, restarted_count=0

Compilation events (20 events):
Event: 535.168 Thread 0x00000274d39cb7a0 11773       1       org.aspectj.apache.bcel.classfile.annotation.EnumElementValue::<init> (37 bytes)
Event: 535.169 Thread 0x00000274d39cb7a0 nmethod 11773 0x000002748047bd88 code [0x000002748047bea0, 0x000002748047bfc8]
Event: 535.171 Thread 0x00000274d39cb7a0 11774       1       org.apache.catalina.core.ContainerBase::getBackgroundProcessorDelay (5 bytes)
Event: 535.171 Thread 0x00000274d39cb7a0 nmethod 11774 0x0000027480484808 code [0x0000027480484920, 0x00000274804849e8]
Event: 535.171 Thread 0x000002748a257830 11775       1       org.apache.catalina.valves.ValveBase::backgroundProcess (1 bytes)
Event: 535.171 Thread 0x000002748a257830 nmethod 11775 0x0000027480494b88 code [0x0000027480494ca0, 0x0000027480494d68]
Event: 535.951 Thread 0x00000274d39cb7a0 11776   !   1       org.springframework.boot.context.properties.bind.Binder$Context::withIncreasedDepth (24 bytes)
Event: 535.951 Thread 0x000002748a257830 11777       1       org.springframework.boot.context.properties.bind.Binder$Context::increaseDepth (11 bytes)
Event: 535.951 Thread 0x000002748a257830 nmethod 11777 0x0000027480495a88 code [0x0000027480495ba0, 0x0000027480495c70]
Event: 535.951 Thread 0x00000274d39cb7a0 nmethod 11776 0x000002748049ca08 code [0x000002748049cb20, 0x000002748049cc58]
Event: 535.951 Thread 0x000002748a257830 11778       1       org.springframework.boot.context.properties.bind.Binder$Context::decreaseDepth (11 bytes)
Event: 535.951 Thread 0x000002748a257830 nmethod 11778 0x000002748049da88 code [0x000002748049dba0, 0x000002748049dc70]
Event: 535.993 Thread 0x00000274d39cb7a0 11779       1       org.springframework.boot.context.properties.bind.Bindable::withExistingValue (102 bytes)
Event: 535.993 Thread 0x000002748a257830 11780       1       org.springframework.boot.context.properties.bind.Bindable::boxedTypeIsInstanceOf (26 bytes)
Event: 535.993 Thread 0x000002748a257830 nmethod 11780 0x00000274804a2208 code [0x00000274804a2320, 0x00000274804a2440]
Event: 535.994 Thread 0x000002748a257830 11781       1       org.springframework.boot.context.properties.bind.Bindable$$Lambda/0x000002748c2a5010::<init> (10 bytes)
Event: 535.994 Thread 0x000002748a257830 nmethod 11781 0x00000274804a2808 code [0x00000274804a2920, 0x00000274804a2a38]
Event: 535.994 Thread 0x000002748a257830 11782       1       org.springframework.boot.context.properties.bind.Bindable$$Lambda/0x000002748c2a5458::<init> (10 bytes)
Event: 535.994 Thread 0x000002748a257830 nmethod 11782 0x00000274804a3708 code [0x00000274804a3820, 0x00000274804a3938]
Event: 535.995 Thread 0x00000274d39cb7a0 nmethod 11779 0x00000274803f9108 code [0x00000274803f92c0, 0x00000274803f98c0]

GC Heap History (20 events):
Event: 521.699 GC heap after
{Heap after GC invocations=48 (full 1):
 garbage-first heap   total reserved 4114432K, committed 110592K, used 49569K [0x0000000704e00000, 0x0000000800000000)
  region size 2048K, 2 young (4096K), 2 survivors (4096K)
 Metaspace       used 96031K, committed 96832K, reserved 1179648K
  class space    used 14245K, committed 14592K, reserved 1048576K
}
Event: 525.073 GC heap before
{Heap before GC invocations=48 (full 1):
 garbage-first heap   total reserved 4114432K, committed 110592K, used 92577K [0x0000000704e00000, 0x0000000800000000)
  region size 2048K, 23 young (47104K), 2 survivors (4096K)
 Metaspace       used 96193K, committed 97024K, reserved 1179648K
  class space    used 14270K, committed 14656K, reserved 1048576K
}
Event: 525.082 GC heap after
{Heap after GC invocations=49 (full 1):
 garbage-first heap   total reserved 4114432K, committed 110592K, used 50666K [0x0000000704e00000, 0x0000000800000000)
  region size 2048K, 1 young (2048K), 1 survivors (2048K)
 Metaspace       used 96193K, committed 97024K, reserved 1179648K
  class space    used 14270K, committed 14656K, reserved 1048576K
}
Event: 526.202 GC heap before
{Heap before GC invocations=49 (full 1):
 garbage-first heap   total reserved 4114432K, committed 110592K, used 93674K [0x0000000704e00000, 0x0000000800000000)
  region size 2048K, 23 young (47104K), 1 survivors (2048K)
 Metaspace       used 96339K, committed 97280K, reserved 1179648K
  class space    used 14288K, committed 14720K, reserved 1048576K
}
Event: 526.213 GC heap after
{Heap after GC invocations=50 (full 1):
 garbage-first heap   total reserved 4114432K, committed 110592K, used 53572K [0x0000000704e00000, 0x0000000800000000)
  region size 2048K, 3 young (6144K), 3 survivors (6144K)
 Metaspace       used 96339K, committed 97280K, reserved 1179648K
  class space    used 14288K, committed 14720K, reserved 1048576K
}
Event: 527.018 GC heap before
{Heap before GC invocations=51 (full 1):
 garbage-first heap   total reserved 4114432K, committed 110592K, used 90436K [0x0000000704e00000, 0x0000000800000000)
  region size 2048K, 21 young (43008K), 3 survivors (6144K)
 Metaspace       used 96289K, committed 97280K, reserved 1179648K
  class space    used 14273K, committed 14720K, reserved 1048576K
}
Event: 527.032 GC heap after
{Heap after GC invocations=52 (full 1):
 garbage-first heap   total reserved 4114432K, committed 110592K, used 55272K [0x0000000704e00000, 0x0000000800000000)
  region size 2048K, 3 young (6144K), 3 survivors (6144K)
 Metaspace       used 96289K, committed 97280K, reserved 1179648K
  class space    used 14273K, committed 14720K, reserved 1048576K
}
Event: 528.091 GC heap before
{Heap before GC invocations=52 (full 1):
 garbage-first heap   total reserved 4114432K, committed 110592K, used 92136K [0x0000000704e00000, 0x0000000800000000)
  region size 2048K, 21 young (43008K), 3 survivors (6144K)
 Metaspace       used 96318K, committed 97280K, reserved 1179648K
  class space    used 14281K, committed 14720K, reserved 1048576K
}
Event: 528.100 GC heap after
{Heap after GC invocations=53 (full 1):
 garbage-first heap   total reserved 4114432K, committed 110592K, used 56912K [0x0000000704e00000, 0x0000000800000000)
  region size 2048K, 2 young (4096K), 2 survivors (4096K)
 Metaspace       used 96318K, committed 97280K, reserved 1179648K
  class space    used 14281K, committed 14720K, reserved 1048576K
}
Event: 528.920 GC heap before
{Heap before GC invocations=53 (full 1):
 garbage-first heap   total reserved 4114432K, committed 110592K, used 95824K [0x0000000704e00000, 0x0000000800000000)
  region size 2048K, 21 young (43008K), 2 survivors (4096K)
 Metaspace       used 96426K, committed 97344K, reserved 1179648K
  class space    used 14308K, committed 14720K, reserved 1048576K
}
Event: 528.929 GC heap after
{Heap after GC invocations=54 (full 1):
 garbage-first heap   total reserved 4114432K, committed 110592K, used 58245K [0x0000000704e00000, 0x0000000800000000)
  region size 2048K, 2 young (4096K), 2 survivors (4096K)
 Metaspace       used 96426K, committed 97344K, reserved 1179648K
  class space    used 14308K, committed 14720K, reserved 1048576K
}
Event: 530.790 GC heap before
{Heap before GC invocations=55 (full 1):
 garbage-first heap   total reserved 4114432K, committed 110592K, used 95109K [0x0000000704e00000, 0x0000000800000000)
  region size 2048K, 20 young (40960K), 2 survivors (4096K)
 Metaspace       used 96436K, committed 97344K, reserved 1179648K
  class space    used 14311K, committed 14720K, reserved 1048576K
}
Event: 530.801 GC heap after
{Heap after GC invocations=56 (full 1):
 garbage-first heap   total reserved 4114432K, committed 110592K, used 59856K [0x0000000704e00000, 0x0000000800000000)
  region size 2048K, 3 young (6144K), 3 survivors (6144K)
 Metaspace       used 96436K, committed 97344K, reserved 1179648K
  class space    used 14311K, committed 14720K, reserved 1048576K
}
Event: 531.636 GC heap before
{Heap before GC invocations=56 (full 1):
 garbage-first heap   total reserved 4114432K, committed 110592K, used 92624K [0x0000000704e00000, 0x0000000800000000)
  region size 2048K, 19 young (38912K), 3 survivors (6144K)
 Metaspace       used 96589K, committed 97536K, reserved 1179648K
  class space    used 14333K, committed 14784K, reserved 1048576K
}
Event: 531.647 GC heap after
{Heap after GC invocations=57 (full 1):
 garbage-first heap   total reserved 4114432K, committed 110592K, used 60962K [0x0000000704e00000, 0x0000000800000000)
  region size 2048K, 2 young (4096K), 2 survivors (4096K)
 Metaspace       used 96589K, committed 97536K, reserved 1179648K
  class space    used 14333K, committed 14784K, reserved 1048576K
}
Event: 532.972 GC heap before
{Heap before GC invocations=57 (full 1):
 garbage-first heap   total reserved 4114432K, committed 110592K, used 95778K [0x0000000704e00000, 0x0000000800000000)
  region size 2048K, 20 young (40960K), 2 survivors (4096K)
 Metaspace       used 96714K, committed 97664K, reserved 1179648K
  class space    used 14359K, committed 14784K, reserved 1048576K
}
Event: 532.981 GC heap after
{Heap after GC invocations=58 (full 1):
 garbage-first heap   total reserved 4114432K, committed 110592K, used 62338K [0x0000000704e00000, 0x0000000800000000)
  region size 2048K, 2 young (4096K), 2 survivors (4096K)
 Metaspace       used 96714K, committed 97664K, reserved 1179648K
  class space    used 14359K, committed 14784K, reserved 1048576K
}
Event: 533.726 GC heap before
{Heap before GC invocations=59 (full 1):
 garbage-first heap   total reserved 4114432K, committed 110592K, used 97154K [0x0000000704e00000, 0x0000000800000000)
  region size 2048K, 19 young (38912K), 2 survivors (4096K)
 Metaspace       used 96738K, committed 97664K, reserved 1179648K
  class space    used 14365K, committed 14784K, reserved 1048576K
}
Event: 533.738 GC heap after
{Heap after GC invocations=60 (full 1):
 garbage-first heap   total reserved 4114432K, committed 110592K, used 63667K [0x0000000704e00000, 0x0000000800000000)
  region size 2048K, 2 young (4096K), 2 survivors (4096K)
 Metaspace       used 96738K, committed 97664K, reserved 1179648K
  class space    used 14365K, committed 14784K, reserved 1048576K
}
Event: 536.059 GC heap before
{Heap before GC invocations=60 (full 1):
 garbage-first heap   total reserved 4114432K, committed 110592K, used 96435K [0x0000000704e00000, 0x0000000800000000)
  region size 2048K, 18 young (36864K), 2 survivors (4096K)
 Metaspace       used 96747K, committed 97792K, reserved 1179648K
  class space    used 14368K, committed 14848K, reserved 1048576K
}

Dll operation events (10 events):
Event: 0.023 Loaded shared library C:\Program Files\Java\jdk-23\bin\java.dll
Event: 0.473 Loaded shared library C:\Program Files\Java\jdk-23\bin\net.dll
Event: 0.478 Loaded shared library C:\Program Files\Java\jdk-23\bin\nio.dll
Event: 0.488 Loaded shared library C:\Program Files\Java\jdk-23\bin\zip.dll
Event: 0.831 Loaded shared library C:\Program Files\Java\jdk-23\bin\jimage.dll
Event: 2.225 Loaded shared library C:\Program Files\Java\jdk-23\bin\management.dll
Event: 2.230 Loaded shared library C:\Program Files\Java\jdk-23\bin\management_ext.dll
Event: 4.381 Loaded shared library C:\Program Files\Java\jdk-23\bin\extnet.dll
Event: 14.522 Loaded shared library C:\Program Files\Java\jdk-23\bin\sunmscapi.dll
Event: 161.664 Loaded shared library C:\Program Files\Java\jdk-23\bin\verify.dll

Deoptimization events (6 events):
Event: 4.261 Thread 0x00000274d036a5a0 DEOPT PACKING pc=0x00000274804fb2bc sp=0x00000081deefdfc0
Event: 4.261 Thread 0x00000274d036a5a0 DEOPT UNPACKING pc=0x0000027480054b22 sp=0x00000081deefd488 mode 0
Event: 35.969 Thread 0x00000274d036a5a0 DEOPT PACKING pc=0x0000027480754c8c sp=0x00000081deefdbb0
Event: 35.969 Thread 0x00000274d036a5a0 DEOPT UNPACKING pc=0x0000027480054b22 sp=0x00000081deefd158 mode 0
Event: 82.196 Thread 0x00000274d036a5a0 DEOPT PACKING pc=0x0000027480622c11 sp=0x00000081deefce80
Event: 82.197 Thread 0x00000274d036a5a0 DEOPT UNPACKING pc=0x0000027480054b22 sp=0x00000081deefc388 mode 3

Classes loaded (20 events):
Event: 495.718 Loading class java/lang/invoke/BoundMethodHandle$Species_LLLLLLLLLL
Event: 495.718 Loading class java/lang/invoke/BoundMethodHandle$Species_LLLLLLLLLL done
Event: 495.726 Loading class java/lang/invoke/BoundMethodHandle$Species_LLLLLLLLLLL
Event: 495.726 Loading class java/lang/invoke/BoundMethodHandle$Species_LLLLLLLLLLL done
Event: 512.611 Loading class java/util/concurrent/locks/AbstractQueuedSynchronizer$SharedNode
Event: 512.612 Loading class java/util/concurrent/locks/AbstractQueuedSynchronizer$SharedNode done
Event: 512.935 Loading class javax/management/NotificationBroadcasterSupport$WildcardListenerInfo
Event: 512.935 Loading class javax/management/NotificationBroadcasterSupport$WildcardListenerInfo done
Event: 512.998 Loading class sun/security/ssl/Alert
Event: 513.001 Loading class sun/security/ssl/Alert done
Event: 513.001 Loading class sun/security/ssl/Alert$AlertConsumer
Event: 513.002 Loading class sun/security/ssl/Alert$AlertConsumer done
Event: 513.002 Loading class sun/security/ssl/Alert$Level
Event: 513.002 Loading class sun/security/ssl/Alert$Level done
Event: 516.245 Loading class java/lang/ref/Finalizer$2
Event: 516.245 Loading class java/lang/ref/Finalizer$2 done
Event: 516.246 Loading class java/lang/ref/Finalizer$1
Event: 516.246 Loading class java/lang/ref/Finalizer$1 done
Event: 521.158 Loading class java/time/DurationEditor
Event: 521.158 Loading class java/time/DurationEditor done

Classes unloaded (20 events):
Event: 526.283 Thread 0x0000027489bc0fd0 Unloading class 0x000002748cc4c800 'java/lang/invoke/LambdaForm$MH+0x000002748cc4c800'
Event: 526.283 Thread 0x0000027489bc0fd0 Unloading class 0x000002748cc54000 'java/lang/invoke/LambdaForm$MH+0x000002748cc54000'
Event: 526.283 Thread 0x0000027489bc0fd0 Unloading class 0x000002748cc55000 'java/lang/invoke/LambdaForm$MH+0x000002748cc55000'
Event: 526.283 Thread 0x0000027489bc0fd0 Unloading class 0x000002748ccef800 'java/lang/invoke/LambdaForm$MH+0x000002748ccef800'
Event: 526.283 Thread 0x0000027489bc0fd0 Unloading class 0x000002748ccf5400 'java/lang/invoke/LambdaForm$MH+0x000002748ccf5400'
Event: 526.283 Thread 0x0000027489bc0fd0 Unloading class 0x000002748ccf7000 'java/lang/invoke/LambdaForm$MH+0x000002748ccf7000'
Event: 526.283 Thread 0x0000027489bc0fd0 Unloading class 0x000002748ccf7800 'java/lang/invoke/LambdaForm$MH+0x000002748ccf7800'
Event: 526.283 Thread 0x0000027489bc0fd0 Unloading class 0x000002748ccf8c00 'java/lang/invoke/LambdaForm$BMH+0x000002748ccf8c00'
Event: 526.283 Thread 0x0000027489bc0fd0 Unloading class 0x000002748ccf9400 'java/lang/invoke/LambdaForm$DMH+0x000002748ccf9400'
Event: 526.283 Thread 0x0000027489bc0fd0 Unloading class 0x000002748ccfbc00 'java/lang/invoke/LambdaForm$DMH+0x000002748ccfbc00'
Event: 526.283 Thread 0x0000027489bc0fd0 Unloading class 0x000002748cd08400 'java/lang/invoke/LambdaForm$MH+0x000002748cd08400'
Event: 526.283 Thread 0x0000027489bc0fd0 Unloading class 0x000002748cd08800 'java/lang/invoke/LambdaForm$MH+0x000002748cd08800'
Event: 526.283 Thread 0x0000027489bc0fd0 Unloading class 0x000002748cd10800 'java/lang/invoke/LambdaForm$MH+0x000002748cd10800'
Event: 526.283 Thread 0x0000027489bc0fd0 Unloading class 0x000002748cd11000 'java/lang/invoke/LambdaForm$MH+0x000002748cd11000'
Event: 526.283 Thread 0x0000027489bc0fd0 Unloading class 0x000002748cd1c400 'java/lang/invoke/LambdaForm$MH+0x000002748cd1c400'
Event: 526.283 Thread 0x0000027489bc0fd0 Unloading class 0x000002748cd3c800 'java/lang/invoke/LambdaForm$MH+0x000002748cd3c800'
Event: 526.283 Thread 0x0000027489bc0fd0 Unloading class 0x000002748cd41800 'java/lang/invoke/LambdaForm$MH+0x000002748cd41800'
Event: 526.283 Thread 0x0000027489bc0fd0 Unloading class 0x000002748cd42400 'java/lang/invoke/LambdaForm$MH+0x000002748cd42400'
Event: 526.283 Thread 0x0000027489bc0fd0 Unloading class 0x000002748cdf4800 'java/lang/invoke/LambdaForm$MH+0x000002748cdf4800'
Event: 526.283 Thread 0x0000027489bc0fd0 Unloading class 0x000002748cd62400 'java/lang/invoke/LambdaForm$MH+0x000002748cd62400'

Classes redefined (0 events):
No events

Internal exceptions (20 events):
Event: 520.882 Thread 0x00000274d3d732b0 Exception <a 'java/lang/ArrayIndexOutOfBoundsException'{0x000000070adf7b10}: Index 11 out of bounds for length 11> (0x000000070adf7b10) 
thrown [s\open\src\hotspot\share\interpreter\interpreterRuntime.cpp, line 422]
Event: 520.887 Thread 0x00000274d3d732b0 Exception <a 'java/lang/ArrayIndexOutOfBoundsException'{0x000000070aa36390}> (0x000000070aa36390) 
thrown [s\open\src\hotspot\share\runtime\sharedRuntime.cpp, line 627]
Event: 520.887 Thread 0x00000274d3d732b0 Exception <a 'java/lang/ArrayIndexOutOfBoundsException'{0x000000070aa36968}> (0x000000070aa36968) 
thrown [s\open\src\hotspot\share\runtime\sharedRuntime.cpp, line 627]
Event: 520.888 Thread 0x00000274d3d732b0 Exception <a 'java/lang/ArrayIndexOutOfBoundsException'{0x000000070aa3f4a8}> (0x000000070aa3f4a8) 
thrown [s\open\src\hotspot\share\runtime\sharedRuntime.cpp, line 627]
Event: 520.888 Thread 0x00000274d3d732b0 Exception <a 'java/lang/ArrayIndexOutOfBoundsException'{0x000000070aa3fd30}> (0x000000070aa3fd30) 
thrown [s\open\src\hotspot\share\runtime\sharedRuntime.cpp, line 627]
Event: 520.892 Thread 0x00000274d3d732b0 Exception <a 'java/lang/ArrayIndexOutOfBoundsException'{0x000000070aa7ce30}> (0x000000070aa7ce30) 
thrown [s\open\src\hotspot\share\runtime\sharedRuntime.cpp, line 627]
Event: 520.892 Thread 0x00000274d3d732b0 Exception <a 'java/lang/ArrayIndexOutOfBoundsException'{0x000000070aa7d408}> (0x000000070aa7d408) 
thrown [s\open\src\hotspot\share\runtime\sharedRuntime.cpp, line 627]
Event: 520.893 Thread 0x00000274d3d732b0 Exception <a 'java/lang/ArrayIndexOutOfBoundsException'{0x000000070aa87080}> (0x000000070aa87080) 
thrown [s\open\src\hotspot\share\runtime\sharedRuntime.cpp, line 627]
Event: 520.893 Thread 0x00000274d3d732b0 Exception <a 'java/lang/ArrayIndexOutOfBoundsException'{0x000000070aa87908}> (0x000000070aa87908) 
thrown [s\open\src\hotspot\share\runtime\sharedRuntime.cpp, line 627]
Event: 520.896 Thread 0x00000274d3d732b0 Exception <a 'java/lang/ArrayIndexOutOfBoundsException'{0x000000070aac3ff8}> (0x000000070aac3ff8) 
thrown [s\open\src\hotspot\share\runtime\sharedRuntime.cpp, line 627]
Event: 520.896 Thread 0x00000274d3d732b0 Exception <a 'java/lang/ArrayIndexOutOfBoundsException'{0x000000070aac45d0}> (0x000000070aac45d0) 
thrown [s\open\src\hotspot\share\runtime\sharedRuntime.cpp, line 627]
Event: 520.897 Thread 0x00000274d3d732b0 Exception <a 'java/lang/ArrayIndexOutOfBoundsException'{0x000000070aacd840}> (0x000000070aacd840) 
thrown [s\open\src\hotspot\share\runtime\sharedRuntime.cpp, line 627]
Event: 520.897 Thread 0x00000274d3d732b0 Exception <a 'java/lang/ArrayIndexOutOfBoundsException'{0x000000070aace0c8}> (0x000000070aace0c8) 
thrown [s\open\src\hotspot\share\runtime\sharedRuntime.cpp, line 627]
Event: 521.837 Thread 0x00000274d3d732b0 Exception <a 'sun/nio/fs/WindowsException'{0x000000070b076930}> (0x000000070b076930) 
thrown [s\open\src\hotspot\share\prims\jni.cpp, line 520]
Event: 521.838 Thread 0x00000274d3d732b0 Exception <a 'sun/nio/fs/WindowsException'{0x000000070b077080}> (0x000000070b077080) 
thrown [s\open\src\hotspot\share\prims\jni.cpp, line 520]
Event: 523.765 Thread 0x00000274d3d732b0 Exception <a 'java/lang/NoSuchMethodError'{0x000000070b07a718}: 'int java.lang.invoke.DirectMethodHandle$Holder.invokeVirtual(java.lang.Object, java.lang.Object, java.lang.Object, java.lang.Object)'> (0x000000070b07a718) 
thrown [s\open\src\hotspot\share\interpreter\linkResolver.cpp, line 796]
Event: 523.766 Thread 0x00000274d3d732b0 Exception <a 'java/lang/NoSuchMethodError'{0x000000070b07dd18}: 'int java.lang.invoke.DelegatingMethodHandle$Holder.reinvoke_L(java.lang.Object, java.lang.Object, java.lang.Object, java.lang.Object)'> (0x000000070b07dd18) 
thrown [s\open\src\hotspot\share\interpreter\linkResolver.cpp, line 796]
Event: 523.873 Thread 0x00000274d3d732b0 Exception <a 'java/io/FileNotFoundException'{0x000000070b10a078}> (0x000000070b10a078) 
thrown [s\open\src\hotspot\share\prims\jni.cpp, line 520]
Event: 524.925 Thread 0x00000274d3d732b0 Exception <a 'java/lang/NoSuchMethodError'{0x00000007092a1bb8}: 'void java.lang.invoke.DelegatingMethodHandle$Holder.reinvoke_L(java.lang.Object, java.lang.Object, int, java.lang.Object)'> (0x00000007092a1bb8) 
thrown [s\open\src\hotspot\share\interpreter\linkResolver.cpp, line 796]
Event: 525.153 Thread 0x00000274d3d732b0 Exception <a 'java/io/FileNotFoundException'{0x0000000711f1e980}> (0x0000000711f1e980) 
thrown [s\open\src\hotspot\share\prims\jni.cpp, line 520]

VM Operations (20 events):
Event: 528.100 Executing VM operation: G1CollectForAllocation (G1 Evacuation Pause) done
Event: 528.920 Executing VM operation: G1CollectForAllocation (G1 Evacuation Pause)
Event: 528.929 Executing VM operation: G1CollectForAllocation (G1 Evacuation Pause) done
Event: 529.095 Executing VM operation: G1PauseRemark
Event: 529.102 Executing VM operation: G1PauseRemark done
Event: 529.133 Executing VM operation: G1PauseCleanup
Event: 529.133 Executing VM operation: G1PauseCleanup done
Event: 530.790 Executing VM operation: G1CollectForAllocation (G1 Evacuation Pause)
Event: 530.801 Executing VM operation: G1CollectForAllocation (G1 Evacuation Pause) done
Event: 531.636 Executing VM operation: G1CollectForAllocation (G1 Evacuation Pause)
Event: 531.648 Executing VM operation: G1CollectForAllocation (G1 Evacuation Pause) done
Event: 532.972 Executing VM operation: G1CollectForAllocation (G1 Evacuation Pause)
Event: 532.981 Executing VM operation: G1CollectForAllocation (G1 Evacuation Pause) done
Event: 533.154 Executing VM operation: G1PauseRemark
Event: 533.160 Executing VM operation: G1PauseRemark done
Event: 533.193 Executing VM operation: G1PauseCleanup
Event: 533.193 Executing VM operation: G1PauseCleanup done
Event: 533.726 Executing VM operation: G1CollectForAllocation (G1 Evacuation Pause)
Event: 533.738 Executing VM operation: G1CollectForAllocation (G1 Evacuation Pause) done
Event: 536.058 Executing VM operation: G1CollectForAllocation (G1 Evacuation Pause)

Memory protections (0 events):
No events

Nmethod flushes (20 events):
Event: 529.101 Thread 0x0000027489bc0fd0 flushing  nmethod 0x00000274808ef988
Event: 529.101 Thread 0x0000027489bc0fd0 flushing  nmethod 0x0000027480923608
Event: 529.101 Thread 0x0000027489bc0fd0 flushing  nmethod 0x0000027480923908
Event: 529.101 Thread 0x0000027489bc0fd0 flushing  nmethod 0x0000027480923f08
Event: 529.101 Thread 0x0000027489bc0fd0 flushing  nmethod 0x0000027480924508
Event: 529.101 Thread 0x0000027489bc0fd0 flushing  nmethod 0x0000027480924908
Event: 529.101 Thread 0x0000027489bc0fd0 flushing  nmethod 0x0000027480927408
Event: 529.101 Thread 0x0000027489bc0fd0 flushing  nmethod 0x000002748097cc08
Event: 529.101 Thread 0x0000027489bc0fd0 flushing  nmethod 0x000002748097cf88
Event: 529.101 Thread 0x0000027489bc0fd0 flushing  nmethod 0x000002748097e988
Event: 529.101 Thread 0x0000027489bc0fd0 flushing  nmethod 0x0000027480995408
Event: 529.101 Thread 0x0000027489bc0fd0 flushing  nmethod 0x0000027480996088
Event: 529.101 Thread 0x0000027489bc0fd0 flushing  nmethod 0x0000027480998588
Event: 529.101 Thread 0x0000027489bc0fd0 flushing  nmethod 0x0000027480998c08
Event: 529.101 Thread 0x0000027489bc0fd0 flushing  nmethod 0x0000027480999588
Event: 529.101 Thread 0x0000027489bc0fd0 flushing  nmethod 0x00000274809cab88
Event: 529.101 Thread 0x0000027489bc0fd0 flushing  nmethod 0x00000274809eda88
Event: 529.101 Thread 0x0000027489bc0fd0 flushing  nmethod 0x00000274809edf88
Event: 529.101 Thread 0x0000027489bc0fd0 flushing  nmethod 0x0000027480b39a08
Event: 529.101 Thread 0x0000027489bc0fd0 flushing  nmethod 0x0000027480b3bc08

Events (20 events):
Event: 517.457 Thread 0x00000274d3d732b0 Thread added: 0x00000274d3d71870
Event: 518.596 Thread 0x00000274d3d732b0 Thread added: 0x00000274d3d73940
Event: 518.625 Thread 0x00000274d3d73940 Thread exited: 0x00000274d3d73940
Event: 522.424 Thread 0x00000274d2ae0220 Thread exited: 0x00000274d2ae0220
Event: 522.424 Thread 0x00000274d3d71870 Thread exited: 0x00000274d3d71870
Event: 524.105 Thread 0x000002748a257830 Thread added: 0x00000274d2ae0220
Event: 524.954 Thread 0x000002748a257830 Thread added: 0x00000274d42617f0
Event: 525.157 Thread 0x00000274d3d732b0 Thread added: 0x00000274d3d704c0
Event: 525.157 Thread 0x00000274d3d732b0 Thread added: 0x00000274d3d71f00
Event: 525.158 Thread 0x00000274d3d732b0 Thread added: 0x00000274d3d70b50
Event: 525.774 Thread 0x00000274d3d732b0 Thread added: 0x00000274d3d71870
Event: 525.883 Thread 0x00000274d3d71870 Thread added: 0x00000274d396e780
Event: 527.084 Thread 0x00000274d42617f0 Thread exited: 0x00000274d42617f0
Event: 528.628 Thread 0x00000274d2ae0220 Thread exited: 0x00000274d2ae0220
Event: 529.074 Thread 0x00000274d3d732b0 Thread added: 0x00000274d396c020
Event: 530.941 Thread 0x00000274d3d732b0 Thread added: 0x00000274d396ee10
Event: 531.634 Thread 0x00000274d3aac8b0 Thread exited: 0x00000274d3aac8b0
Event: 531.758 Thread 0x00000274d396e780 Thread exited: 0x00000274d396e780
Event: 533.742 Thread 0x000002748a257830 Thread added: 0x00000274d39cb7a0
Event: 533.814 Thread 0x00000274d3d732b0 Thread added: 0x00000274d396fb30


Dynamic libraries:
0x00007ff689a60000 - 0x00007ff689a70000 	C:\Program Files\Java\jdk-23\bin\java.exe
0x00007ffcc6fa0000 - 0x00007ffcc7207000 	C:\WINDOWS\SYSTEM32\ntdll.dll
0x00007ffcc5f30000 - 0x00007ffcc5ff9000 	C:\WINDOWS\System32\KERNEL32.DLL
0x00007ffcc46b0000 - 0x00007ffcc4aa7000 	C:\WINDOWS\System32\KERNELBASE.dll
0x00007ffcc4240000 - 0x00007ffcc438b000 	C:\WINDOWS\System32\ucrtbase.dll
0x00007ffc965a0000 - 0x00007ffc965b7000 	C:\Program Files\Java\jdk-23\bin\jli.dll
0x00007ffc93fd0000 - 0x00007ffc93feb000 	C:\Program Files\Java\jdk-23\bin\VCRUNTIME140.dll
0x00007ffcc69f0000 - 0x00007ffcc6bb6000 	C:\WINDOWS\System32\USER32.dll
0x00007ffcc45d0000 - 0x00007ffcc45f7000 	C:\WINDOWS\System32\win32u.dll
0x00007ffc9ae90000 - 0x00007ffc9b122000 	C:\WINDOWS\WinSxS\amd64_microsoft.windows.common-controls_6595b64144ccf1df_6.0.26100.8328_none_3e08182ce334b678\COMCTL32.dll
0x00007ffcc6440000 - 0x00007ffcc646b000 	C:\WINDOWS\System32\GDI32.dll
0x00007ffcc6810000 - 0x00007ffcc68b9000 	C:\WINDOWS\System32\msvcrt.dll
0x00007ffcc4bf0000 - 0x00007ffcc4d1c000 	C:\WINDOWS\System32\gdi32full.dll
0x00007ffcc4b40000 - 0x00007ffcc4be3000 	C:\WINDOWS\System32\msvcp_win.dll
0x00007ffcc67d0000 - 0x00007ffcc6802000 	C:\WINDOWS\System32\IMM32.DLL
0x00007ffcb9ec0000 - 0x00007ffcb9ecc000 	C:\Program Files\Java\jdk-23\bin\vcruntime140_1.dll
0x00007ffc6d580000 - 0x00007ffc6d60e000 	C:\Program Files\Java\jdk-23\bin\msvcp140.dll
0x00007ffbaa970000 - 0x00007ffbab6c0000 	C:\Program Files\Java\jdk-23\bin\server\jvm.dll
0x00007ffcc5d90000 - 0x00007ffcc5e46000 	C:\WINDOWS\System32\ADVAPI32.dll
0x00007ffcc64c0000 - 0x00007ffcc6567000 	C:\WINDOWS\System32\sechost.dll
0x00007ffcc68d0000 - 0x00007ffcc69e8000 	C:\WINDOWS\System32\RPCRT4.dll
0x00007ffcc5310000 - 0x00007ffcc5390000 	C:\WINDOWS\System32\WS2_32.dll
0x00007ffcc3830000 - 0x00007ffcc388e000 	C:\WINDOWS\SYSTEM32\POWRPROF.dll
0x00007ffcb0090000 - 0x00007ffcb009b000 	C:\WINDOWS\SYSTEM32\VERSION.dll
0x00007ffcb7600000 - 0x00007ffcb7636000 	C:\WINDOWS\SYSTEM32\WINMM.dll
0x00007ffcc3810000 - 0x00007ffcc3824000 	C:\WINDOWS\SYSTEM32\UMPDC.dll
0x00007ffcc2760000 - 0x00007ffcc277b000 	C:\WINDOWS\SYSTEM32\kernel.appcore.dll
0x00007ffca55c0000 - 0x00007ffca55ca000 	C:\Program Files\Java\jdk-23\bin\jimage.dll
0x00007ffcc1640000 - 0x00007ffcc1882000 	C:\WINDOWS\SYSTEM32\DBGHELP.DLL
0x00007ffcc6030000 - 0x00007ffcc63b3000 	C:\WINDOWS\System32\combase.dll
0x00007ffcc5e50000 - 0x00007ffcc5f29000 	C:\WINDOWS\System32\OLEAUT32.dll
0x00007ffc92fa0000 - 0x00007ffc92fdb000 	C:\WINDOWS\SYSTEM32\dbgcore.DLL
0x00007ffcc4600000 - 0x00007ffcc46a8000 	C:\WINDOWS\System32\bcryptPrimitives.dll
0x00007ffc87730000 - 0x00007ffc8774e000 	C:\Program Files\Java\jdk-23\bin\java.dll
0x00007ffcc6bc0000 - 0x00007ffcc6d57000 	C:\WINDOWS\System32\ole32.dll
0x00007ffcc53b0000 - 0x00007ffcc5b1e000 	C:\WINDOWS\System32\SHELL32.dll
0x00007ffcc39d0000 - 0x00007ffcc423c000 	C:\WINDOWS\System32\windows.storage.dll
0x00007ffcc5c70000 - 0x00007ffcc5d66000 	C:\WINDOWS\System32\SHCORE.dll
0x00007ffcc4db0000 - 0x00007ffcc4e16000 	C:\WINDOWS\System32\shlwapi.dll
0x00007ffcc38f0000 - 0x00007ffcc3919000 	C:\WINDOWS\SYSTEM32\profapi.dll
0x00007ffc96540000 - 0x00007ffc96550000 	C:\Program Files\Java\jdk-23\bin\net.dll
0x00007ffcc2cd0000 - 0x00007ffcc2d3c000 	C:\WINDOWS\system32\mswsock.dll
0x00007ffc87710000 - 0x00007ffc87726000 	C:\Program Files\Java\jdk-23\bin\nio.dll
0x00007ffc876b0000 - 0x00007ffc876c7000 	C:\Program Files\Java\jdk-23\bin\zip.dll
0x00007ffc8bc50000 - 0x00007ffc8bc5a000 	C:\Program Files\Java\jdk-23\bin\management.dll
0x00007ffc88970000 - 0x00007ffc8897b000 	C:\Program Files\Java\jdk-23\bin\management_ext.dll
0x00007ffcc6f50000 - 0x00007ffcc6f58000 	C:\WINDOWS\System32\PSAPI.DLL
0x00007ffcc22e0000 - 0x00007ffcc2412000 	C:\WINDOWS\SYSTEM32\DNSAPI.dll
0x00007ffcc2200000 - 0x00007ffcc2232000 	C:\WINDOWS\SYSTEM32\IPHLPAPI.DLL
0x00007ffcc6f40000 - 0x00007ffcc6f4a000 	C:\WINDOWS\System32\NSI.dll
0x00007ffcb95a0000 - 0x00007ffcb95ab000 	C:\Windows\System32\rasadhlp.dll
0x00007ffcbda30000 - 0x00007ffcbdab6000 	C:\WINDOWS\System32\fwpuclnt.dll
0x00007ffc85bb0000 - 0x00007ffc85bb9000 	C:\Program Files\Java\jdk-23\bin\extnet.dll
0x00007ffc87700000 - 0x00007ffc8770e000 	C:\Program Files\Java\jdk-23\bin\sunmscapi.dll
0x00007ffcc4450000 - 0x00007ffcc45c8000 	C:\WINDOWS\System32\CRYPT32.dll
0x00007ffcc31d0000 - 0x00007ffcc3200000 	C:\WINDOWS\SYSTEM32\ncrypt.dll
0x00007ffcc3180000 - 0x00007ffcc31bf000 	C:\WINDOWS\SYSTEM32\NTASN1.dll
0x00007ffcc2fc0000 - 0x00007ffcc2fdb000 	C:\WINDOWS\SYSTEM32\CRYPTSP.dll
0x00007ffcc26c0000 - 0x00007ffcc26f9000 	C:\WINDOWS\system32\rsaenh.dll
0x00007ffcc2d80000 - 0x00007ffcc2db3000 	C:\WINDOWS\SYSTEM32\USERENV.dll
0x00007ffcc38c0000 - 0x00007ffcc38ea000 	C:\WINDOWS\SYSTEM32\bcrypt.dll
0x00007ffcc2fb0000 - 0x00007ffcc2fbc000 	C:\WINDOWS\SYSTEM32\CRYPTBASE.dll
0x00007ffc92640000 - 0x00007ffc92650000 	C:\Program Files\Java\jdk-23\bin\verify.dll
0x00007ffc69fd0000 - 0x00007ffc69fd8000 	C:\WINDOWS\system32\wshunix.dll

dbghelp: loaded successfully - version: 4.0.5 - missing functions: none
symbol engine: initialized successfully - sym options: 0x614 - pdb path: .;C:\Program Files\Java\jdk-23\bin;C:\WINDOWS\SYSTEM32;C:\WINDOWS\WinSxS\amd64_microsoft.windows.common-controls_6595b64144ccf1df_6.0.26100.8328_none_3e08182ce334b678;C:\Program Files\Java\jdk-23\bin\server

VM Arguments:
jvm_args: -XX:TieredStopAtLevel=1 
java_command: com.tourismgov.tourist.TouristServiceApplication
java_class_path (initial): D:\DEVELOP LIFE\FinalOneBackend\TouristService\target\classes;C:\Users\omkar\.m2\repository\ch\qos\logback\logback-classic\1.5.32\logback-classic-1.5.32.jar;C:\Users\omkar\.m2\repository\ch\qos\logback\logback-core\1.5.32\logback-core-1.5.32.jar;C:\Users\omkar\.m2\repository\org\apache\logging\log4j\log4j-to-slf4j\2.25.3\log4j-to-slf4j-2.25.3.jar;C:\Users\omkar\.m2\repository\org\apache\logging\log4j\log4j-api\2.25.3\log4j-api-2.25.3.jar;C:\Users\omkar\.m2\repository\org\slf4j\jul-to-slf4j\2.0.17\jul-to-slf4j-2.0.17.jar;C:\Users\omkar\.m2\repository\jakarta\annotation\jakarta.annotation-api\3.0.0\jakarta.annotation-api-3.0.0.jar;C:\Users\omkar\.m2\repository\org\yaml\snakeyaml\2.5\snakeyaml-2.5.jar;C:\Users\omkar\.m2\repository\org\springframework\boot\spring-boot-micrometer-metrics\4.0.5\spring-boot-micrometer-metrics-4.0.5.jar;C:\Users\omkar\.m2\repository\org\springframework\boot\spring-boot-micrometer-observation\4.0.5\spring-boot-micrometer-observation-4.0.5.jar;C:\Users\omkar\.m2\repository\org\springframework\boot\spring-boot-actuator-autoconfigure\4.0.5\spring-boot-actuator-autoconfigure-4.0.5.jar;C:\Users\omkar\.m2\repository\org\springframework\boot\spring-boot-actuator\4.0.5\spring-boot-actuator-4.0.5.jar;C:\Users\omkar\.m2\repository\org\springframework\boot\spring-boot-health\4.0.5\spring-boot-health-4.0.5.jar;C:\Users\omkar\.m2\repository\io\micrometer\micrometer-observation\1.16.4\micrometer-observation-1.16.4.jar;C:\Users\omkar\.m2\repository\io\micrometer\micrometer-commons\1.16.4\micrometer-commons-1.16.4.jar;C:\Users\omkar\.m2\repository\io\micrometer\micrometer-jakarta9\1.16.4\micrometer-jakarta9-1.16.4.jar;C:\Users\omkar\.m2\repository\com\zaxxer\HikariCP\7.0.2\HikariCP-7.0.2.jar;C:\Users\omkar\.m2\repository\org\springframework\boot\spring-boot-data-jpa\4.0.5\spring-boot-data-jpa-4.0.5.jar;C:\Users\omkar\.m2\repository\org\springframework\boot\spring-boot-data-commons\4.0.5\spring-boot-data-commons-4.0.5.jar;C:\Users\omkar\.m2\repository\org\springframework\boot\spring-boot-persistence\4.0.5\spring-boot-persistence-4.0.5.jar;C:\Users\omkar\.m2\repository\org\springframework\data\spring-data-commons\4.0.4\spring-data-commons-4.0.4.jar;C:\Users\omkar\.m2\repository\org\springframework\boot\spring-boot-hibernate\4.0.5\spring-boot-hibernate-4.0.5.jar;C:\Users\omkar\.m2\repository\org\springframework\boot\spring-boot-jpa\4.0.5\spring-boot-jpa-4.0.5.jar;C:\Users\omkar\.m2\repository\jakarta\persistence\jakarta.persistence-api\3.2.0\jakarta.persistence-api-3.2.0.jar;C:\Users\omkar\.m2\repository\org\hibernate\orm\hibernate-core\7.2.7.Final\hibernate-core-7.2.7.Final.jar;C:\Users\omkar\.m2\repository\jakarta\transaction\jakarta.transaction-api\2.0.1\jakarta.transaction-api-2.0.1.jar;C:\Users\omkar\.m2\repository\org\hibernate\models\hibernate-models\1.0.1\hibernate-models-1.0.1.jar;C:\Users\omkar\.m2\repository\org\glassfish\jaxb\jaxb-runtime\4.0.6\jaxb-runtime-4.0.6.jar;C:\Users\omkar\.m2\repository\org\glassfish\jaxb\jaxb-core\4.0.6\jaxb-core-4.0.6.jar;C:\Users\omkar\.m2\repository\org\eclipse\angus\angus-activation\2.0.3\angus-activation-2.0.3.jar;C:\Users\omkar\.m2\repository\org\glassfish\jaxb\txw2\4.0.6\txw2-4.0.6.jar;C:\Users\omkar\.m2\repository\com\sun\istack\istack-commons-runtime\4.1.2\istack-commons-runtime-4.1.2.jar;C:\Users\omkar\.m2\repository\org\springframework\spring-orm\7.0.6\spring-orm-7.0.6.jar;C:\Users\omkar\.m2\repository\org\springframework\data\spring-data-jpa\4.0.4\spring-data-jpa-4.0.4.jar;C:\Users\omkar\.m2\repository\org\springframework\spring-tx\7.0.6\spring-tx-7.0.6.jar;C:\Users\omkar\.m2\repository\org\antlr\antlr4-runtime\4.13.2\antlr4-runtime-4.13.2.jar;C:\Users\omkar\.m2\repository\org\springframework\spring-aspects\7.0.6\spring-aspects-7.0.6.jar;C:\Users\omkar\.m2\repository\org\aspectj\aspectjweaver\1.9.25.1\aspectjweaver-1.9.25.1.jar;C:\Users\omkar\.m2\repository\org\springframework\boot\spring-boot-jdbc\4.0.5\spring-boot-jdbc-4.0.5.jar;C:\Users\omkar\.m2\repository\org\springframework\boot\spring-boot-sql\4.0.5\spring-boot-sql-4.0.5.jar;C:\Users\omkar\.m2\repository\org\springframework\boot\spring-boot-transaction\4.0.5\spring-boot-transaction-4.0.5.jar;C:\Users\omkar\.m2\repository\org\springframework\spring-jdbc\7.0.6\spring-jdbc-7.0.6.jar;C:\Users\omkar\.m2\repository\org\springframework\boot\spring-boot-validation\4.0.5\spring-boot-validation-4.0.5.jar;C:\Users\omkar\.m2\repository\org\apache\tomcat\embed\tomcat-embed-el\11.0.20\tomcat-embed-el-11.0.20.jar;C:\Users\omkar\.m2\repository\org\hibernate\validator\hibernate-validator\9.0.1.Final\hibernate-validator-9.0.1.Final.jar;C:\Users\omkar\.m2\repository\jakarta\validation\jakarta.validation-api\3.1.1\jakarta.validation-api-3.1.1.jar;C:\Users\omkar\.m2\repository\org\jboss\logging\jboss-logging\3.6.3.Final\jboss-logging-3.6.3.Final.jar;C:\Users\omkar\.m2\repository\com\fasterxml\classmate\1.7.3\classmate-1.7.3.jar;C:\Users\omkar\.m2\repository\io\jsonwebtoken\jjwt-api\0.11.5\jjwt-api-0.11.5.jar;C:\Users\omkar\.m2\repository\io\jsonwebtoken\jjwt-impl\0.11.5\jjwt-impl-0.11.5.jar;C:\Users\omkar\.m2\repository\io\jsonwebtoken\jjwt-jackson\0.11.5\jjwt-jackson-0.11.5.jar;C:\Users\omkar\.m2\repository\com\fasterxml\jackson\core\jackson-databind\2.21.2\jackson-databind-2.21.2.jar;C:\Users\omkar\.m2\repository\com\fasterxml\jackson\core\jackson-annotations\2.21\jackson-annotations-2.21.jar;C:\Users\omkar\.m2\repository\com\fasterxml\jackson\core\jackson-core\2.21.2\jackson-core-2.21.2.jar;C:\Users\omkar\.m2\repository\org\springframework\boot\spring-boot-jackson\4.0.5\spring-boot-jackson-4.0.5.jar;C:\Users\omkar\.m2\repository\org\apache\tomcat\embed\tomcat-embed-core\11.0.20\tomcat-embed-core-11.0.20.jar;C:\Users\omkar\.m2\repository\org\apache\tomcat\embed\tomcat-embed-websocket\11.0.20\tomcat-embed-websocket-11.0.20.jar;C:\Users\omkar\.m2\repository\org\springframework\boot\spring-boot-tomcat\4.0.5\spring-boot-tomcat-4.0.5.jar;C:\Users\omkar\.m2\repository\org\springframework\boot\spring-boot-http-converter\4.0.5\spring-boot-http-converter-4.0.5.jar;C:\Users\omkar\.m2\repository\org\springframework\boot\spring-boot-webmvc\4.0.5\spring-boot-webmvc-4.0.5.jar;C:\Users\omkar\.m2\repository\org\springframework\boot\spring-boot-servlet\4.0.5\spring-boot-servlet-4.0.5.jar;C:\Users\omkar\.m2\repository\org\springframework\spring-webmvc\7.0.6\spring-webmvc-7.0.6.jar;C:\Users\omkar\.m2\repository\org\springframework\spring-expression\7.0.6\spring-expression-7.0.6.jar;C:\Users\omkar\.m2\repository\org\springframework\cloud\spring-cloud-starter-config\5.0.1\spring-cloud-starter-config-5.0.1.jar;C:\Users\omkar\.m2\repository\org\springframework\cloud\spring-cloud-starter\5.0.1\spring-cloud-starter-5.0.1.jar;C:\Users\omkar\.m2\repository\org\springframework\cloud\spring-cloud-context\5.0.1\spring-cloud-context-5.0.1.jar;C:\Users\omkar\.m2\repository\org\springframework\boot\spring-boot-restclient\4.0.5\spring-boot-restclient-4.0.5.jar;C:\Users\omkar\.m2\repository\org\springframework\boot\spring-boot-http-client\4.0.5\spring-boot-http-client-4.0.5.jar;C:\Users\omkar\.m2\repository\org\bouncycastle\bcprov-jdk18on\1.81\bcprov-jdk18on-1.81.jar;C:\Users\omkar\.m2\repository\org\springframework\cloud\spring-cloud-config-client\5.0.1\spring-cloud-config-client-5.0.1.jar;C:\Users\omkar\.m2\repository\org\apache\httpcomponents\client5\httpclient5\5.5.2\httpclient5-5.5.2.jar;C:\Users\omkar\.m2\repository\org\apache\httpcomponents\core5\httpcore5\5.3.6\httpcore5-5.3.6.jar;C:\Users\omkar\.m2\repository\org\apache\httpcomponents\core5\httpcore5-h2\5.3.6\httpcore5-h2-5.3.6.jar;C:\Users\omkar\.m2\repository\tools\jackson\core\jackson-databind\3.1.0\jackson-databind-3.1.0.jar;C:\Users\omkar\.m2\repository\tools\jackson\core\jackson-core\3.1.0\jackson-core-3.1.0.jar;C:\Users\omkar\.m2\repository\org\springframework\cloud\spring-cloud-starter-netflix-eureka-client\5.0.1\spring-cloud-starter-netflix-eureka-client-5.0.1.jar;C:\Users\omkar\.m2\repository\org\springframework\cloud\spring-cloud-netflix-eureka-client\5.0.1\spring-cloud-netflix-eureka-client-5.0.1.jar;C:\Users\omkar\.m2\repository\org\springframework\boot\spring-boot-jackson2\4.0.5\spring-boot-jackson2-4.0.5.jar;C:\Users\omkar\.m2\repository\com\fasterxml\jackson\datatype\jackson-datatype-jdk8\2.21.2\jackson-datatype-jdk8-2.21.2.jar;C:\Users\omkar\.m2\repository\com\fasterxml\jackson\datatype\jackson-datatype-jsr310\2.21.2\jackson-datatype-jsr310-2.21.2.jar;C:\Users\omkar\.m2\repository\com\fasterxml\jackson\module\jackson-module-parameter-names\2.21.2\jackson-module-parameter-names-2.21.2.jar;C:\Users\omkar\.m2\repository\com\netflix\eureka\eureka-client\2.0.5\eureka-client-2.0.5.jar;C:\Users\omkar\.m2\repository\com\thoughtworks\xstream\xstream\1.4.21\xstream-1.4.21.jar;C:\Users\omkar\.m2\repository\io\github\x-stream\mxparser\1.2.2\mxparser-1.2.2.jar;C:\Users\omkar\.m2\repository\xmlpull\xmlpull\1.1.3.1\xmlpull-1.1.3.1.jar;C:\Users\omkar\.m2\repository\jakarta\ws\rs\jakarta.ws.rs-api\4.0.0\jakarta.ws.rs-api-4.0.0.jar;C:\Users\omkar\.m2\repository\jakarta\inject\jakarta.inject-api\2.0.1\jakarta.inject-api-2.0.1.jar;C:\Users\omkar\.m2\repository\com\netflix\spectator\spectator-api\1.7.3\spectator-api-1.7.3.jar;C:\Users\omkar\.m2\repository\org\slf4j\slf4j-api\2.0.17\slf4j-api-2.0.17.jar;C:\Users\omkar\.m2\repository\org\apache\httpcomponents\httpclient\4.5.3\httpclient-4.5.3.jar;C:\Users\omkar\.m2\repository\org\apache\httpcomponents\httpcore\4.4.16\httpcore-4.4.16.jar;C:\Users\omkar\.m2\repository\commons-codec\commons-codec\1.19.0\commons-codec-1.19.0.jar;C:\Users\omkar\.m2\repository\commons-configuration\commons-configuration\1.10\commons-configuration-1.10.jar;C:\Users\omkar\.m2\repository\commons-lang\commons-lang\2.6\commons-lang-2.6.jar;C:\Users\omkar\.m2\repository\com\netflix\netflix-commons\netflix-eventbus\0.3.0\netflix-eventbus-0.3.0.jar;C:\Users\omkar\.m2\repository\com\netflix\netflix-commons\netflix-infix\0.3.0\netflix-infix-0.3.0.jar;C:\Users\omkar\.m2\repository\commons-jxpath\commons-jxpath\1.3\commons-jxpath-1.3.jar;C:\Users\omkar\.m2\repository\joda-time\joda-time\2.3\joda-time-2.3.jar;C:\Users\omkar\.m2\repository\org\antlr\antlr-runtime\3.4\antlr-runtime-3.4.jar;C:\Users\omkar\.m2\repository\org\antlr\stringtemplate\3.2.1\stringtemplate-3.2.1.jar;C:\Users\omkar\.m2\repository\antlr\antlr\2.7.7\antlr-2.7.7.jar;C:\Users\omkar\.m2\repository\com\google\code\gson\gson\2.13.2\gson-2.13.2.jar;C:\Users\omkar\.m2\repository\com\google\errorprone\error_prone_annotations\2.41.0\error_prone_annotations-2.41.0.jar;C:\Users\omkar\.m2\repository\com\netflix\servo\servo-core\0.5.3\servo-core-0.5.3.jar;C:\Users\omkar\.m2\repository\org\apache\commons\commons-math\2.2\commons-math-2.2.jar;C:\Users\omkar\.m2\repository\javax\annotation\javax.annotation-api\1.2\javax.annotation-api-1.2.jar;C:\Users\omkar\.m2\repository\org\codehaus\jettison\jettison\1.5.4\jettison-1.5.4.jar;C:\Users\omkar\.m2\repository\org\springframework\cloud\spring-cloud-starter-loadbalancer\5.0.1\spring-cloud-starter-loadbalancer-5.0.1.jar;C:\Users\omkar\.m2\repository\org\springframework\cloud\spring-cloud-loadbalancer\5.0.1\spring-cloud-loadbalancer-5.0.1.jar;C:\Users\omkar\.m2\repository\io\projectreactor\reactor-core\3.8.4\reactor-core-3.8.4.jar;C:\Users\omkar\.m2\repository\org\reactivestreams\reactive-streams\1.0.4\reactive-streams-1.0.4.jar;C:\Users\omkar\.m2\repository\io\projectreactor\addons\reactor-extra\3.6.0\reactor-extra-3.6.0.jar;C:\Users\omkar\.m2\repository\org\springframework\boot\spring-boot-cache\4.0.5\spring-boot-cache-4.0.5.jar;C:\Users\omkar\.m2\repository\org\springframework\spring-context-support\7.0.6\spring-context-support-7.0.6.jar;C:\Users\omkar\.m2\repository\com\stoyanr\evictor\1.0.0\evictor-1.0.0.jar;C:\Users\omkar\.m2\repository\org\springframework\boot\spring-boot-devtools\4.0.5\spring-boot-devtools-4.0.5.jar;C:\Users\omkar\.m2\repository\org\springframework\boot\spring-boot\4.0.5\spring-boot-4.0.5.jar;C:\Users\omkar\.m2\repository\org\springframework\spring-context\7.0.6\spring-context-7.0.6.jar;C:\Users\omkar\.m2\repository\org\springframework\boot\spring-boot-autoconfigure\4.0.5\spring-boot-autoconfigure-4.0.5.jar;C:\Users\omkar\.m2\repository\com\mysql\mysql-connector-j\9.6.0\mysql-connector-j-9.6.0.jar;C:\Users\omkar\.m2\repository\io\micrometer\micrometer-registry-prometheus\1.16.4\micrometer-registry-prometheus-1.16.4.jar;C:\Users\omkar\.m2\repository\org\jspecify\jspecify\1.0.0\jspecify-1.0.0.jar;C:\Users\omkar\.m2\repository\io\micrometer\micrometer-core\1.16.4\micrometer-core-1.16.4.jar;C:\Users\omkar\.m2\repository\org\hdrhistogram\HdrHistogram\2.2.2\HdrHistogram-2.2.2.jar;C:\Users\omkar\.m2\repository\org\latencyutils\LatencyUtils\2.0.3\LatencyUtils-2.0.3.jar;C:\Users\omkar\.m2\repository\io\prometheus\prometheus-metrics-core\1.4.3\prometheus-metrics-core-1.4.3.jar;C:\Users\omkar\.m2\repository\io\prometheus\prometheus-metrics-model\1.4.3\prometheus-metrics-model-1.4.3.jar;C:\Users\omkar\.m2\repository\io\prometheus\prometheus-metrics-config\1.4.3\prometheus-metrics-config-1.4.3.jar;C:\Users\omkar\.m2\repository\io\prometheus\prometheus-metrics-tracer-common\1.4.3\prometheus-metrics-tracer-common-1.4.3.jar;C:\Users\omkar\.m2\repository\io\prometheus\prometheus-metrics-exposition-formats\1.4.3\prometheus-metrics-exposition-formats-1.4.3.jar;C:\Users\omkar\.m2\repository\io\prometheus\prometheus-metrics-exposition-textformats\1.4.3\prometheus-metrics-exposition-textformats-1.4.3.jar;C:\Users\omkar\.m2\repository\org\springframework\security\spring-security-core\7.0.4\spring-security-core-7.0.4.jar;C:\Users\omkar\.m2\repository\org\springframework\boot\spring-boot-web-server\4.0.5\spring-boot-web-server-4.0.5.jar;C:\Users\omkar\.m2\repository\org\springframework\cloud\spring-cloud-starter-openfeign\5.0.1\spring-cloud-starter-openfeign-5.0.1.jar;C:\Users\omkar\.m2\repository\org\springframework\cloud\spring-cloud-openfeign-core\5.0.1\spring-cloud-openfeign-core-5.0.1.jar;C:\Users\omkar\.m2\repository\io\github\openfeign\feign-form-spring\13.6\feign-form-spring-13.6.jar;C:\Users\omkar\.m2\repository\org\apache\commons\commons-text\1.13.0\commons-text-1.13.0.jar;C:\Users\omkar\.m2\repository\org\apache\commons\commons-lang3\3.19.0\commons-lang3-3.19.0.jar;C:\Users\omkar\.m2\repository\io\github\openfeign\feign-form\13.6\feign-form-13.6.jar;C:\Users\omkar\.m2\repository\commons-fileupload\commons-fileupload\1.5\commons-fileupload-1.5.jar;C:\Users\omkar\.m2\repository\org\springframework\spring-web\7.0.6\spring-web-7.0.6.jar;C:\Users\omkar\.m2\repository\org\springframework\spring-beans\7.0.6\spring-beans-7.0.6.jar;C:\Users\omkar\.m2\repository\org\springframework\cloud\spring-cloud-commons\5.0.1\spring-cloud-commons-5.0.1.jar;C:\Users\omkar\.m2\repository\org\springframework\security\spring-security-crypto\7.0.4\spring-security-crypto-7.0.4.jar;C:\Users\omkar\.m2\repository\io\github\openfeign\feign-core\13.6\feign-core-13.6.jar;C:\Users\omkar\.m2\repository\io\github\openfeign\feign-slf4j\13.6\feign-slf4j-13.6.jar;C:\Users\omkar\.m2\repository\jakarta\xml\bind\jakarta.xml.bind-api\4.0.4\jakarta.xml.bind-api-4.0.4.jar;C:\Users\omkar\.m2\repository\jakarta\activation\jakarta.activation-api\2.1.4\jakarta.activation-api-2.1.4.jar;C:\Users\omkar\.m2\repository\net\bytebuddy\byte-buddy\1.17.8\byte-buddy-1.17.8.jar;C:\Users\omkar\.m2\repository\org\springframework\spring-core\7.0.6\spring-core-7.0.6.jar;C:\Users\omkar\.m2\repository\commons-logging\commons-logging\1.3.6\commons-logging-1.3.6.jar;C:\Users\omkar\.m2\repository\org\springframework\boot\spring-boot-security\4.0.5\spring-boot-security-4.0.5.jar;C:\Users\omkar\.m2\repository\org\springframework\security\spring-security-config\7.0.4\spring-security-config-7.0.4.jar;C:\Users\omkar\.m2\repository\org\springframework\security\spring-security-web\7.0.4\spring-security-web-7.0.4.jar;C:\Users\omkar\.m2\repository\org\springframework\spring-aop\7.0.6\spring-aop-7.0.6.jar;C:\Users\omkar\.m2\repository\org\springframework\cloud\spring-cloud-starter-circuitbreaker-resilience4j\5.0.1\spring-cloud-starter-circuitbreaker-resilience4j-5.0.1.jar;C:\Users\omkar\.m2\repository\org\springframework\cloud\spring-cloud-circuitbreaker-resilience4j\5.0.1\spring-cloud-circuitbreaker-resilience4j-5.0.1.jar;C:\Users\omkar\.m2\repository\io\github\resilience4j\resilience4j-spring-boot3\2.3.0\resilience4j-spring-boot3-2.3.0.jar;C:\Users\omkar\.m2\repository\io\github\resilience4j\resilience4j-spring6\2.3.0\resilience4j-spring6-2.3.0.jar;C:\Users\omkar\.m2\repository\io\github\resilience4j\resilience4j-annotations\2.3.0\resilience4j-annotations-2.3.0.jar;C:\Users\omkar\.m2\repository\io\github\resilience4j\resilience4j-consumer\2.3.0\resilience4j-consumer-2.3.0.jar;C:\Users\omkar\.m2\repository\io\github\resilience4j\resilience4j-circularbuffer\2.3.0\resilience4j-circularbuffer-2.3.0.jar;C:\Users\omkar\.m2\repository\io\github\resilience4j\resilience4j-framework-common\2.3.0\resilience4j-framework-common-2.3.0.jar;C:\Users\omkar\.m2\repository\io\github\resilience4j\resilience4j-micrometer\2.3.0\resilience4j-micrometer-2.3.0.jar;C:\Users\omkar\.m2\repository\io\github\resilience4j\resilience4j-retry\2.3.0\resilience4j-retry-2.3.0.jar;C:\Users\omkar\.m2\repository\io\github\resilience4j\resilience4j-ratelimiter\2.3.0\resilience4j-ratelimiter-2.3.0.jar;C:\Users\omkar\.m2\repository\io\github\resilience4j\resilience4j-circuitbreaker\2.3.0\resilience4j-circuitbreaker-2.3.0.jar;C:\Users\omkar\.m2\repository\io\github\resilience4j\resilience4j-core\2.3.0\resilience4j-core-2.3.0.jar;C:\Users\omkar\.m2\repository\org\jetbrains\kotlin\kotlin-stdlib-jdk8\2.2.21\kotlin-stdlib-jdk8-2.2.21.jar;C:\Users\omkar\.m2\repository\org\jetbrains\kotlin\kotlin-stdlib\2.2.21\kotlin-stdlib-2.2.21.jar;C:\Users\omkar\.m2\repository\org\jetbrains\annotations\13.0\annotations-13.0.jar;C:\Users\omkar\.m2\repository\org\jetbrains\kotlin\kotlin-stdlib-jdk7\2.2.21\kotlin-stdlib-jdk7-2.2.21.jar;C:\Users\omkar\.m2\repository\io\github\resilience4j\resilience4j-timelimiter\2.3.0\resilience4j-timelimiter-2.3.0.jar
Launcher Type: SUN_STANDARD

[Global flags]
     intx CICompilerCount                          = 12                                        {product} {ergonomic}
     uint ConcGCThreads                            = 3                                         {product} {ergonomic}
     uint G1ConcRefinementThreads                  = 13                                        {product} {ergonomic}
   size_t G1HeapRegionSize                         = 2097152                                   {product} {ergonomic}
   size_t InitialHeapSize                          = 264241152                                 {product} {ergonomic}
   size_t MarkStackSize                            = 4194304                                   {product} {ergonomic}
   size_t MarkStackSizeMax                         = 536870912                                 {product} {ergonomic}
   size_t MaxHeapSize                              = 4213178368                                {product} {ergonomic}
   size_t MaxNewSize                               = 2527068160                                {product} {ergonomic}
   size_t MinHeapDeltaBytes                        = 2097152                                   {product} {ergonomic}
   size_t MinHeapSize                              = 8388608                                   {product} {ergonomic}
    uintx NonNMethodCodeHeapSize                   = 4096                                   {pd product} {ergonomic}
    uintx NonProfiledCodeHeapSize                  = 0                                      {pd product} {ergonomic}
     bool ProfileInterpreter                       = false                                  {pd product} {command line}
    uintx ProfiledCodeHeapSize                     = 0                                      {pd product} {ergonomic}
   size_t SoftMaxHeapSize                          = 4213178368                             {manageable} {ergonomic}
     intx TieredStopAtLevel                        = 1                                         {product} {command line}
     bool UseCompressedOops                        = true                           {product lp64_product} {ergonomic}
     bool UseG1GC                                  = true                                      {product} {ergonomic}
     bool UseLargePagesIndividualAllocation        = false                                  {pd product} {ergonomic}

Logging:
Log output configuration:
 #0: stdout all=warning uptime,level,tags foldmultilines=false
 #1: stderr all=off uptime,level,tags foldmultilines=false

Environment Variables:
PATH=C:\Program Files\Python313\Scripts\;C:\Program Files\Python313\;C:\Program Files\Common Files\Oracle\Java\javapath;C:\WINDOWS\system32;C:\WINDOWS;C:\WINDOWS\System32\Wbem;C:\WINDOWS\System32\WindowsPowerShell\v1.0\;C:\WINDOWS\System32\OpenSSH\;C:\Program Files\Java\jdk-23\bin;C:\Program Files\MySQL\MySQL Server 8.0\bin;C:\ffmpeg\bin;C:\ProgramData\chocolatey\bin;C:\Program Files\dotnet\;C:\Program Files\nodejs\;C:\Program Files\MongoDB\Tools\100\bin;C:\FasterDownload;C:\Program Files\Git\cmd;C:\Program Files\MySQL\MySQL Shell 8.0\bin\;C:\Users\omkar\AppData\Local\Microsoft\WindowsApps;C:\Users\omkar\AppData\Local\Programs\Microsoft VS Code\bin;C:\Users\omkar\AppData\Roaming\npm;C:\Users\omkar\AppData\Local\Microsoft\WinGet\Packages\Gyan.FFmpeg_Microsoft.Winget.Source_8wekyb3d8bbwe\ffmpeg-7.1.1-full_build\bin;C:\Users\omkar\AppData\Local\Microsoft\WinGet\Packages\yt-dlp.yt-dlp_Microsoft.Winget.Source_8wekyb3d8bbwe;C:\mongosh\;C:\Users\omkar\AppData\Roaming\Python\Python313\Scripts;C:\Users\omkar\AppData\Local\Programs\Antigravity\bin
USERNAME=omkar
OS=Windows_NT
PROCESSOR_IDENTIFIER=Intel64 Family 6 Model 186 Stepping 2, GenuineIntel
TMP=C:\Users\omkar\AppData\Local\Temp
TEMP=C:\Users\omkar\AppData\Local\Temp




Periodic native trim disabled

---------------  S Y S T E M  ---------------

OS:
 Windows 11 , 64 bit Build 26100 (10.0.26100.8328)
OS uptime: 3 days 7:12 hours
Hyper-V role detected

CPU: total 16 (initial active 16) (8 cores per cpu, 2 threads per core) family 6 model 186 stepping 2 microcode 0x410e, cx8, cmov, fxsr, ht, mmx, 3dnowpref, sse, sse2, sse3, ssse3, sse4.1, sse4.2, popcnt, lzcnt, tsc, tscinvbit, avx, avx2, aes, erms, clmul, bmi1, bmi2, adx, sha, fma, vzeroupper, clflush, clflushopt, clwb, hv, serialize, rdtscp, rdpid, fsrm, gfni, f16c, cet_ibt, cet_ss
Processor Information for processor 0
  Max Mhz: 2600, Current Mhz: 1496, Mhz Limit: 2600
Processor Information for processor 1
  Max Mhz: 2600, Current Mhz: 1496, Mhz Limit: 2600
Processor Information for processor 2
  Max Mhz: 2600, Current Mhz: 1496, Mhz Limit: 2600
Processor Information for processor 3
  Max Mhz: 2600, Current Mhz: 1496, Mhz Limit: 2600
Processor Information for processor 4
  Max Mhz: 2600, Current Mhz: 1496, Mhz Limit: 2600
Processor Information for processor 5
  Max Mhz: 2600, Current Mhz: 1496, Mhz Limit: 2600
Processor Information for processor 6
  Max Mhz: 2600, Current Mhz: 1496, Mhz Limit: 2600
Processor Information for processor 7
  Max Mhz: 2600, Current Mhz: 1496, Mhz Limit: 2600
Processor Information for processor 8
  Max Mhz: 2600, Current Mhz: 1500, Mhz Limit: 1898
Processor Information for processor 9
  Max Mhz: 2600, Current Mhz: 1500, Mhz Limit: 1898
Processor Information for processor 10
  Max Mhz: 2600, Current Mhz: 1500, Mhz Limit: 1898
Processor Information for processor 11
  Max Mhz: 2600, Current Mhz: 1500, Mhz Limit: 1898
Processor Information for processor 12
  Max Mhz: 2600, Current Mhz: 1500, Mhz Limit: 1898
Processor Information for processor 13
  Max Mhz: 2600, Current Mhz: 1500, Mhz Limit: 1898
Processor Information for processor 14
  Max Mhz: 2600, Current Mhz: 1500, Mhz Limit: 1898
Processor Information for processor 15
  Max Mhz: 2600, Current Mhz: 1500, Mhz Limit: 1898

Memory: 4k page, system-wide physical 16071M (1257M free)
TotalPageFile size 34821M (AvailPageFile size 95M)
current process WorkingSet (physical memory assigned to process): 304M, peak: 314M
current process commit charge ("private bytes"): 376M, peak: 398M

vm_info: Java HotSpot(TM) 64-Bit Server VM (23.0.2+7-58) for windows-amd64 JRE (23.0.2+7-58), built on 2024-11-29T09:34:55Z with MS VC++ 17.6 (VS2022)

END.
