#
# There is insufficient memory for the Java Runtime Environment to continue.
# Native memory allocation (malloc) failed to allocate 2098992 bytes. Error detail: Chunk::new
# Possible reasons:
#   The system is out of physical RAM or swap space
#   This process is running with CompressedOops enabled, and the Java Heap may be blocking the growth of the native heap
# Possible solutions:
#   Reduce memory load on the system
#   Increase physical memory or swap space
#   Check if swap backing store is full
#   Decrease Java heap size (-Xmx/-Xms)
#   Decrease number of Java threads
#   Decrease Java thread stack sizes (-Xss)
#   Set larger code cache with -XX:ReservedCodeCacheSize=
#   JVM is running with Zero Based Compressed Oops mode in which the Java heap is
#     placed in the first 32GB address space. The Java Heap base address is the
#     maximum limit for the native heap growth. Please use -XX:HeapBaseMinAddress
#     to set the Java Heap base and to place the Java Heap above 32GB virtual address.
# This output file may be truncated or incomplete.
#
#  Out of Memory Error (arena.cpp:149), pid=28768, tid=29848
#
# JRE version: Java(TM) SE Runtime Environment (23.0.2+7) (build 23.0.2+7-58)
# Java VM: Java HotSpot(TM) 64-Bit Server VM (23.0.2+7-58, mixed mode, sharing, tiered, compressed oops, compressed class ptrs, g1 gc, windows-amd64)
# No core dump will be written. Minidumps are not enabled by default on client versions of Windows
#

---------------  S U M M A R Y ------------

Command Line: --enable-native-access=ALL-UNNAMED -Dclassworlds.conf=C:\Users\omkar\.m2\wrapper\dists\apache-maven-3.9.14\ed7edd442f634ac1c1ef5ba2b61b6d690b5221091f1a8e1123f5fadcc967520d\bin\m2.conf -Dmaven.home=C:\Users\omkar\.m2\wrapper\dists\apache-maven-3.9.14\ed7edd442f634ac1c1ef5ba2b61b6d690b5221091f1a8e1123f5fadcc967520d -Dlibrary.jansi.path=C:\Users\omkar\.m2\wrapper\dists\apache-maven-3.9.14\ed7edd442f634ac1c1ef5ba2b61b6d690b5221091f1a8e1123f5fadcc967520d\lib\jansi-native -Dmaven.multiModuleProjectDirectory=D:\DEVELOP LIFE\FinalOneBackend\TouristService org.codehaus.plexus.classworlds.launcher.Launcher spring-boot:run

Host: 13th Gen Intel(R) Core(TM) i5-13500H, 16 cores, 15G,  Windows 11 , 64 bit Build 26100 (10.0.26100.8328)
Time: Fri May 15 05:39:07 2026 India Standard Time elapsed time: 26.777196 seconds (0d 0h 0m 26s)

---------------  T H R E A D  ---------------

Current thread (0x00000227aa43ddd0):  JavaThread "C2 CompilerThread2" daemon [_thread_in_native, id=29848, stack(0x000000d3ae300000,0x000000d3ae400000) (1024K)]


Current CompileTask:
C2:26777 8009       4       lombok.javac.JavacAST::buildStatementOrExpression (120 bytes)

Stack: [0x000000d3ae300000,0x000000d3ae400000]
Native frames: (J=compiled Java code, j=interpreted, Vv=VM code, C=native code)
V  [jvm.dll+0x6e0b99]  (no source info available)
V  [jvm.dll+0x87e2b3]  (no source info available)
V  [jvm.dll+0x88073e]  (no source info available)
V  [jvm.dll+0x880e13]  (no source info available)
V  [jvm.dll+0x27b006]  (no source info available)
V  [jvm.dll+0xbc06f]  (no source info available)
V  [jvm.dll+0xbc2cb]  (no source info available)
V  [jvm.dll+0x3b3c5c]  (no source info available)
V  [jvm.dll+0x38a55b]  (no source info available)
V  [jvm.dll+0x3899ca]  (no source info available)
V  [jvm.dll+0x244ba1]  (no source info available)
V  [jvm.dll+0x243eff]  (no source info available)
V  [jvm.dll+0x1c34b0]  (no source info available)
V  [jvm.dll+0x253df1]  (no source info available)
V  [jvm.dll+0x2520aa]  (no source info available)
V  [jvm.dll+0x3ee226]  (no source info available)
V  [jvm.dll+0x8254cb]  (no source info available)
V  [jvm.dll+0x6df345]  (no source info available)
C  [ucrtbase.dll+0x37b0]  (no source info available)
C  [KERNEL32.DLL+0x2e957]  (no source info available)
C  [ntdll.dll+0x427c]  (no source info available)

Lock stack of current Java thread (top to bottom):


---------------  P R O C E S S  ---------------

Threads class SMR info:
_java_thread_list=0x00000227a9100120, length=20, elements={
0x0000022741151780, 0x00000227632bed40, 0x00000227632c04c0, 0x00000227632c3c50,
0x00000227632c53d0, 0x00000227632cab70, 0x00000227632cf9a0, 0x00000227632d2f70,
0x00000227632dcbd0, 0x00000227632cdf60, 0x00000227632d0d50, 0x00000227632d06c0,
0x00000227aa43f910, 0x00000227aa43ddd0, 0x00000227aa43eb70, 0x00000227aa43a750,
0x00000227aa43ffe0, 0x00000227aa43e4a0, 0x00000227aa43f240, 0x00000227aa43d030
}

Java Threads: ( => current thread )
  0x0000022741151780 JavaThread "main"                              [_thread_in_vm, id=40052, stack(0x000000d3ac100000,0x000000d3ac200000) (1024K)]
  0x00000227632bed40 JavaThread "Reference Handler"          daemon [_thread_blocked, id=27068, stack(0x000000d3ac900000,0x000000d3aca00000) (1024K)]
  0x00000227632c04c0 JavaThread "Finalizer"                  daemon [_thread_blocked, id=23112, stack(0x000000d3aca00000,0x000000d3acb00000) (1024K)]
  0x00000227632c3c50 JavaThread "Signal Dispatcher"          daemon [_thread_blocked, id=42052, stack(0x000000d3acb00000,0x000000d3acc00000) (1024K)]
  0x00000227632c53d0 JavaThread "Attach Listener"            daemon [_thread_blocked, id=37992, stack(0x000000d3acc00000,0x000000d3acd00000) (1024K)]
  0x00000227632cab70 JavaThread "Service Thread"             daemon [_thread_blocked, id=30688, stack(0x000000d3acd00000,0x000000d3ace00000) (1024K)]
  0x00000227632cf9a0 JavaThread "Monitor Deflation Thread"   daemon [_thread_blocked, id=7880, stack(0x000000d3ace00000,0x000000d3acf00000) (1024K)]
  0x00000227632d2f70 JavaThread "C2 CompilerThread0"         daemon [_thread_in_native, id=27340, stack(0x000000d3acf00000,0x000000d3ad000000) (1024K)]
  0x00000227632dcbd0 JavaThread "C1 CompilerThread0"         daemon [_thread_in_vm, id=7600, stack(0x000000d3ad000000,0x000000d3ad100000) (1024K)]
  0x00000227632cdf60 JavaThread "Notification Thread"        daemon [_thread_blocked, id=2644, stack(0x000000d3ad300000,0x000000d3ad400000) (1024K)]
  0x00000227632d0d50 JavaThread "Common-Cleaner"             daemon [_thread_blocked, id=1352, stack(0x000000d3ad400000,0x000000d3ad500000) (1024K)]
  0x00000227632d06c0 JavaThread "Thread-1"                   daemon [_thread_blocked, id=24592, stack(0x000000d3ad700000,0x000000d3ad800000) (1024K)]
  0x00000227aa43f910 JavaThread "C2 CompilerThread1"         daemon [_thread_in_native, id=1804, stack(0x000000d3ad500000,0x000000d3ad600000) (1024K)]
=>0x00000227aa43ddd0 JavaThread "C2 CompilerThread2"         daemon [_thread_in_native, id=29848, stack(0x000000d3ae300000,0x000000d3ae400000) (1024K)]
  0x00000227aa43eb70 JavaThread "C2 CompilerThread3"         daemon [_thread_in_native, id=40528, stack(0x000000d3ae500000,0x000000d3ae600000) (1024K)]
  0x00000227aa43a750 JavaThread "C2 CompilerThread4"         daemon [_thread_in_native, id=6644, stack(0x000000d3ad100000,0x000000d3ad200000) (1024K)]
  0x00000227aa43ffe0 JavaThread "C1 CompilerThread1"         daemon [_thread_blocked, id=31852, stack(0x000000d3ad200000,0x000000d3ad300000) (1024K)]
  0x00000227aa43e4a0 JavaThread "C1 CompilerThread2"         daemon [_thread_blocked, id=24732, stack(0x000000d3ae400000,0x000000d3ae500000) (1024K)]
  0x00000227aa43f240 JavaThread "C1 CompilerThread3"         daemon [_thread_blocked, id=22948, stack(0x000000d3ae800000,0x000000d3ae900000) (1024K)]
  0x00000227aa43d030 JavaThread "C2 CompilerThread5"         daemon [_thread_in_vm, id=23196, stack(0x000000d3ae900000,0x000000d3aea00000) (1024K)]
Total: 20

Other Threads:
  0x00000227632a4a20 VMThread "VM Thread"                           [id=33440, stack(0x000000d3ac800000,0x000000d3ac900000) (1024K)]
  0x0000022763292620 WatcherThread "VM Periodic Task Thread"        [id=42540, stack(0x000000d3ac700000,0x000000d3ac800000) (1024K)]
  0x00000227417553f0 WorkerThread "GC Thread#0"                     [id=16092, stack(0x000000d3ac200000,0x000000d3ac300000) (1024K)]
  0x00000227ab23b770 WorkerThread "GC Thread#1"                     [id=41604, stack(0x000000d3ada00000,0x000000d3adb00000) (1024K)]
  0x00000227ab23bb20 WorkerThread "GC Thread#2"                     [id=39140, stack(0x000000d3adb00000,0x000000d3adc00000) (1024K)]
  0x00000227a9955f40 WorkerThread "GC Thread#3"                     [id=29536, stack(0x000000d3adc00000,0x000000d3add00000) (1024K)]
  0x00000227a99562f0 WorkerThread "GC Thread#4"                     [id=37880, stack(0x000000d3add00000,0x000000d3ade00000) (1024K)]
  0x00000227a99566a0 WorkerThread "GC Thread#5"                     [id=15040, stack(0x000000d3ade00000,0x000000d3adf00000) (1024K)]
  0x00000227aa7466e0 WorkerThread "GC Thread#6"                     [id=34508, stack(0x000000d3adf00000,0x000000d3ae000000) (1024K)]
  0x00000227a9956a50 WorkerThread "GC Thread#7"                     [id=24472, stack(0x000000d3ae000000,0x000000d3ae100000) (1024K)]
  0x00000227aa7382f0 WorkerThread "GC Thread#8"                     [id=35824, stack(0x000000d3ad600000,0x000000d3ad700000) (1024K)]
  0x00000227aa385430 WorkerThread "GC Thread#9"                     [id=39456, stack(0x000000d3ad800000,0x000000d3ad900000) (1024K)]
  0x00000227aa3862f0 WorkerThread "GC Thread#10"                    [id=34636, stack(0x000000d3ad900000,0x000000d3ada00000) (1024K)]
  0x00000227aa383a60 WorkerThread "GC Thread#11"                    [id=42044, stack(0x000000d3ae100000,0x000000d3ae200000) (1024K)]
  0x00000227aa383e10 WorkerThread "GC Thread#12"                    [id=3788, stack(0x000000d3ae200000,0x000000d3ae300000) (1024K)]
  0x0000022741769e10 ConcurrentGCThread "G1 Main Marker"            [id=18232, stack(0x000000d3ac300000,0x000000d3ac400000) (1024K)]
  0x000002274176a920 WorkerThread "G1 Conc#0"                       [id=34484, stack(0x000000d3ac400000,0x000000d3ac500000) (1024K)]
  0x00000227a968b9b0 WorkerThread "G1 Conc#1"                       [id=33308, stack(0x000000d3ae600000,0x000000d3ae700000) (1024K)]
  0x00000227a968cc20 WorkerThread "G1 Conc#2"                       [id=26672, stack(0x000000d3ae700000,0x000000d3ae800000) (1024K)]
  0x000002276315f970 ConcurrentGCThread "G1 Refine#0"               [id=31468, stack(0x000000d3ac500000,0x000000d3ac600000) (1024K)]
  0x00000227631613a0 ConcurrentGCThread "G1 Service"                [id=28852, stack(0x000000d3ac600000,0x000000d3ac700000) (1024K)]
Total: 21

Threads with active compile tasks:
C2 CompilerThread0  26962 7994       4       lombok.core.AST::buildWithField (21 bytes)
C2 CompilerThread1  26962 8007   !   4       lombok.core.AST::buildWithField0 (121 bytes)
C2 CompilerThread2  26962 8009       4       lombok.javac.JavacAST::buildStatementOrExpression (120 bytes)
C2 CompilerThread3  26963 8016   !   4       lombok.javac.JavacAST::drill (146 bytes)
C2 CompilerThread4  26963 8018       4       lombok.javac.JavacAST::buildTree (176 bytes)
C2 CompilerThread5  26963 8149       4       com.sun.tools.javac.util.Convert::escapeUnicode (173 bytes)
Total: 6

VM state: not at safepoint (normal execution)

VM Mutex/Monitor currently owned by a thread: None

Heap address: 0x0000000704e00000, size: 4018 MB, Compressed Oops mode: Zero based, Oop shift amount: 3

CDS archive(s) mapped at: [0x0000022764000000-0x0000022764d70000-0x0000022764d70000), size 14090240, SharedBaseAddress: 0x0000022764000000, ArchiveRelocationMode: 1.
Compressed class space mapped at: 0x0000022765000000-0x00000227a5000000, reserved size: 1073741824
Narrow klass base: 0x0000022764000000, Narrow klass shift: 0, Narrow klass range: 0x41000000

GC Precious Log:
 CardTable entry size: 512
 Card Set container configuration: InlinePtr #cards 4 size 8 Array Of Cards #cards 16 size 48 Howl #buckets 8 coarsen threshold 3686 Howl Bitmap #cards 512 size 80 coarsen threshold 460 Card regions per heap region 1 cards per card region 4096
 CPUs: 16 total, 16 available
 Memory: 16071M
 Large Page Support: Disabled
 NUMA Support: Disabled
 Compressed Oops: Enabled (Zero based)
 Heap Region Size: 2M
 Heap Min Capacity: 8M
 Heap Initial Capacity: 252M
 Heap Max Capacity: 4018M
 Pre-touch: Disabled
 Parallel Workers: 13
 Concurrent Workers: 3
 Concurrent Refinement Workers: 13
 Periodic GC: Disabled

Heap:
 garbage-first heap   total reserved 4114432K, committed 133120K, used 50651K [0x0000000704e00000, 0x0000000800000000)
  region size 2048K, 3 young (6144K), 2 survivors (4096K)
 Metaspace       used 29975K, committed 30528K, reserved 1114112K
  class space    used 3482K, committed 3712K, reserved 1048576K

Heap Regions: E=young(eden), S=young(survivor), O=old, HS=humongous(starts), HC=humongous(continues), CS=collection set, F=free, TAMS=top-at-mark-start, PB=parsable bottom
|   0|0x0000000704e00000, 0x0000000705000000, 0x0000000705000000|100%| O|  |TAMS 0x0000000704e00000| PB 0x0000000704e00000| Untracked |  0
|   1|0x0000000705000000, 0x0000000705200000, 0x0000000705200000|100%| O|  |TAMS 0x0000000705000000| PB 0x0000000705000000| Untracked |  0
|   2|0x0000000705200000, 0x0000000705400000, 0x0000000705400000|100%| O|  |TAMS 0x0000000705200000| PB 0x0000000705200000| Untracked |  0
|   3|0x0000000705400000, 0x0000000705600000, 0x0000000705600000|100%| O|  |TAMS 0x0000000705400000| PB 0x0000000705400000| Untracked |  0
|   4|0x0000000705600000, 0x0000000705800000, 0x0000000705800000|100%| O|  |TAMS 0x0000000705600000| PB 0x0000000705600000| Untracked |  0
|   5|0x0000000705800000, 0x0000000705a00000, 0x0000000705a00000|100%| O|  |TAMS 0x0000000705800000| PB 0x0000000705800000| Untracked |  0
|   6|0x0000000705a00000, 0x0000000705c00000, 0x0000000705c00000|100%| O|  |TAMS 0x0000000705a00000| PB 0x0000000705a00000| Untracked |  0
|   7|0x0000000705c00000, 0x0000000705e00000, 0x0000000705e00000|100%|HS|  |TAMS 0x0000000705c00000| PB 0x0000000705c00000| Complete |  0
|   8|0x0000000705e00000, 0x0000000706000000, 0x0000000706000000|100%| O|  |TAMS 0x0000000705e00000| PB 0x0000000705e00000| Untracked |  0
|   9|0x0000000706000000, 0x00000007060ad4a8, 0x0000000706200000| 33%| O|  |TAMS 0x0000000706000000| PB 0x0000000706000000| Untracked |  0
|  10|0x0000000706200000, 0x0000000706400000, 0x0000000706400000|100%| O|  |TAMS 0x0000000706200000| PB 0x0000000706200000| Untracked |  0
|  11|0x0000000706400000, 0x0000000706600000, 0x0000000706600000|100%| O|  |TAMS 0x0000000706400000| PB 0x0000000706400000| Untracked |  0
|  12|0x0000000706600000, 0x0000000706800000, 0x0000000706800000|100%| O|  |TAMS 0x0000000706600000| PB 0x0000000706600000| Untracked |  0
|  13|0x0000000706800000, 0x0000000706a00000, 0x0000000706a00000|100%| O|  |TAMS 0x0000000706800000| PB 0x0000000706800000| Untracked |  0
|  14|0x0000000706a00000, 0x0000000706c00000, 0x0000000706c00000|100%| O|  |TAMS 0x0000000706a00000| PB 0x0000000706a00000| Untracked |  0
|  15|0x0000000706c00000, 0x0000000706e00000, 0x0000000706e00000|100%| O|  |TAMS 0x0000000706c00000| PB 0x0000000706c00000| Untracked |  0
|  16|0x0000000706e00000, 0x0000000707000000, 0x0000000707000000|100%| O|  |TAMS 0x0000000706e00000| PB 0x0000000706e00000| Untracked |  0
|  17|0x0000000707000000, 0x0000000707200000, 0x0000000707200000|100%| O|  |TAMS 0x0000000707000000| PB 0x0000000707000000| Untracked |  0
|  18|0x0000000707200000, 0x00000007072c9fd0, 0x0000000707400000| 39%| O|  |TAMS 0x0000000707200000| PB 0x0000000707200000| Untracked |  0
|  19|0x0000000707400000, 0x0000000707400000, 0x0000000707600000|  0%| F|  |TAMS 0x0000000707400000| PB 0x0000000707400000| Untracked |  0
|  20|0x0000000707600000, 0x0000000707600000, 0x0000000707800000|  0%| F|  |TAMS 0x0000000707600000| PB 0x0000000707600000| Untracked |  0
|  21|0x0000000707800000, 0x0000000707800000, 0x0000000707a00000|  0%| F|  |TAMS 0x0000000707800000| PB 0x0000000707800000| Untracked |  0
|  22|0x0000000707a00000, 0x0000000707bff8e0, 0x0000000707c00000| 99%| S|CS|TAMS 0x0000000707a00000| PB 0x0000000707a00000| Complete |  0
|  23|0x0000000707c00000, 0x0000000707e00000, 0x0000000707e00000|100%| S|CS|TAMS 0x0000000707c00000| PB 0x0000000707c00000| Complete |  0
|  24|0x0000000707e00000, 0x0000000707e00000, 0x0000000708000000|  0%| F|  |TAMS 0x0000000707e00000| PB 0x0000000707e00000| Untracked |  0
|  25|0x0000000708000000, 0x0000000708000000, 0x0000000708200000|  0%| F|  |TAMS 0x0000000708000000| PB 0x0000000708000000| Untracked |  0
|  26|0x0000000708200000, 0x0000000708200000, 0x0000000708400000|  0%| F|  |TAMS 0x0000000708200000| PB 0x0000000708200000| Untracked |  0
|  27|0x0000000708400000, 0x0000000708400000, 0x0000000708600000|  0%| F|  |TAMS 0x0000000708400000| PB 0x0000000708400000| Untracked |  0
|  28|0x0000000708600000, 0x0000000708600000, 0x0000000708800000|  0%| F|  |TAMS 0x0000000708600000| PB 0x0000000708600000| Untracked |  0
|  29|0x0000000708800000, 0x0000000708800000, 0x0000000708a00000|  0%| F|  |TAMS 0x0000000708800000| PB 0x0000000708800000| Untracked |  0
|  30|0x0000000708a00000, 0x0000000708a00000, 0x0000000708c00000|  0%| F|  |TAMS 0x0000000708a00000| PB 0x0000000708a00000| Untracked |  0
|  31|0x0000000708c00000, 0x0000000708c00000, 0x0000000708e00000|  0%| F|  |TAMS 0x0000000708c00000| PB 0x0000000708c00000| Untracked |  0
|  32|0x0000000708e00000, 0x0000000708e00000, 0x0000000709000000|  0%| F|  |TAMS 0x0000000708e00000| PB 0x0000000708e00000| Untracked |  0
|  33|0x0000000709000000, 0x0000000709000000, 0x0000000709200000|  0%| F|  |TAMS 0x0000000709000000| PB 0x0000000709000000| Untracked |  0
|  34|0x0000000709200000, 0x0000000709200000, 0x0000000709400000|  0%| F|  |TAMS 0x0000000709200000| PB 0x0000000709200000| Untracked |  0
|  35|0x0000000709400000, 0x0000000709400000, 0x0000000709600000|  0%| F|  |TAMS 0x0000000709400000| PB 0x0000000709400000| Untracked |  0
|  36|0x0000000709600000, 0x0000000709600000, 0x0000000709800000|  0%| F|  |TAMS 0x0000000709600000| PB 0x0000000709600000| Untracked |  0
|  37|0x0000000709800000, 0x0000000709800000, 0x0000000709a00000|  0%| F|  |TAMS 0x0000000709800000| PB 0x0000000709800000| Untracked |  0
|  38|0x0000000709a00000, 0x0000000709a00000, 0x0000000709c00000|  0%| F|  |TAMS 0x0000000709a00000| PB 0x0000000709a00000| Untracked |  0
|  39|0x0000000709c00000, 0x0000000709c00000, 0x0000000709e00000|  0%| F|  |TAMS 0x0000000709c00000| PB 0x0000000709c00000| Untracked |  0
|  40|0x0000000709e00000, 0x0000000709e00000, 0x000000070a000000|  0%| F|  |TAMS 0x0000000709e00000| PB 0x0000000709e00000| Untracked |  0
|  41|0x000000070a000000, 0x000000070a000000, 0x000000070a200000|  0%| F|  |TAMS 0x000000070a000000| PB 0x000000070a000000| Untracked |  0
|  42|0x000000070a200000, 0x000000070a200000, 0x000000070a400000|  0%| F|  |TAMS 0x000000070a200000| PB 0x000000070a200000| Untracked |  0
|  43|0x000000070a400000, 0x000000070a400000, 0x000000070a600000|  0%| F|  |TAMS 0x000000070a400000| PB 0x000000070a400000| Untracked |  0
|  44|0x000000070a600000, 0x000000070a600000, 0x000000070a800000|  0%| F|  |TAMS 0x000000070a600000| PB 0x000000070a600000| Untracked |  0
|  45|0x000000070a800000, 0x000000070a800000, 0x000000070aa00000|  0%| F|  |TAMS 0x000000070a800000| PB 0x000000070a800000| Untracked |  0
|  46|0x000000070aa00000, 0x000000070aa00000, 0x000000070ac00000|  0%| F|  |TAMS 0x000000070aa00000| PB 0x000000070aa00000| Untracked |  0
|  47|0x000000070ac00000, 0x000000070ac00000, 0x000000070ae00000|  0%| F|  |TAMS 0x000000070ac00000| PB 0x000000070ac00000| Untracked |  0
|  48|0x000000070ae00000, 0x000000070ae00000, 0x000000070b000000|  0%| F|  |TAMS 0x000000070ae00000| PB 0x000000070ae00000| Untracked |  0
|  49|0x000000070b000000, 0x000000070b000000, 0x000000070b200000|  0%| F|  |TAMS 0x000000070b000000| PB 0x000000070b000000| Untracked |  0
|  50|0x000000070b200000, 0x000000070b200000, 0x000000070b400000|  0%| F|  |TAMS 0x000000070b200000| PB 0x000000070b200000| Untracked |  0
|  51|0x000000070b400000, 0x000000070b400000, 0x000000070b600000|  0%| F|  |TAMS 0x000000070b400000| PB 0x000000070b400000| Untracked |  0
|  52|0x000000070b600000, 0x000000070b600000, 0x000000070b800000|  0%| F|  |TAMS 0x000000070b600000| PB 0x000000070b600000| Untracked |  0
|  53|0x000000070b800000, 0x000000070b800000, 0x000000070ba00000|  0%| F|  |TAMS 0x000000070b800000| PB 0x000000070b800000| Untracked |  0
| 108|0x0000000712600000, 0x0000000712600000, 0x0000000712800000|  0%| F|  |TAMS 0x0000000712600000| PB 0x0000000712600000| Untracked |  0
| 109|0x0000000712800000, 0x0000000712800000, 0x0000000712a00000|  0%| F|  |TAMS 0x0000000712800000| PB 0x0000000712800000| Untracked |  0
| 110|0x0000000712a00000, 0x0000000712a00000, 0x0000000712c00000|  0%| F|  |TAMS 0x0000000712a00000| PB 0x0000000712a00000| Untracked |  0
| 111|0x0000000712c00000, 0x0000000712c00000, 0x0000000712e00000|  0%| F|  |TAMS 0x0000000712c00000| PB 0x0000000712c00000| Untracked |  0
| 112|0x0000000712e00000, 0x0000000712e00000, 0x0000000713000000|  0%| F|  |TAMS 0x0000000712e00000| PB 0x0000000712e00000| Untracked |  0
| 125|0x0000000714800000, 0x00000007149544f0, 0x0000000714a00000| 66%| E|  |TAMS 0x0000000714800000| PB 0x0000000714800000| Complete |  0
|2004|0x00000007ff600000, 0x00000007ff800000, 0x00000007ff800000|100%| O|  |TAMS 0x00000007ff600000| PB 0x00000007ff600000| Untracked |  0
|2005|0x00000007ff800000, 0x00000007ffa00000, 0x00000007ffa00000|100%| O|  |TAMS 0x00000007ff800000| PB 0x00000007ff800000| Untracked |  0
|2006|0x00000007ffa00000, 0x00000007ffc00000, 0x00000007ffc00000|100%| O|  |TAMS 0x00000007ffa00000| PB 0x00000007ffa00000| Untracked |  0
|2007|0x00000007ffc00000, 0x00000007ffe00000, 0x00000007ffe00000|100%| O|  |TAMS 0x00000007ffc00000| PB 0x00000007ffc00000| Untracked |  0
|2008|0x00000007ffe00000, 0x0000000800000000, 0x0000000800000000|100%| O|  |TAMS 0x00000007ffe00000| PB 0x00000007ffe00000| Untracked |  0

Card table byte_map: [0x000002275bba0000,0x000002275c380000] _byte_map_base: 0x0000022758379000

Marking Bits: (CMBitMap*) 0x0000022741755b00
 Bits: [0x000002275c380000, 0x0000022760248000)

Polling page: 0x0000022741100000

Metaspace:

Usage:
  Non-class:     25.88 MB used.
      Class:      3.40 MB used.
       Both:     29.28 MB used.

Virtual space:
  Non-class space:       64.00 MB reserved,      26.19 MB ( 41%) committed,  1 nodes.
      Class space:        1.00 GB reserved,       3.62 MB ( <1%) committed,  1 nodes.
             Both:        1.06 GB reserved,      29.81 MB (  3%) committed. 

Chunk freelists:
   Non-Class:  5.75 MB
       Class:  12.27 MB
        Both:  18.01 MB

MaxMetaspaceSize: unlimited
CompressedClassSpaceSize: 1.00 GB
Initial GC threshold: 21.00 MB
Current GC threshold: 35.62 MB
CDS: on
 - commit_granule_bytes: 65536.
 - commit_granule_words: 8192.
 - virtual_space_node_default_size: 8388608.
 - enlarge_chunks_in_place: 1.
 - use_allocation_guard: 0.


Internal statistics:

num_allocs_failed_limit: 6.
num_arena_births: 460.
num_arena_deaths: 0.
num_vsnodes_births: 2.
num_vsnodes_deaths: 0.
num_space_committed: 477.
num_space_uncommitted: 0.
num_chunks_returned_to_freelist: 6.
num_chunks_taken_from_freelist: 1551.
num_chunk_merges: 6.
num_chunk_splits: 1087.
num_chunks_enlarged: 833.
num_inconsistent_stats: 0.

CodeHeap 'non-profiled nmethods': size=119232Kb used=3545Kb max_used=3545Kb free=115686Kb
 bounds [0x0000022752fa0000, 0x0000022753320000, 0x000002275a410000]
CodeHeap 'profiled nmethods': size=119104Kb used=14640Kb max_used=14640Kb free=104464Kb
 bounds [0x000002274b410000, 0x000002274c260000, 0x0000022752860000]
CodeHeap 'non-nmethods': size=7424Kb used=3168Kb max_used=3208Kb free=4255Kb
 bounds [0x0000022752860000, 0x0000022752c00000, 0x0000022752fa0000]
CodeCache: size=245760Kb, used=21353Kb, max_used=21393Kb, free=224405Kb
 total_blobs=8778, nmethods=8208, adapters=470, full_count=0
Compilation: enabled, stopped_count=0, restarted_count=0

Compilation events (20 events):
Event: 25.668 Thread 0x00000227632dcbd0 nmethod 8135 0x000002274c21be88 code [0x000002274c21c1a0, 0x000002274c21da98]
Event: 25.669 Thread 0x00000227aa43a750 nmethod 8024 0x0000022753313f88 code [0x0000022753314080, 0x00000227533140f8]
Event: 25.670 Thread 0x00000227aa43a750 8100       4       java.lang.invoke.DirectMethodHandle::fieldOffset (9 bytes)
Event: 25.672 Thread 0x00000227aa43a750 nmethod 8100 0x0000022753314288 code [0x0000022753314380, 0x0000022753314420]
Event: 25.676 Thread 0x00000227aa43a750 8101       4       java.lang.invoke.DirectMethodHandle::checkBase (5 bytes)
Event: 25.678 Thread 0x00000227aa43a750 nmethod 8101 0x0000022753314588 code [0x0000022753314680, 0x0000022753314708]
Event: 25.679 Thread 0x00000227aa43a750 8119       4       java.lang.reflect.Field::get (39 bytes)
Event: 25.689 Thread 0x00000227aa43a750 nmethod 8119 0x0000022753314888 code [0x00000227533149e0, 0x0000022753314c98]
Event: 25.690 Thread 0x00000227aa43a750 8019       4       lombok.core.AST::fieldsOf (69 bytes)
Event: 25.710 Thread 0x00000227aa43a750 nmethod 8019 0x0000022753314d08 code [0x0000022753314ea0, 0x0000022753315378]
Event: 25.712 Thread 0x00000227aa43a750 8018       4       lombok.javac.JavacAST::buildTree (176 bytes)
Event: 25.723 Thread 0x00000227632dcbd0 8136       3       lombok.javac.handlers.JavacHandlerUtil::annotationTypeMatches (28 bytes)
Event: 25.724 Thread 0x00000227632dcbd0 nmethod 8136 0x000002274c21db88 code [0x000002274c21dd20, 0x000002274c21e418]
Event: 25.725 Thread 0x00000227632dcbd0 8137       3       lombok.core.LombokConfiguration::read (16 bytes)
Event: 25.725 Thread 0x00000227632dcbd0 nmethod 8137 0x000002274c21e488 code [0x000002274c21e600, 0x000002274c21eab8]
Event: 25.726 Thread 0x00000227632dcbd0 8138       3       lombok.core.LombokConfiguration$3::createResolver (19 bytes)
Event: 25.726 Thread 0x00000227632dcbd0 nmethod 8138 0x000002274c21eb88 code [0x000002274c21ece0, 0x000002274c21f0a0]
Event: 25.726 Thread 0x00000227632dcbd0 8139       3       lombok.core.LombokConfiguration::access$1 (4 bytes)
Event: 25.726 Thread 0x00000227632dcbd0 nmethod 8139 0x000002274c21f108 code [0x000002274c21f220, 0x000002274c21f320]
Event: 25.726 Thread 0x00000227632dcbd0 8140   !   3       lombok.core.configuration.FileSystemSourceCache::forUri (180 bytes)

GC Heap History (14 events):
Event: 5.665 GC heap before
{Heap before GC invocations=0 (full 0):
 garbage-first heap   total reserved 4114432K, committed 258048K, used 22528K [0x0000000704e00000, 0x0000000800000000)
  region size 2048K, 12 young (24576K), 0 survivors (0K)
 Metaspace       used 5848K, committed 5952K, reserved 1114112K
  class space    used 710K, committed 768K, reserved 1048576K
}
Event: 5.730 GC heap after
{Heap after GC invocations=1 (full 0):
 garbage-first heap   total reserved 4114432K, committed 258048K, used 3989K [0x0000000704e00000, 0x0000000800000000)
  region size 2048K, 2 young (4096K), 2 survivors (4096K)
 Metaspace       used 5848K, committed 5952K, reserved 1114112K
  class space    used 710K, committed 768K, reserved 1048576K
}
Event: 7.527 GC heap before
{Heap before GC invocations=1 (full 0):
 garbage-first heap   total reserved 4114432K, committed 258048K, used 24469K [0x0000000704e00000, 0x0000000800000000)
  region size 2048K, 13 young (26624K), 2 survivors (4096K)
 Metaspace       used 7757K, committed 7936K, reserved 1114112K
  class space    used 936K, committed 1024K, reserved 1048576K
}
Event: 7.537 GC heap after
{Heap after GC invocations=2 (full 0):
 garbage-first heap   total reserved 4114432K, committed 258048K, used 5027K [0x0000000704e00000, 0x0000000800000000)
  region size 2048K, 1 young (2048K), 1 survivors (2048K)
 Metaspace       used 7757K, committed 7936K, reserved 1114112K
  class space    used 936K, committed 1024K, reserved 1048576K
}
Event: 11.205 GC heap before
{Heap before GC invocations=2 (full 0):
 garbage-first heap   total reserved 4114432K, committed 258048K, used 66467K [0x0000000704e00000, 0x0000000800000000)
  region size 2048K, 31 young (63488K), 1 survivors (2048K)
 Metaspace       used 15490K, committed 15744K, reserved 1114112K
  class space    used 1882K, committed 1984K, reserved 1048576K
}
Event: 11.218 GC heap after
{Heap after GC invocations=3 (full 0):
 garbage-first heap   total reserved 4114432K, committed 258048K, used 11728K [0x0000000704e00000, 0x0000000800000000)
  region size 2048K, 4 young (8192K), 4 survivors (8192K)
 Metaspace       used 15490K, committed 15744K, reserved 1114112K
  class space    used 1882K, committed 1984K, reserved 1048576K
}
Event: 13.222 GC heap before
{Heap before GC invocations=3 (full 0):
 garbage-first heap   total reserved 4114432K, committed 258048K, used 71120K [0x0000000704e00000, 0x0000000800000000)
  region size 2048K, 33 young (67584K), 4 survivors (8192K)
 Metaspace       used 16634K, committed 16896K, reserved 1114112K
  class space    used 1947K, committed 2048K, reserved 1048576K
}
Event: 13.239 GC heap after
{Heap after GC invocations=4 (full 0):
 garbage-first heap   total reserved 4114432K, committed 258048K, used 17421K [0x0000000704e00000, 0x0000000800000000)
  region size 2048K, 3 young (6144K), 3 survivors (6144K)
 Metaspace       used 16634K, committed 16896K, reserved 1114112K
  class space    used 1947K, committed 2048K, reserved 1048576K
}
Event: 17.238 GC heap before
{Heap before GC invocations=4 (full 0):
 garbage-first heap   total reserved 4114432K, committed 258048K, used 154637K [0x0000000704e00000, 0x0000000800000000)
  region size 2048K, 54 young (110592K), 3 survivors (6144K)
 Metaspace       used 20437K, committed 20736K, reserved 1114112K
  class space    used 2366K, committed 2496K, reserved 1048576K
}
Event: 17.251 GC heap after
{Heap after GC invocations=5 (full 0):
 garbage-first heap   total reserved 4114432K, committed 258048K, used 21517K [0x0000000704e00000, 0x0000000800000000)
  region size 2048K, 5 young (10240K), 5 survivors (10240K)
 Metaspace       used 20437K, committed 20736K, reserved 1114112K
  class space    used 2366K, committed 2496K, reserved 1048576K
}
Event: 18.075 GC heap before
{Heap before GC invocations=5 (full 0):
 garbage-first heap   total reserved 4114432K, committed 258048K, used 48141K [0x0000000704e00000, 0x0000000800000000)
  region size 2048K, 18 young (36864K), 5 survivors (10240K)
 Metaspace       used 21241K, committed 21504K, reserved 1114112K
  class space    used 2456K, committed 2560K, reserved 1048576K
}
Event: 18.087 GC heap after
{Heap after GC invocations=6 (full 0):
 garbage-first heap   total reserved 4114432K, committed 258048K, used 28362K [0x0000000704e00000, 0x0000000800000000)
  region size 2048K, 5 young (10240K), 5 survivors (10240K)
 Metaspace       used 21241K, committed 21504K, reserved 1114112K
  class space    used 2456K, committed 2560K, reserved 1048576K
}
Event: 21.050 GC heap before
{Heap before GC invocations=7 (full 0):
 garbage-first heap   total reserved 4114432K, committed 102400K, used 100042K [0x0000000704e00000, 0x0000000800000000)
  region size 2048K, 40 young (81920K), 5 survivors (10240K)
 Metaspace       used 27214K, committed 27520K, reserved 1114112K
  class space    used 3152K, committed 3328K, reserved 1048576K
}
Event: 21.092 GC heap after
{Heap after GC invocations=8 (full 0):
 garbage-first heap   total reserved 4114432K, committed 133120K, used 46354K [0x0000000704e00000, 0x0000000800000000)
  region size 2048K, 10 young (20480K), 10 survivors (20480K)
 Metaspace       used 27214K, committed 27520K, reserved 1114112K
  class space    used 3152K, committed 3328K, reserved 1048576K
}

Dll operation events (8 events):
Event: 0.023 Loaded shared library C:\Program Files\Java\jdk-23\bin\java.dll
Event: 0.095 Loaded shared library C:\Program Files\Java\jdk-23\bin\jsvml.dll
Event: 0.164 Loaded shared library C:\Program Files\Java\jdk-23\bin\net.dll
Event: 0.169 Loaded shared library C:\Program Files\Java\jdk-23\bin\nio.dll
Event: 0.183 Loaded shared library C:\Program Files\Java\jdk-23\bin\zip.dll
Event: 0.594 Loaded shared library C:\Program Files\Java\jdk-23\bin\jimage.dll
Event: 0.594 Loaded shared library C:\Users\omkar\.m2\wrapper\dists\apache-maven-3.9.14\ed7edd442f634ac1c1ef5ba2b61b6d690b5221091f1a8e1123f5fadcc967520d\lib\jansi-native\Windows\x86_64\jansi.dll
Event: 0.664 Loaded shared library C:\Program Files\Java\jdk-23\bin\verify.dll

Deoptimization events (20 events):
Event: 24.443 Thread 0x0000022741151780 Uncommon trap: trap_request=0xffffffde fr.pc=0x00000227532c5828 relative=0x0000000000001088
Event: 24.443 Thread 0x0000022741151780 Uncommon trap: reason=class_check action=maybe_recompile pc=0x00000227532c5828 method=com.sun.tools.javac.code.DeferredCompletionFailureHandler.classSymbolCompleteFailed(Lcom/sun/tools/javac/code/Symbol$ClassSymbol;Lcom/sun/tools/javac/code/Symbol$Complet
Event: 24.443 Thread 0x0000022741151780 DEOPT PACKING pc=0x00000227532c5828 sp=0x000000d3ac1fb7e0
Event: 24.443 Thread 0x0000022741151780 DEOPT UNPACKING pc=0x00000227528b4402 sp=0x000000d3ac1fb758 mode 2
Event: 24.462 Thread 0x0000022741151780 Uncommon trap: trap_request=0xffffff45 fr.pc=0x00000227531bc1d4 relative=0x00000000000001b4
Event: 24.463 Thread 0x0000022741151780 Uncommon trap: reason=unstable_if action=reinterpret pc=0x00000227531bc1d4 method=java.util.IdentityHashMap.maskNull(Ljava/lang/Object;)Ljava/lang/Object; @ 1 c2
Event: 24.463 Thread 0x0000022741151780 DEOPT PACKING pc=0x00000227531bc1d4 sp=0x000000d3ac1fc6e0
Event: 24.463 Thread 0x0000022741151780 DEOPT UNPACKING pc=0x00000227528b4402 sp=0x000000d3ac1fc608 mode 2
Event: 24.476 Thread 0x0000022741151780 Uncommon trap: trap_request=0xffffffde fr.pc=0x00000227532c5828 relative=0x0000000000001088
Event: 24.476 Thread 0x0000022741151780 Uncommon trap: reason=class_check action=maybe_recompile pc=0x00000227532c5828 method=com.sun.tools.javac.code.DeferredCompletionFailureHandler.classSymbolCompleteFailed(Lcom/sun/tools/javac/code/Symbol$ClassSymbol;Lcom/sun/tools/javac/code/Symbol$Complet
Event: 24.476 Thread 0x0000022741151780 DEOPT PACKING pc=0x00000227532c5828 sp=0x000000d3ac1fb590
Event: 24.476 Thread 0x0000022741151780 DEOPT UNPACKING pc=0x00000227528b4402 sp=0x000000d3ac1fb508 mode 2
Event: 24.476 Thread 0x0000022741151780 Uncommon trap: trap_request=0xffffffde fr.pc=0x00000227532c5828 relative=0x0000000000001088
Event: 24.476 Thread 0x0000022741151780 Uncommon trap: reason=class_check action=maybe_recompile pc=0x00000227532c5828 method=com.sun.tools.javac.code.DeferredCompletionFailureHandler.classSymbolCompleteFailed(Lcom/sun/tools/javac/code/Symbol$ClassSymbol;Lcom/sun/tools/javac/code/Symbol$Complet
Event: 24.476 Thread 0x0000022741151780 DEOPT PACKING pc=0x00000227532c5828 sp=0x000000d3ac1fb590
Event: 24.476 Thread 0x0000022741151780 DEOPT UNPACKING pc=0x00000227528b4402 sp=0x000000d3ac1fb508 mode 2
Event: 25.697 Thread 0x0000022741151780 Uncommon trap: trap_request=0xffffff45 fr.pc=0x00000227532c6454 relative=0x0000000000000294
Event: 25.697 Thread 0x0000022741151780 Uncommon trap: reason=unstable_if action=reinterpret pc=0x00000227532c6454 method=com.sun.tools.javac.code.Scope$ScopeImpl.lookup(Lcom/sun/tools/javac/util/Name;Ljava/util/function/Predicate;)Lcom/sun/tools/javac/code/Scope$Entry; @ 19 c2
Event: 25.697 Thread 0x0000022741151780 DEOPT PACKING pc=0x00000227532c6454 sp=0x000000d3ac1fc090
Event: 25.698 Thread 0x0000022741151780 DEOPT UNPACKING pc=0x00000227528b4402 sp=0x000000d3ac1fc028 mode 2

Classes loaded (20 events):
Event: 22.437 Loading class java/util/Vector$1
Event: 22.441 Loading class java/util/Vector$1 done
Event: 22.458 Loading class java/io/PushbackInputStream
Event: 22.459 Loading class java/io/PushbackInputStream done
Event: 22.910 Loading class java/util/Collections$UnmodifiableSortedSet
Event: 22.911 Loading class java/util/Collections$UnmodifiableSortedSet done
Event: 22.928 Loading class java/util/IdentityHashMap$EntrySet
Event: 22.928 Loading class java/util/IdentityHashMap$EntrySet done
Event: 22.929 Loading class java/util/IdentityHashMap$EntryIterator
Event: 22.929 Loading class java/util/IdentityHashMap$EntryIterator done
Event: 22.929 Loading class java/util/IdentityHashMap$EntryIterator$Entry
Event: 22.929 Loading class java/util/IdentityHashMap$EntryIterator$Entry done
Event: 22.968 Loading class java/util/regex/Pattern$Caret
Event: 22.968 Loading class java/util/regex/Pattern$Caret done
Event: 23.211 Loading class java/util/regex/Pattern$SliceI
Event: 23.211 Loading class java/util/regex/Pattern$SliceI done
Event: 23.217 Loading class java/util/regex/Pattern$Loop
Event: 23.217 Loading class java/util/regex/Pattern$Loop done
Event: 23.218 Loading class java/util/regex/Pattern$Prolog
Event: 23.218 Loading class java/util/regex/Pattern$Prolog done

Classes unloaded (0 events):
No events

Classes redefined (0 events):
No events

Internal exceptions (20 events):
Event: 21.332 Thread 0x0000022741151780 Exception <a 'sun/nio/fs/WindowsException'{0x000000071296f4a8}> (0x000000071296f4a8) 
thrown [s\open\src\hotspot\share\prims\jni.cpp, line 520]
Event: 21.333 Thread 0x0000022741151780 Exception <a 'sun/nio/fs/WindowsException'{0x000000071298a388}> (0x000000071298a388) 
thrown [s\open\src\hotspot\share\prims\jni.cpp, line 520]
Event: 21.623 Thread 0x0000022741151780 Implicit null exception at 0x00000227530c32ce to 0x00000227530c3778
Event: 23.041 Thread 0x0000022741151780 Implicit null exception at 0x00000227531bee1b to 0x00000227531bf4ac
Event: 23.256 Thread 0x0000022741151780 Exception <a 'java/lang/NoSuchMethodError'{0x0000000708319e30}: 'java.lang.Object java.lang.invoke.DirectMethodHandle$Holder.invokeVirtual(java.lang.Object, java.lang.Object, long)'> (0x0000000708319e30) 
thrown [s\open\src\hotspot\share\interpreter\linkResolver.cpp, line 796]
Event: 23.258 Thread 0x0000022741151780 Exception <a 'java/lang/NoSuchMethodError'{0x000000070831db60}: 'long java.lang.invoke.DirectMethodHandle$Holder.invokeStatic(java.lang.Object, java.lang.Object, int)'> (0x000000070831db60) 
thrown [s\open\src\hotspot\share\interpreter\linkResolver.cpp, line 796]
Event: 23.261 Thread 0x0000022741151780 Exception <a 'java/lang/NoSuchMethodError'{0x000000070832f878}: 'java.lang.Object java.lang.invoke.DirectMethodHandle$Holder.invokeVirtual(java.lang.Object, java.lang.Object, java.lang.Object, java.lang.Object, java.lang.Object, java.lang.Object, java.lang.Object, java.lang.Object)'> (0x000000070832f878) 
thrown [s\open\src\hotspot\share\interpreter\linkResolver.cpp, line 796]
Event: 23.271 Thread 0x0000022741151780 Exception <a 'java/lang/NoSuchMethodError'{0x000000070834a778}: 'java.lang.Object java.lang.invoke.DirectMethodHandle$Holder.invokeStatic(java.lang.Object, java.lang.Object, int)'> (0x000000070834a778) 
thrown [s\open\src\hotspot\share\interpreter\linkResolver.cpp, line 796]
Event: 23.272 Thread 0x0000022741151780 Exception <a 'java/lang/NoSuchMethodError'{0x000000070834ecd8}: 'void java.lang.invoke.DirectMethodHandle$Holder.invokeStatic(java.lang.Object, java.lang.Object, int, java.lang.Object)'> (0x000000070834ecd8) 
thrown [s\open\src\hotspot\share\interpreter\linkResolver.cpp, line 796]
Event: 23.273 Thread 0x0000022741151780 Exception <a 'java/lang/NoSuchMethodError'{0x00000007083561a8}: 'void java.lang.invoke.DelegatingMethodHandle$Holder.delegate(java.lang.Object, java.lang.Object, int, java.lang.Object)'> (0x00000007083561a8) 
thrown [s\open\src\hotspot\share\interpreter\linkResolver.cpp, line 796]
Event: 23.284 Thread 0x0000022741151780 Exception <a 'java/lang/NoSuchMethodError'{0x00000007083727d0}: 'void java.lang.invoke.DirectMethodHandle$Holder.invokeInterface(java.lang.Object, java.lang.Object, java.lang.Object, int)'> (0x00000007083727d0) 
thrown [s\open\src\hotspot\share\interpreter\linkResolver.cpp, line 796]
Event: 23.285 Thread 0x0000022741151780 Exception <a 'java/lang/NoSuchMethodError'{0x0000000708379ed0}: 'void java.lang.invoke.DelegatingMethodHandle$Holder.reinvoke_L(java.lang.Object, java.lang.Object, java.lang.Object, int)'> (0x0000000708379ed0) 
thrown [s\open\src\hotspot\share\interpreter\linkResolver.cpp, line 796]
Event: 24.396 Thread 0x0000022741151780 Exception <a 'java/lang/NoSuchMethodError'{0x0000000708064100}: 'java.lang.Object java.lang.invoke.DirectMethodHandle$Holder.invokeVirtual(java.lang.Object, java.lang.Object, java.lang.Object, java.lang.Object)'> (0x0000000708064100) 
thrown [s\open\src\hotspot\share\interpreter\linkResolver.cpp, line 796]
Event: 24.452 Thread 0x0000022741151780 Exception <a 'java/lang/NoSuchMethodError'{0x00000007080b4068}: 'java.lang.Object java.lang.invoke.DirectMethodHandle$Holder.invokeVirtual(java.lang.Object, java.lang.Object, java.lang.Object, java.lang.Object, java.lang.Object, java.lang.Object)'> (0x00000007080b4068) 
thrown [s\open\src\hotspot\share\interpreter\linkResolver.cpp, line 796]
Event: 24.462 Thread 0x0000022741151780 Implicit null exception at 0x00000227531bc04d to 0x00000227531bc1c0
Event: 24.467 Thread 0x0000022741151780 Exception <a 'java/lang/NoSuchMethodError'{0x00000007080d6a78}: 'void java.lang.invoke.DirectMethodHandle$Holder.invokeVirtual(java.lang.Object, java.lang.Object, java.lang.Object, java.lang.Object)'> (0x00000007080d6a78) 
thrown [s\open\src\hotspot\share\interpreter\linkResolver.cpp, line 796]
Event: 24.583 Thread 0x0000022741151780 Exception <a 'java/lang/NoSuchMethodError'{0x0000000708134c98}: 'java.lang.Object java.lang.invoke.DirectMethodHandle$Holder.invokeVirtual(java.lang.Object, java.lang.Object, long, java.lang.Object)'> (0x0000000708134c98) 
thrown [s\open\src\hotspot\share\interpreter\linkResolver.cpp, line 796]
Event: 24.584 Thread 0x0000022741151780 Exception <a 'java/lang/NoSuchMethodError'{0x0000000708138bc0}: 'java.lang.Object java.lang.invoke.DirectMethodHandle$Holder.invokeSpecial(java.lang.Object, java.lang.Object, java.lang.Object, long, java.lang.Object)'> (0x0000000708138bc0) 
thrown [s\open\src\hotspot\share\interpreter\linkResolver.cpp, line 796]
Event: 24.585 Thread 0x0000022741151780 Exception <a 'java/lang/NoSuchMethodError'{0x000000070813cb58}: 'java.lang.Object java.lang.invoke.DelegatingMethodHandle$Holder.reinvoke_L(java.lang.Object, java.lang.Object, long, java.lang.Object)'> (0x000000070813cb58) 
thrown [s\open\src\hotspot\share\interpreter\linkResolver.cpp, line 796]
Event: 24.591 Thread 0x0000022741151780 Exception <a 'java/lang/NoSuchMethodError'{0x0000000708151648}: 'java.lang.Object java.lang.invoke.DirectMethodHandle$Holder.invokeVirtual(java.lang.Object, java.lang.Object, java.lang.Object, java.lang.Object, java.lang.Object, java.lang.Object, java.lang.Object, java.lang.Object, java.lang.Object, java.lang.Object)'> (0x0000000708151648) 
thrown [s\open\src\hotspot\share\interpreter\linkResolver.cpp, line 796]

VM Operations (20 events):
Event: 18.075 Executing VM operation: CollectForMetadataAllocation (Metadata GC Threshold)
Event: 18.088 Executing VM operation: CollectForMetadataAllocation (Metadata GC Threshold) done
Event: 18.108 Executing VM operation: CollectForMetadataAllocation (Metadata GC Threshold)
Event: 18.108 Executing VM operation: CollectForMetadataAllocation (Metadata GC Threshold) done
Event: 18.112 Executing VM operation: G1PauseRemark
Event: 18.119 Executing VM operation: G1PauseRemark done
Event: 18.127 Executing VM operation: G1PauseCleanup
Event: 18.139 Executing VM operation: G1PauseCleanup done
Event: 20.538 Executing VM operation: HandshakeAllThreads (Deoptimize)
Event: 20.538 Executing VM operation: HandshakeAllThreads (Deoptimize) done
Event: 20.661 Executing VM operation: HandshakeAllThreads (Deoptimize)
Event: 20.661 Executing VM operation: HandshakeAllThreads (Deoptimize) done
Event: 20.759 Executing VM operation: HandshakeAllThreads (Deoptimize)
Event: 20.759 Executing VM operation: HandshakeAllThreads (Deoptimize) done
Event: 21.050 Executing VM operation: G1CollectForAllocation (G1 Evacuation Pause)
Event: 21.092 Executing VM operation: G1CollectForAllocation (G1 Evacuation Pause) done
Event: 21.287 Executing VM operation: HandshakeAllThreads (Deoptimize)
Event: 21.287 Executing VM operation: HandshakeAllThreads (Deoptimize) done
Event: 21.376 Executing VM operation: HandshakeAllThreads (Deoptimize)
Event: 21.376 Executing VM operation: HandshakeAllThreads (Deoptimize) done

Memory protections (0 events):
No events

Nmethod flushes (0 events):
No events

Events (20 events):
Event: 19.822 Thread 0x00000227aa43eb70 Thread exited: 0x00000227aa43eb70
Event: 20.089 Thread 0x00000227aa43e4a0 Thread exited: 0x00000227aa43e4a0
Event: 20.089 Thread 0x00000227aa43a080 Thread exited: 0x00000227aa43a080
Event: 20.097 Thread 0x00000227aa43c960 Thread exited: 0x00000227aa43c960
Event: 20.097 Thread 0x00000227aa43d030 Thread exited: 0x00000227aa43d030
Event: 20.187 Thread 0x00000227632d2f70 Thread added: 0x00000227aa43c960
Event: 20.188 Thread 0x00000227632d2f70 Thread added: 0x00000227aa43d030
Event: 20.328 Thread 0x00000227aa43d030 Thread exited: 0x00000227aa43d030
Event: 20.391 Thread 0x00000227aa43c960 Thread exited: 0x00000227aa43c960
Event: 20.812 Thread 0x00000227632dcbd0 Thread added: 0x00000227aa43c960
Event: 20.868 Thread 0x00000227a9252110 Thread added: 0x00000227aa43e4a0
Event: 22.380 Thread 0x00000227aa43e4a0 Thread exited: 0x00000227aa43e4a0
Event: 22.381 Thread 0x00000227aa43c960 Thread exited: 0x00000227aa43c960
Event: 23.089 Thread 0x00000227632dcbd0 Thread added: 0x00000227aa43f910
Event: 23.151 Thread 0x00000227a9251370 Thread added: 0x00000227aa43ddd0
Event: 23.161 Thread 0x00000227aa43a750 Thread added: 0x00000227aa43eb70
Event: 24.402 Thread 0x00000227a9251370 Thread exited: 0x00000227a9251370
Event: 24.403 Thread 0x00000227a9252110 Thread exited: 0x00000227a9252110
Event: 24.403 Thread 0x00000227aa43a750 Thread exited: 0x00000227aa43a750
Event: 24.454 Thread 0x00000227632dcbd0 Thread added: 0x00000227aa43a750


Dynamic libraries:
0x00007ff689a60000 - 0x00007ff689a70000 	C:\Program Files\Java\jdk-23\bin\java.exe
0x00007ffcc6fa0000 - 0x00007ffcc7207000 	C:\WINDOWS\SYSTEM32\ntdll.dll
0x00007ffcc5f30000 - 0x00007ffcc5ff9000 	C:\WINDOWS\System32\KERNEL32.DLL
0x00007ffcc46b0000 - 0x00007ffcc4aa7000 	C:\WINDOWS\System32\KERNELBASE.dll
0x00007ffcc4240000 - 0x00007ffcc438b000 	C:\WINDOWS\System32\ucrtbase.dll
0x00007ffc93fd0000 - 0x00007ffc93feb000 	C:\Program Files\Java\jdk-23\bin\VCRUNTIME140.dll
0x00007ffc965a0000 - 0x00007ffc965b7000 	C:\Program Files\Java\jdk-23\bin\jli.dll
0x00007ffc9ae90000 - 0x00007ffc9b122000 	C:\WINDOWS\WinSxS\amd64_microsoft.windows.common-controls_6595b64144ccf1df_6.0.26100.8328_none_3e08182ce334b678\COMCTL32.dll
0x00007ffcc6810000 - 0x00007ffcc68b9000 	C:\WINDOWS\System32\msvcrt.dll
0x00007ffcc69f0000 - 0x00007ffcc6bb6000 	C:\WINDOWS\System32\USER32.dll
0x00007ffcc45d0000 - 0x00007ffcc45f7000 	C:\WINDOWS\System32\win32u.dll
0x00007ffcc6440000 - 0x00007ffcc646b000 	C:\WINDOWS\System32\GDI32.dll
0x00007ffcc4bf0000 - 0x00007ffcc4d1c000 	C:\WINDOWS\System32\gdi32full.dll
0x00007ffcc4b40000 - 0x00007ffcc4be3000 	C:\WINDOWS\System32\msvcp_win.dll
0x00007ffcc67d0000 - 0x00007ffcc6802000 	C:\WINDOWS\System32\IMM32.DLL
0x00007ffcb9ec0000 - 0x00007ffcb9ecc000 	C:\Program Files\Java\jdk-23\bin\vcruntime140_1.dll
0x00007ffc6d580000 - 0x00007ffc6d60e000 	C:\Program Files\Java\jdk-23\bin\msvcp140.dll
0x00007ffbaa970000 - 0x00007ffbab6c0000 	C:\Program Files\Java\jdk-23\bin\server\jvm.dll
0x00007ffcc5d90000 - 0x00007ffcc5e46000 	C:\WINDOWS\System32\ADVAPI32.dll
0x00007ffcc64c0000 - 0x00007ffcc6567000 	C:\WINDOWS\System32\sechost.dll
0x00007ffcc68d0000 - 0x00007ffcc69e8000 	C:\WINDOWS\System32\RPCRT4.dll
0x00007ffcc5310000 - 0x00007ffcc5390000 	C:\WINDOWS\System32\WS2_32.dll
0x00007ffcc3830000 - 0x00007ffcc388e000 	C:\WINDOWS\SYSTEM32\POWRPROF.dll
0x00007ffcb7600000 - 0x00007ffcb7636000 	C:\WINDOWS\SYSTEM32\WINMM.dll
0x00007ffcb0090000 - 0x00007ffcb009b000 	C:\WINDOWS\SYSTEM32\VERSION.dll
0x00007ffcc3810000 - 0x00007ffcc3824000 	C:\WINDOWS\SYSTEM32\UMPDC.dll
0x00007ffcc2760000 - 0x00007ffcc277b000 	C:\WINDOWS\SYSTEM32\kernel.appcore.dll
0x00007ffca55c0000 - 0x00007ffca55ca000 	C:\Program Files\Java\jdk-23\bin\jimage.dll
0x00007ffcc1640000 - 0x00007ffcc1882000 	C:\WINDOWS\SYSTEM32\DBGHELP.DLL
0x00007ffcc6030000 - 0x00007ffcc63b3000 	C:\WINDOWS\System32\combase.dll
0x00007ffcc5e50000 - 0x00007ffcc5f29000 	C:\WINDOWS\System32\OLEAUT32.dll
0x00007ffc92fa0000 - 0x00007ffc92fdb000 	C:\WINDOWS\SYSTEM32\dbgcore.DLL
0x00007ffcc4600000 - 0x00007ffcc46a8000 	C:\WINDOWS\System32\bcryptPrimitives.dll
0x00007ffc87730000 - 0x00007ffc8774e000 	C:\Program Files\Java\jdk-23\bin\java.dll
0x00007ffcc6bc0000 - 0x00007ffcc6d57000 	C:\WINDOWS\System32\ole32.dll
0x00007ffcc53b0000 - 0x00007ffcc5b1e000 	C:\WINDOWS\System32\SHELL32.dll
0x00007ffcc39d0000 - 0x00007ffcc423c000 	C:\WINDOWS\System32\windows.storage.dll
0x00007ffcc5c70000 - 0x00007ffcc5d66000 	C:\WINDOWS\System32\SHCORE.dll
0x00007ffcc4db0000 - 0x00007ffcc4e16000 	C:\WINDOWS\System32\shlwapi.dll
0x00007ffcc38f0000 - 0x00007ffcc3919000 	C:\WINDOWS\SYSTEM32\profapi.dll
0x00007ffc40d70000 - 0x00007ffc40e47000 	C:\Program Files\Java\jdk-23\bin\jsvml.dll
0x00007ffc96540000 - 0x00007ffc96550000 	C:\Program Files\Java\jdk-23\bin\net.dll
0x00007ffcc2cd0000 - 0x00007ffcc2d3c000 	C:\WINDOWS\system32\mswsock.dll
0x00007ffc87710000 - 0x00007ffc87726000 	C:\Program Files\Java\jdk-23\bin\nio.dll
0x00007ffc876b0000 - 0x00007ffc876c7000 	C:\Program Files\Java\jdk-23\bin\zip.dll
0x00007ffc7cef0000 - 0x00007ffc7cf14000 	C:\Users\omkar\.m2\wrapper\dists\apache-maven-3.9.14\ed7edd442f634ac1c1ef5ba2b61b6d690b5221091f1a8e1123f5fadcc967520d\lib\jansi-native\Windows\x86_64\jansi.dll
0x00007ffc92640000 - 0x00007ffc92650000 	C:\Program Files\Java\jdk-23\bin\verify.dll

dbghelp: loaded successfully - version: 4.0.5 - missing functions: none
symbol engine: initialized successfully - sym options: 0x614 - pdb path: .;C:\Program Files\Java\jdk-23\bin;C:\WINDOWS\SYSTEM32;C:\WINDOWS\WinSxS\amd64_microsoft.windows.common-controls_6595b64144ccf1df_6.0.26100.8328_none_3e08182ce334b678;C:\Program Files\Java\jdk-23\bin\server;C:\Users\omkar\.m2\wrapper\dists\apache-maven-3.9.14\ed7edd442f634ac1c1ef5ba2b61b6d690b5221091f1a8e1123f5fadcc967520d\lib\jansi-native\Windows\x86_64

VM Arguments:
jvm_args: --enable-native-access=ALL-UNNAMED -Dclassworlds.conf=C:\Users\omkar\.m2\wrapper\dists\apache-maven-3.9.14\ed7edd442f634ac1c1ef5ba2b61b6d690b5221091f1a8e1123f5fadcc967520d\bin\m2.conf -Dmaven.home=C:\Users\omkar\.m2\wrapper\dists\apache-maven-3.9.14\ed7edd442f634ac1c1ef5ba2b61b6d690b5221091f1a8e1123f5fadcc967520d -Dlibrary.jansi.path=C:\Users\omkar\.m2\wrapper\dists\apache-maven-3.9.14\ed7edd442f634ac1c1ef5ba2b61b6d690b5221091f1a8e1123f5fadcc967520d\lib\jansi-native -Dmaven.multiModuleProjectDirectory=D:\DEVELOP LIFE\FinalOneBackend\TouristService 
java_command: org.codehaus.plexus.classworlds.launcher.Launcher spring-boot:run
java_class_path (initial): C:\Users\omkar\.m2\wrapper\dists\apache-maven-3.9.14\ed7edd442f634ac1c1ef5ba2b61b6d690b5221091f1a8e1123f5fadcc967520d\boot\plexus-classworlds-2.9.0.jar
Launcher Type: SUN_STANDARD

[Global flags]
     intx CICompilerCount                          = 12                                        {product} {ergonomic}
     uint ConcGCThreads                            = 3                                         {product} {ergonomic}
     uint G1ConcRefinementThreads                  = 13                                        {product} {ergonomic}
   size_t G1HeapRegionSize                         = 2097152                                   {product} {ergonomic}
   size_t InitialHeapSize                          = 264241152                                 {product} {ergonomic}
   size_t MarkStackSize                            = 4194304                                   {product} {ergonomic}
   size_t MarkStackSizeMax                         = 536870912                                 {product} {ergonomic}
   size_t MaxHeapSize                              = 4213178368                                {product} {ergonomic}
   size_t MaxNewSize                               = 2527068160                                {product} {ergonomic}
   size_t MinHeapDeltaBytes                        = 2097152                                   {product} {ergonomic}
   size_t MinHeapSize                              = 8388608                                   {product} {ergonomic}
    uintx NonNMethodCodeHeapSize                   = 7602176                                {pd product} {ergonomic}
    uintx NonProfiledCodeHeapSize                  = 122093568                              {pd product} {ergonomic}
    uintx ProfiledCodeHeapSize                     = 121962496                              {pd product} {ergonomic}
    uintx ReservedCodeCacheSize                    = 251658240                              {pd product} {ergonomic}
     bool SegmentedCodeCache                       = true                                      {product} {ergonomic}
   size_t SoftMaxHeapSize                          = 4213178368                             {manageable} {ergonomic}
     bool UseCompressedOops                        = true                           {product lp64_product} {ergonomic}
     bool UseG1GC                                  = true                                      {product} {ergonomic}
     bool UseLargePagesIndividualAllocation        = false                                  {pd product} {ergonomic}

Logging:
Log output configuration:
 #0: stdout all=warning uptime,level,tags foldmultilines=false
 #1: stderr all=off uptime,level,tags foldmultilines=false

Environment Variables:
PATH=C:\Program Files\Python313\Scripts\;C:\Program Files\Python313\;C:\Program Files\Common Files\Oracle\Java\javapath;C:\WINDOWS\system32;C:\WINDOWS;C:\WINDOWS\System32\Wbem;C:\WINDOWS\System32\WindowsPowerShell\v1.0\;C:\WINDOWS\System32\OpenSSH\;C:\Program Files\Java\jdk-23\bin;C:\Program Files\MySQL\MySQL Server 8.0\bin;C:\ffmpeg\bin;C:\ProgramData\chocolatey\bin;C:\Program Files\dotnet\;C:\Program Files\nodejs\;C:\Program Files\MongoDB\Tools\100\bin;C:\FasterDownload;C:\Program Files\Git\cmd;C:\Program Files\MySQL\MySQL Shell 8.0\bin\;C:\Users\omkar\AppData\Local\Microsoft\WindowsApps;C:\Users\omkar\AppData\Local\Programs\Microsoft VS Code\bin;C:\Users\omkar\AppData\Roaming\npm;C:\Users\omkar\AppData\Local\Microsoft\WinGet\Packages\Gyan.FFmpeg_Microsoft.Winget.Source_8wekyb3d8bbwe\ffmpeg-7.1.1-full_build\bin;C:\Users\omkar\AppData\Local\Microsoft\WinGet\Packages\yt-dlp.yt-dlp_Microsoft.Winget.Source_8wekyb3d8bbwe;C:\mongosh\;C:\Users\omkar\AppData\Roaming\Python\Python313\Scripts;C:\Users\omkar\AppData\Local\Programs\Antigravity\bin
USERNAME=omkar
OS=Windows_NT
PROCESSOR_IDENTIFIER=Intel64 Family 6 Model 186 Stepping 2, GenuineIntel
TMP=C:\Users\omkar\AppData\Local\Temp
TEMP=C:\Users\omkar\AppData\Local\Temp




Periodic native trim disabled

---------------  S Y S T E M  ---------------

OS:
 Windows 11 , 64 bit Build 26100 (10.0.26100.8328)
OS uptime: 3 days 7:12 hours
Hyper-V role detected

CPU: total 16 (initial active 16) (8 cores per cpu, 2 threads per core) family 6 model 186 stepping 2 microcode 0x410e, cx8, cmov, fxsr, ht, mmx, 3dnowpref, sse, sse2, sse3, ssse3, sse4.1, sse4.2, popcnt, lzcnt, tsc, tscinvbit, avx, avx2, aes, erms, clmul, bmi1, bmi2, adx, sha, fma, vzeroupper, clflush, clflushopt, clwb, hv, serialize, rdtscp, rdpid, fsrm, gfni, f16c, cet_ibt, cet_ss
Processor Information for processor 0
  Max Mhz: 2600, Current Mhz: 1496, Mhz Limit: 2600
Processor Information for processor 1
  Max Mhz: 2600, Current Mhz: 1496, Mhz Limit: 2600
Processor Information for processor 2
  Max Mhz: 2600, Current Mhz: 1496, Mhz Limit: 2600
Processor Information for processor 3
  Max Mhz: 2600, Current Mhz: 1496, Mhz Limit: 2600
Processor Information for processor 4
  Max Mhz: 2600, Current Mhz: 1496, Mhz Limit: 2600
Processor Information for processor 5
  Max Mhz: 2600, Current Mhz: 1496, Mhz Limit: 2600
Processor Information for processor 6
  Max Mhz: 2600, Current Mhz: 1496, Mhz Limit: 2600
Processor Information for processor 7
  Max Mhz: 2600, Current Mhz: 1496, Mhz Limit: 2600
Processor Information for processor 8
  Max Mhz: 2600, Current Mhz: 1500, Mhz Limit: 1898
Processor Information for processor 9
  Max Mhz: 2600, Current Mhz: 1500, Mhz Limit: 1898
Processor Information for processor 10
  Max Mhz: 2600, Current Mhz: 1500, Mhz Limit: 1898
Processor Information for processor 11
  Max Mhz: 2600, Current Mhz: 1500, Mhz Limit: 1898
Processor Information for processor 12
  Max Mhz: 2600, Current Mhz: 1500, Mhz Limit: 1898
Processor Information for processor 13
  Max Mhz: 2600, Current Mhz: 1500, Mhz Limit: 1898
Processor Information for processor 14
  Max Mhz: 2600, Current Mhz: 1500, Mhz Limit: 1898
Processor Information for processor 15
  Max Mhz: 2600, Current Mhz: 1500, Mhz Limit: 1898

Memory: 4k page, system-wide physical 16071M (1270M free)
TotalPageFile size 34821M (AvailPageFile size 13M)
current process WorkingSet (physical memory assigned to process): 319M, peak: 329M
current process commit charge ("private bytes"): 365M, peak: 424M

vm_info: Java HotSpot(TM) 64-Bit Server VM (23.0.2+7-58) for windows-amd64 JRE (23.0.2+7-58), built on 2024-11-29T09:34:55Z with MS VC++ 17.6 (VS2022)

END.
