#
# There is insufficient memory for the Java Runtime Environment to continue.
# Native memory allocation (malloc) failed to allocate 668496 bytes. Error detail: Chunk::new
# Possible reasons:
#   The system is out of physical RAM or swap space
#   This process is running with CompressedOops enabled, and the Java Heap may be blocking the growth of the native heap
# Possible solutions:
#   Reduce memory load on the system
#   Increase physical memory or swap space
#   Check if swap backing store is full
#   Decrease Java heap size (-Xmx/-Xms)
#   Decrease number of Java threads
#   Decrease Java thread stack sizes (-Xss)
#   Set larger code cache with -XX:ReservedCodeCacheSize=
#   JVM is running with Zero Based Compressed Oops mode in which the Java heap is
#     placed in the first 32GB address space. The Java Heap base address is the
#     maximum limit for the native heap growth. Please use -XX:HeapBaseMinAddress
#     to set the Java Heap base and to place the Java Heap above 32GB virtual address.
# This output file may be truncated or incomplete.
#
#  Out of Memory Error (arena.cpp:149), pid=9400, tid=37352
#
# JRE version: Java(TM) SE Runtime Environment (23.0.2+7) (build 23.0.2+7-58)
# Java VM: Java HotSpot(TM) 64-Bit Server VM (23.0.2+7-58, mixed mode, sharing, tiered, compressed oops, compressed class ptrs, g1 gc, windows-amd64)
# No core dump will be written. Minidumps are not enabled by default on client versions of Windows
#

---------------  S U M M A R Y ------------

Command Line: --enable-native-access=ALL-UNNAMED -Dclassworlds.conf=C:\Users\omkar\.m2\wrapper\dists\apache-maven-3.9.14\ed7edd442f634ac1c1ef5ba2b61b6d690b5221091f1a8e1123f5fadcc967520d\bin\m2.conf -Dmaven.home=C:\Users\omkar\.m2\wrapper\dists\apache-maven-3.9.14\ed7edd442f634ac1c1ef5ba2b61b6d690b5221091f1a8e1123f5fadcc967520d -Dlibrary.jansi.path=C:\Users\omkar\.m2\wrapper\dists\apache-maven-3.9.14\ed7edd442f634ac1c1ef5ba2b61b6d690b5221091f1a8e1123f5fadcc967520d\lib\jansi-native -Dmaven.multiModuleProjectDirectory=D:\DEVELOP LIFE\FinalOneBackend\TouristService org.codehaus.plexus.classworlds.launcher.Launcher spring-boot:run

Host: 13th Gen Intel(R) Core(TM) i5-13500H, 16 cores, 15G,  Windows 11 , 64 bit Build 26100 (10.0.26100.8328)
Time: Fri May 15 07:04:32 2026 India Standard Time elapsed time: 9.939459 seconds (0d 0h 0m 9s)

---------------  T H R E A D  ---------------

Current thread (0x000001cc7f298510):  JavaThread "C2 CompilerThread0" daemon [_thread_in_native, id=37352, stack(0x000000c11a100000,0x000000c11a200000) (1024K)]


Current CompileTask:
C2:9939 5101       4       org.apache.maven.repository.internal.ArtifactDescriptorReaderDelegate::convert (205 bytes)

Stack: [0x000000c11a100000,0x000000c11a200000]
Native frames: (J=compiled Java code, j=interpreted, Vv=VM code, C=native code)
V  [jvm.dll+0x6e0b99]  (no source info available)
V  [jvm.dll+0x87e2b3]  (no source info available)
V  [jvm.dll+0x88073e]  (no source info available)
V  [jvm.dll+0x880e13]  (no source info available)
V  [jvm.dll+0x27b006]  (no source info available)
V  [jvm.dll+0xbc06f]  (no source info available)
V  [jvm.dll+0xbc2cb]  (no source info available)
V  [jvm.dll+0x3b3c22]  (no source info available)
V  [jvm.dll+0x38a55b]  (no source info available)
V  [jvm.dll+0x3899ca]  (no source info available)
V  [jvm.dll+0x244ba1]  (no source info available)
V  [jvm.dll+0x243eff]  (no source info available)
V  [jvm.dll+0x1c34b0]  (no source info available)
V  [jvm.dll+0x253df1]  (no source info available)
V  [jvm.dll+0x2520aa]  (no source info available)
V  [jvm.dll+0x3ee226]  (no source info available)
V  [jvm.dll+0x8254cb]  (no source info available)
V  [jvm.dll+0x6df345]  (no source info available)
C  [ucrtbase.dll+0x37b0]  (no source info available)
C  [KERNEL32.DLL+0x2e957]  (no source info available)
C  [ntdll.dll+0x427c]  (no source info available)

Lock stack of current Java thread (top to bottom):


---------------  P R O C E S S  ---------------

Threads class SMR info:
_java_thread_list=0x000001cc49b5ab80, length=15, elements={
0x000001cc6343f700, 0x000001cc7f275ea0, 0x000001cc7f276900, 0x000001cc7f277e90,
0x000001cc7f2788f0, 0x000001cc7f27f5d0, 0x000001cc7f2823f0, 0x000001cc7f298510,
0x000001cc7f2991e0, 0x000001cc490f6f50, 0x000001cc4916ec40, 0x000001cc49179f00,
0x000001cc491f3350, 0x000001cc4a744830, 0x000001cc4aef5750
}

Java Threads: ( => current thread )
  0x000001cc6343f700 JavaThread "main"                              [_thread_in_native, id=5364, stack(0x000000c119300000,0x000000c119400000) (1024K)]
  0x000001cc7f275ea0 JavaThread "Reference Handler"          daemon [_thread_blocked, id=16100, stack(0x000000c119b00000,0x000000c119c00000) (1024K)]
  0x000001cc7f276900 JavaThread "Finalizer"                  daemon [_thread_blocked, id=18408, stack(0x000000c119c00000,0x000000c119d00000) (1024K)]
  0x000001cc7f277e90 JavaThread "Signal Dispatcher"          daemon [_thread_blocked, id=12348, stack(0x000000c119d00000,0x000000c119e00000) (1024K)]
  0x000001cc7f2788f0 JavaThread "Attach Listener"            daemon [_thread_blocked, id=17768, stack(0x000000c119e00000,0x000000c119f00000) (1024K)]
  0x000001cc7f27f5d0 JavaThread "Service Thread"             daemon [_thread_blocked, id=868, stack(0x000000c119f00000,0x000000c11a000000) (1024K)]
  0x000001cc7f2823f0 JavaThread "Monitor Deflation Thread"   daemon [_thread_blocked, id=34244, stack(0x000000c11a000000,0x000000c11a100000) (1024K)]
=>0x000001cc7f298510 JavaThread "C2 CompilerThread0"         daemon [_thread_in_native, id=37352, stack(0x000000c11a100000,0x000000c11a200000) (1024K)]
  0x000001cc7f2991e0 JavaThread "C1 CompilerThread0"         daemon [_thread_blocked, id=26944, stack(0x000000c11a200000,0x000000c11a300000) (1024K)]
  0x000001cc490f6f50 JavaThread "C1 CompilerThread1"         daemon [_thread_blocked, id=11664, stack(0x000000c11a300000,0x000000c11a400000) (1024K)]
  0x000001cc4916ec40 JavaThread "Notification Thread"        daemon [_thread_blocked, id=35316, stack(0x000000c11a400000,0x000000c11a500000) (1024K)]
  0x000001cc49179f00 JavaThread "Common-Cleaner"             daemon [_thread_blocked, id=42988, stack(0x000000c11a500000,0x000000c11a600000) (1024K)]
  0x000001cc491f3350 JavaThread "C1 CompilerThread2"         daemon [_thread_blocked, id=33816, stack(0x000000c11a600000,0x000000c11a700000) (1024K)]
  0x000001cc4a744830 JavaThread "Thread-1"                   daemon [_thread_blocked, id=19568, stack(0x000000c11b100000,0x000000c11b200000) (1024K)]
  0x000001cc4aef5750 JavaThread "C2 CompilerThread1"         daemon [_thread_in_native, id=17988, stack(0x000000c11a700000,0x000000c11a800000) (1024K)]
Total: 15

Other Threads:
  0x000001cc7f259350 VMThread "VM Thread"                           [id=6564, stack(0x000000c119a00000,0x000000c119b00000) (1024K)]
  0x000001cc7f2481d0 WatcherThread "VM Periodic Task Thread"        [id=31156, stack(0x000000c119900000,0x000000c119a00000) (1024K)]
  0x000001cc634a4d80 WorkerThread "GC Thread#0"                     [id=33788, stack(0x000000c119400000,0x000000c119500000) (1024K)]
  0x000001cc49f5a3f0 WorkerThread "GC Thread#1"                     [id=35528, stack(0x000000c11a900000,0x000000c11aa00000) (1024K)]
  0x000001cc49fe3630 WorkerThread "GC Thread#2"                     [id=17024, stack(0x000000c11aa00000,0x000000c11ab00000) (1024K)]
  0x000001cc49fe41f0 WorkerThread "GC Thread#3"                     [id=26988, stack(0x000000c11ab00000,0x000000c11ac00000) (1024K)]
  0x000001cc49f8d6f0 WorkerThread "GC Thread#4"                     [id=29316, stack(0x000000c11ac00000,0x000000c11ad00000) (1024K)]
  0x000001cc49f8daa0 WorkerThread "GC Thread#5"                     [id=21768, stack(0x000000c11ad00000,0x000000c11ae00000) (1024K)]
  0x000001cc49f8ee20 WorkerThread "GC Thread#6"                     [id=27404, stack(0x000000c11ae00000,0x000000c11af00000) (1024K)]
  0x000001cc4a1cde50 WorkerThread "GC Thread#7"                     [id=21148, stack(0x000000c11af00000,0x000000c11b000000) (1024K)]
  0x000001cc49f53a00 WorkerThread "GC Thread#8"                     [id=25020, stack(0x000000c11b000000,0x000000c11b100000) (1024K)]
  0x000001cc4a7475a0 WorkerThread "GC Thread#9"                     [id=36232, stack(0x000000c11b200000,0x000000c11b300000) (1024K)]
  0x000001cc4a745f80 WorkerThread "GC Thread#10"                    [id=4004, stack(0x000000c11b300000,0x000000c11b400000) (1024K)]
  0x000001cc4a745bd0 WorkerThread "GC Thread#11"                    [id=38008, stack(0x000000c11b400000,0x000000c11b500000) (1024K)]
  0x000001cc4a746330 WorkerThread "GC Thread#12"                    [id=41352, stack(0x000000c11b500000,0x000000c11b600000) (1024K)]
  0x000001cc634b97a0 ConcurrentGCThread "G1 Main Marker"            [id=41780, stack(0x000000c119500000,0x000000c119600000) (1024K)]
  0x000001cc634bbfe0 WorkerThread "G1 Conc#0"                       [id=1128, stack(0x000000c119600000,0x000000c119700000) (1024K)]
  0x000001cc7f1198b0 ConcurrentGCThread "G1 Refine#0"               [id=40880, stack(0x000000c119700000,0x000000c119800000) (1024K)]
  0x000001cc7f11a1d0 ConcurrentGCThread "G1 Service"                [id=22340, stack(0x000000c119800000,0x000000c119900000) (1024K)]
Total: 19

Threads with active compile tasks:
C2 CompilerThread0  11011 5101       4       org.apache.maven.repository.internal.ArtifactDescriptorReaderDelegate::convert (205 bytes)
C2 CompilerThread1  11011 5135   !   4       java.util.concurrent.ConcurrentHashMap::putVal (432 bytes)
Total: 2

VM state: not at safepoint (normal execution)

VM Mutex/Monitor currently owned by a thread: None

Heap address: 0x0000000704e00000, size: 4018 MB, Compressed Oops mode: Zero based, Oop shift amount: 3

CDS archive(s) mapped at: [0x000001cc04000000-0x000001cc04d70000-0x000001cc04d70000), size 14090240, SharedBaseAddress: 0x000001cc04000000, ArchiveRelocationMode: 1.
Compressed class space mapped at: 0x000001cc05000000-0x000001cc45000000, reserved size: 1073741824
Narrow klass base: 0x000001cc04000000, Narrow klass shift: 0, Narrow klass range: 0x41000000

GC Precious Log:
 CardTable entry size: 512
 Card Set container configuration: InlinePtr #cards 4 size 8 Array Of Cards #cards 16 size 48 Howl #buckets 8 coarsen threshold 3686 Howl Bitmap #cards 512 size 80 coarsen threshold 460 Card regions per heap region 1 cards per card region 4096
 CPUs: 16 total, 16 available
 Memory: 16071M
 Large Page Support: Disabled
 NUMA Support: Disabled
 Compressed Oops: Enabled (Zero based)
 Heap Region Size: 2M
 Heap Min Capacity: 8M
 Heap Initial Capacity: 252M
 Heap Max Capacity: 4018M
 Pre-touch: Disabled
 Parallel Workers: 13
 Concurrent Workers: 3
 Concurrent Refinement Workers: 13
 Periodic GC: Disabled

Heap:
 garbage-first heap   total reserved 4114432K, committed 258048K, used 29206K [0x0000000704e00000, 0x0000000800000000)
  region size 2048K, 10 young (20480K), 3 survivors (6144K)
 Metaspace       used 16725K, committed 16960K, reserved 1114112K
  class space    used 1947K, committed 2048K, reserved 1048576K

Heap Regions: E=young(eden), S=young(survivor), O=old, HS=humongous(starts), HC=humongous(continues), CS=collection set, F=free, TAMS=top-at-mark-start, PB=parsable bottom
|   0|0x0000000704e00000, 0x0000000705000000, 0x0000000705000000|100%| O|  |TAMS 0x0000000704e00000| PB 0x0000000704e00000| Untracked |  0
|   1|0x0000000705000000, 0x0000000705200000, 0x0000000705200000|100%| O|  |TAMS 0x0000000705000000| PB 0x0000000705000000| Untracked |  0
|   2|0x0000000705200000, 0x0000000705400000, 0x0000000705400000|100%| O|  |TAMS 0x0000000705200000| PB 0x0000000705200000| Untracked |  0
|   3|0x0000000705400000, 0x0000000705600000, 0x0000000705600000|100%| O|  |TAMS 0x0000000705400000| PB 0x0000000705400000| Untracked |  0
|   4|0x0000000705600000, 0x0000000705800000, 0x0000000705800000|100%| O|  |TAMS 0x0000000705600000| PB 0x0000000705600000| Untracked |  0
|   5|0x0000000705800000, 0x0000000705956c60, 0x0000000705a00000| 66%| O|  |TAMS 0x0000000705800000| PB 0x0000000705800000| Untracked |  0
|   6|0x0000000705a00000, 0x0000000705a00000, 0x0000000705c00000|  0%| F|  |TAMS 0x0000000705a00000| PB 0x0000000705a00000| Untracked |  0
|   7|0x0000000705c00000, 0x0000000705c00000, 0x0000000705e00000|  0%| F|  |TAMS 0x0000000705c00000| PB 0x0000000705c00000| Untracked |  0
|   8|0x0000000705e00000, 0x0000000705e00000, 0x0000000706000000|  0%| F|  |TAMS 0x0000000705e00000| PB 0x0000000705e00000| Untracked |  0
|   9|0x0000000706000000, 0x0000000706000000, 0x0000000706200000|  0%| F|  |TAMS 0x0000000706000000| PB 0x0000000706000000| Untracked |  0
|  10|0x0000000706200000, 0x0000000706200000, 0x0000000706400000|  0%| F|  |TAMS 0x0000000706200000| PB 0x0000000706200000| Untracked |  0
|  11|0x0000000706400000, 0x0000000706400000, 0x0000000706600000|  0%| F|  |TAMS 0x0000000706400000| PB 0x0000000706400000| Untracked |  0
|  12|0x0000000706600000, 0x0000000706600000, 0x0000000706800000|  0%| F|  |TAMS 0x0000000706600000| PB 0x0000000706600000| Untracked |  0
|  13|0x0000000706800000, 0x0000000706800000, 0x0000000706a00000|  0%| F|  |TAMS 0x0000000706800000| PB 0x0000000706800000| Untracked |  0
|  14|0x0000000706a00000, 0x0000000706a00000, 0x0000000706c00000|  0%| F|  |TAMS 0x0000000706a00000| PB 0x0000000706a00000| Untracked |  0
|  15|0x0000000706c00000, 0x0000000706c00000, 0x0000000706e00000|  0%| F|  |TAMS 0x0000000706c00000| PB 0x0000000706c00000| Untracked |  0
|  16|0x0000000706e00000, 0x0000000706e00000, 0x0000000707000000|  0%| F|  |TAMS 0x0000000706e00000| PB 0x0000000706e00000| Untracked |  0
|  17|0x0000000707000000, 0x0000000707000000, 0x0000000707200000|  0%| F|  |TAMS 0x0000000707000000| PB 0x0000000707000000| Untracked |  0
|  18|0x0000000707200000, 0x0000000707200000, 0x0000000707400000|  0%| F|  |TAMS 0x0000000707200000| PB 0x0000000707200000| Untracked |  0
|  19|0x0000000707400000, 0x0000000707400000, 0x0000000707600000|  0%| F|  |TAMS 0x0000000707400000| PB 0x0000000707400000| Untracked |  0
|  20|0x0000000707600000, 0x0000000707600000, 0x0000000707800000|  0%| F|  |TAMS 0x0000000707600000| PB 0x0000000707600000| Untracked |  0
|  21|0x0000000707800000, 0x0000000707800000, 0x0000000707a00000|  0%| F|  |TAMS 0x0000000707800000| PB 0x0000000707800000| Untracked |  0
|  22|0x0000000707a00000, 0x0000000707a00000, 0x0000000707c00000|  0%| F|  |TAMS 0x0000000707a00000| PB 0x0000000707a00000| Untracked |  0
|  23|0x0000000707c00000, 0x0000000707c00000, 0x0000000707e00000|  0%| F|  |TAMS 0x0000000707c00000| PB 0x0000000707c00000| Untracked |  0
|  24|0x0000000707e00000, 0x0000000707e00000, 0x0000000708000000|  0%| F|  |TAMS 0x0000000707e00000| PB 0x0000000707e00000| Untracked |  0
|  25|0x0000000708000000, 0x0000000708000000, 0x0000000708200000|  0%| F|  |TAMS 0x0000000708000000| PB 0x0000000708000000| Untracked |  0
|  26|0x0000000708200000, 0x0000000708200000, 0x0000000708400000|  0%| F|  |TAMS 0x0000000708200000| PB 0x0000000708200000| Untracked |  0
|  27|0x0000000708400000, 0x0000000708400000, 0x0000000708600000|  0%| F|  |TAMS 0x0000000708400000| PB 0x0000000708400000| Untracked |  0
|  28|0x0000000708600000, 0x0000000708600000, 0x0000000708800000|  0%| F|  |TAMS 0x0000000708600000| PB 0x0000000708600000| Untracked |  0
|  29|0x0000000708800000, 0x0000000708800000, 0x0000000708a00000|  0%| F|  |TAMS 0x0000000708800000| PB 0x0000000708800000| Untracked |  0
|  30|0x0000000708a00000, 0x0000000708a00000, 0x0000000708c00000|  0%| F|  |TAMS 0x0000000708a00000| PB 0x0000000708a00000| Untracked |  0
|  31|0x0000000708c00000, 0x0000000708c00000, 0x0000000708e00000|  0%| F|  |TAMS 0x0000000708c00000| PB 0x0000000708c00000| Untracked |  0
|  32|0x0000000708e00000, 0x0000000708e00000, 0x0000000709000000|  0%| F|  |TAMS 0x0000000708e00000| PB 0x0000000708e00000| Untracked |  0
|  33|0x0000000709000000, 0x0000000709000000, 0x0000000709200000|  0%| F|  |TAMS 0x0000000709000000| PB 0x0000000709000000| Untracked |  0
|  34|0x0000000709200000, 0x0000000709200000, 0x0000000709400000|  0%| F|  |TAMS 0x0000000709200000| PB 0x0000000709200000| Untracked |  0
|  35|0x0000000709400000, 0x0000000709400000, 0x0000000709600000|  0%| F|  |TAMS 0x0000000709400000| PB 0x0000000709400000| Untracked |  0
|  36|0x0000000709600000, 0x0000000709600000, 0x0000000709800000|  0%| F|  |TAMS 0x0000000709600000| PB 0x0000000709600000| Untracked |  0
|  37|0x0000000709800000, 0x0000000709800000, 0x0000000709a00000|  0%| F|  |TAMS 0x0000000709800000| PB 0x0000000709800000| Untracked |  0
|  38|0x0000000709a00000, 0x0000000709a00000, 0x0000000709c00000|  0%| F|  |TAMS 0x0000000709a00000| PB 0x0000000709a00000| Untracked |  0
|  39|0x0000000709c00000, 0x0000000709c00000, 0x0000000709e00000|  0%| F|  |TAMS 0x0000000709c00000| PB 0x0000000709c00000| Untracked |  0
|  40|0x0000000709e00000, 0x0000000709e00000, 0x000000070a000000|  0%| F|  |TAMS 0x0000000709e00000| PB 0x0000000709e00000| Untracked |  0
|  41|0x000000070a000000, 0x000000070a000000, 0x000000070a200000|  0%| F|  |TAMS 0x000000070a000000| PB 0x000000070a000000| Untracked |  0
|  42|0x000000070a200000, 0x000000070a200000, 0x000000070a400000|  0%| F|  |TAMS 0x000000070a200000| PB 0x000000070a200000| Untracked |  0
|  43|0x000000070a400000, 0x000000070a400000, 0x000000070a600000|  0%| F|  |TAMS 0x000000070a400000| PB 0x000000070a400000| Untracked |  0
|  44|0x000000070a600000, 0x000000070a600000, 0x000000070a800000|  0%| F|  |TAMS 0x000000070a600000| PB 0x000000070a600000| Untracked |  0
|  45|0x000000070a800000, 0x000000070a800000, 0x000000070aa00000|  0%| F|  |TAMS 0x000000070a800000| PB 0x000000070a800000| Untracked |  0
|  46|0x000000070aa00000, 0x000000070aa00000, 0x000000070ac00000|  0%| F|  |TAMS 0x000000070aa00000| PB 0x000000070aa00000| Untracked |  0
|  47|0x000000070ac00000, 0x000000070ac00000, 0x000000070ae00000|  0%| F|  |TAMS 0x000000070ac00000| PB 0x000000070ac00000| Untracked |  0
|  48|0x000000070ae00000, 0x000000070ae00000, 0x000000070b000000|  0%| F|  |TAMS 0x000000070ae00000| PB 0x000000070ae00000| Untracked |  0
|  49|0x000000070b000000, 0x000000070b000000, 0x000000070b200000|  0%| F|  |TAMS 0x000000070b000000| PB 0x000000070b000000| Untracked |  0
|  50|0x000000070b200000, 0x000000070b200000, 0x000000070b400000|  0%| F|  |TAMS 0x000000070b200000| PB 0x000000070b200000| Untracked |  0
|  51|0x000000070b400000, 0x000000070b400000, 0x000000070b600000|  0%| F|  |TAMS 0x000000070b400000| PB 0x000000070b400000| Untracked |  0
|  52|0x000000070b600000, 0x000000070b600000, 0x000000070b800000|  0%| F|  |TAMS 0x000000070b600000| PB 0x000000070b600000| Untracked |  0
|  53|0x000000070b800000, 0x000000070b800000, 0x000000070ba00000|  0%| F|  |TAMS 0x000000070b800000| PB 0x000000070b800000| Untracked |  0
|  54|0x000000070ba00000, 0x000000070ba00000, 0x000000070bc00000|  0%| F|  |TAMS 0x000000070ba00000| PB 0x000000070ba00000| Untracked |  0
|  55|0x000000070bc00000, 0x000000070bc00000, 0x000000070be00000|  0%| F|  |TAMS 0x000000070bc00000| PB 0x000000070bc00000| Untracked |  0
|  56|0x000000070be00000, 0x000000070be00000, 0x000000070c000000|  0%| F|  |TAMS 0x000000070be00000| PB 0x000000070be00000| Untracked |  0
|  57|0x000000070c000000, 0x000000070c000000, 0x000000070c200000|  0%| F|  |TAMS 0x000000070c000000| PB 0x000000070c000000| Untracked |  0
|  58|0x000000070c200000, 0x000000070c200000, 0x000000070c400000|  0%| F|  |TAMS 0x000000070c200000| PB 0x000000070c200000| Untracked |  0
|  59|0x000000070c400000, 0x000000070c400000, 0x000000070c600000|  0%| F|  |TAMS 0x000000070c400000| PB 0x000000070c400000| Untracked |  0
|  60|0x000000070c600000, 0x000000070c600000, 0x000000070c800000|  0%| F|  |TAMS 0x000000070c600000| PB 0x000000070c600000| Untracked |  0
|  61|0x000000070c800000, 0x000000070c800000, 0x000000070ca00000|  0%| F|  |TAMS 0x000000070c800000| PB 0x000000070c800000| Untracked |  0
|  62|0x000000070ca00000, 0x000000070ca00000, 0x000000070cc00000|  0%| F|  |TAMS 0x000000070ca00000| PB 0x000000070ca00000| Untracked |  0
|  63|0x000000070cc00000, 0x000000070cc00000, 0x000000070ce00000|  0%| F|  |TAMS 0x000000070cc00000| PB 0x000000070cc00000| Untracked |  0
|  64|0x000000070ce00000, 0x000000070ce00000, 0x000000070d000000|  0%| F|  |TAMS 0x000000070ce00000| PB 0x000000070ce00000| Untracked |  0
|  65|0x000000070d000000, 0x000000070d000000, 0x000000070d200000|  0%| F|  |TAMS 0x000000070d000000| PB 0x000000070d000000| Untracked |  0
|  66|0x000000070d200000, 0x000000070d200000, 0x000000070d400000|  0%| F|  |TAMS 0x000000070d200000| PB 0x000000070d200000| Untracked |  0
|  67|0x000000070d400000, 0x000000070d400000, 0x000000070d600000|  0%| F|  |TAMS 0x000000070d400000| PB 0x000000070d400000| Untracked |  0
|  68|0x000000070d600000, 0x000000070d600000, 0x000000070d800000|  0%| F|  |TAMS 0x000000070d600000| PB 0x000000070d600000| Untracked |  0
|  69|0x000000070d800000, 0x000000070d800000, 0x000000070da00000|  0%| F|  |TAMS 0x000000070d800000| PB 0x000000070d800000| Untracked |  0
|  70|0x000000070da00000, 0x000000070da00000, 0x000000070dc00000|  0%| F|  |TAMS 0x000000070da00000| PB 0x000000070da00000| Untracked |  0
|  71|0x000000070dc00000, 0x000000070dc00000, 0x000000070de00000|  0%| F|  |TAMS 0x000000070dc00000| PB 0x000000070dc00000| Untracked |  0
|  72|0x000000070de00000, 0x000000070de00000, 0x000000070e000000|  0%| F|  |TAMS 0x000000070de00000| PB 0x000000070de00000| Untracked |  0
|  73|0x000000070e000000, 0x000000070e000000, 0x000000070e200000|  0%| F|  |TAMS 0x000000070e000000| PB 0x000000070e000000| Untracked |  0
|  74|0x000000070e200000, 0x000000070e200000, 0x000000070e400000|  0%| F|  |TAMS 0x000000070e200000| PB 0x000000070e200000| Untracked |  0
|  75|0x000000070e400000, 0x000000070e400000, 0x000000070e600000|  0%| F|  |TAMS 0x000000070e400000| PB 0x000000070e400000| Untracked |  0
|  76|0x000000070e600000, 0x000000070e600000, 0x000000070e800000|  0%| F|  |TAMS 0x000000070e600000| PB 0x000000070e600000| Untracked |  0
|  77|0x000000070e800000, 0x000000070e800000, 0x000000070ea00000|  0%| F|  |TAMS 0x000000070e800000| PB 0x000000070e800000| Untracked |  0
|  78|0x000000070ea00000, 0x000000070ea00000, 0x000000070ec00000|  0%| F|  |TAMS 0x000000070ea00000| PB 0x000000070ea00000| Untracked |  0
|  79|0x000000070ec00000, 0x000000070ec00000, 0x000000070ee00000|  0%| F|  |TAMS 0x000000070ec00000| PB 0x000000070ec00000| Untracked |  0
|  80|0x000000070ee00000, 0x000000070ee00000, 0x000000070f000000|  0%| F|  |TAMS 0x000000070ee00000| PB 0x000000070ee00000| Untracked |  0
|  81|0x000000070f000000, 0x000000070f000000, 0x000000070f200000|  0%| F|  |TAMS 0x000000070f000000| PB 0x000000070f000000| Untracked |  0
|  82|0x000000070f200000, 0x000000070f200000, 0x000000070f400000|  0%| F|  |TAMS 0x000000070f200000| PB 0x000000070f200000| Untracked |  0
|  83|0x000000070f400000, 0x000000070f400000, 0x000000070f600000|  0%| F|  |TAMS 0x000000070f400000| PB 0x000000070f400000| Untracked |  0
|  84|0x000000070f600000, 0x000000070f600000, 0x000000070f800000|  0%| F|  |TAMS 0x000000070f600000| PB 0x000000070f600000| Untracked |  0
|  85|0x000000070f800000, 0x000000070f800000, 0x000000070fa00000|  0%| F|  |TAMS 0x000000070f800000| PB 0x000000070f800000| Untracked |  0
|  86|0x000000070fa00000, 0x000000070fa00000, 0x000000070fc00000|  0%| F|  |TAMS 0x000000070fa00000| PB 0x000000070fa00000| Untracked |  0
|  87|0x000000070fc00000, 0x000000070fc00000, 0x000000070fe00000|  0%| F|  |TAMS 0x000000070fc00000| PB 0x000000070fc00000| Untracked |  0
|  88|0x000000070fe00000, 0x000000070fe00000, 0x0000000710000000|  0%| F|  |TAMS 0x000000070fe00000| PB 0x000000070fe00000| Untracked |  0
|  89|0x0000000710000000, 0x0000000710000000, 0x0000000710200000|  0%| F|  |TAMS 0x0000000710000000| PB 0x0000000710000000| Untracked |  0
|  90|0x0000000710200000, 0x0000000710200000, 0x0000000710400000|  0%| F|  |TAMS 0x0000000710200000| PB 0x0000000710200000| Untracked |  0
|  91|0x0000000710400000, 0x0000000710400000, 0x0000000710600000|  0%| F|  |TAMS 0x0000000710400000| PB 0x0000000710400000| Untracked |  0
|  92|0x0000000710600000, 0x0000000710600000, 0x0000000710800000|  0%| F|  |TAMS 0x0000000710600000| PB 0x0000000710600000| Untracked |  0
|  93|0x0000000710800000, 0x000000071092ed90, 0x0000000710a00000| 59%| S|CS|TAMS 0x0000000710800000| PB 0x0000000710800000| Complete |  0
|  94|0x0000000710a00000, 0x0000000710c00000, 0x0000000710c00000|100%| S|CS|TAMS 0x0000000710a00000| PB 0x0000000710a00000| Complete |  0
|  95|0x0000000710c00000, 0x0000000710e00000, 0x0000000710e00000|100%| S|CS|TAMS 0x0000000710c00000| PB 0x0000000710c00000| Complete |  0
|  96|0x0000000710e00000, 0x0000000710e00000, 0x0000000711000000|  0%| F|  |TAMS 0x0000000710e00000| PB 0x0000000710e00000| Untracked |  0
|  97|0x0000000711000000, 0x0000000711000000, 0x0000000711200000|  0%| F|  |TAMS 0x0000000711000000| PB 0x0000000711000000| Untracked |  0
|  98|0x0000000711200000, 0x0000000711200000, 0x0000000711400000|  0%| F|  |TAMS 0x0000000711200000| PB 0x0000000711200000| Untracked |  0
|  99|0x0000000711400000, 0x0000000711400000, 0x0000000711600000|  0%| F|  |TAMS 0x0000000711400000| PB 0x0000000711400000| Untracked |  0
| 100|0x0000000711600000, 0x0000000711600000, 0x0000000711800000|  0%| F|  |TAMS 0x0000000711600000| PB 0x0000000711600000| Untracked |  0
| 101|0x0000000711800000, 0x0000000711800000, 0x0000000711a00000|  0%| F|  |TAMS 0x0000000711800000| PB 0x0000000711800000| Untracked |  0
| 102|0x0000000711a00000, 0x0000000711a00000, 0x0000000711c00000|  0%| F|  |TAMS 0x0000000711a00000| PB 0x0000000711a00000| Untracked |  0
| 103|0x0000000711c00000, 0x0000000711c00000, 0x0000000711e00000|  0%| F|  |TAMS 0x0000000711c00000| PB 0x0000000711c00000| Untracked |  0
| 104|0x0000000711e00000, 0x0000000711e00000, 0x0000000712000000|  0%| F|  |TAMS 0x0000000711e00000| PB 0x0000000711e00000| Untracked |  0
| 105|0x0000000712000000, 0x0000000712000000, 0x0000000712200000|  0%| F|  |TAMS 0x0000000712000000| PB 0x0000000712000000| Untracked |  0
| 106|0x0000000712200000, 0x0000000712200000, 0x0000000712400000|  0%| F|  |TAMS 0x0000000712200000| PB 0x0000000712200000| Untracked |  0
| 107|0x0000000712400000, 0x0000000712400000, 0x0000000712600000|  0%| F|  |TAMS 0x0000000712400000| PB 0x0000000712400000| Untracked |  0
| 108|0x0000000712600000, 0x0000000712600000, 0x0000000712800000|  0%| F|  |TAMS 0x0000000712600000| PB 0x0000000712600000| Untracked |  0
| 109|0x0000000712800000, 0x0000000712800000, 0x0000000712a00000|  0%| F|  |TAMS 0x0000000712800000| PB 0x0000000712800000| Untracked |  0
| 110|0x0000000712a00000, 0x0000000712a00000, 0x0000000712c00000|  0%| F|  |TAMS 0x0000000712a00000| PB 0x0000000712a00000| Untracked |  0
| 111|0x0000000712c00000, 0x0000000712c00000, 0x0000000712e00000|  0%| F|  |TAMS 0x0000000712c00000| PB 0x0000000712c00000| Untracked |  0
| 112|0x0000000712e00000, 0x0000000712e00000, 0x0000000713000000|  0%| F|  |TAMS 0x0000000712e00000| PB 0x0000000712e00000| Untracked |  0
| 113|0x0000000713000000, 0x0000000713000000, 0x0000000713200000|  0%| F|  |TAMS 0x0000000713000000| PB 0x0000000713000000| Untracked |  0
| 114|0x0000000713200000, 0x0000000713200000, 0x0000000713400000|  0%| F|  |TAMS 0x0000000713200000| PB 0x0000000713200000| Untracked |  0
| 115|0x0000000713400000, 0x0000000713400000, 0x0000000713600000|  0%| F|  |TAMS 0x0000000713400000| PB 0x0000000713400000| Untracked |  0
| 116|0x0000000713600000, 0x0000000713600000, 0x0000000713800000|  0%| F|  |TAMS 0x0000000713600000| PB 0x0000000713600000| Untracked |  0
| 117|0x0000000713800000, 0x0000000713800000, 0x0000000713a00000|  0%| F|  |TAMS 0x0000000713800000| PB 0x0000000713800000| Untracked |  0
| 118|0x0000000713a00000, 0x0000000713a00000, 0x0000000713c00000|  0%| F|  |TAMS 0x0000000713a00000| PB 0x0000000713a00000| Untracked |  0
| 119|0x0000000713c00000, 0x0000000713e00000, 0x0000000713e00000|100%| E|  |TAMS 0x0000000713c00000| PB 0x0000000713c00000| Complete |  0
| 120|0x0000000713e00000, 0x0000000714000000, 0x0000000714000000|100%| E|CS|TAMS 0x0000000713e00000| PB 0x0000000713e00000| Complete |  0
| 121|0x0000000714000000, 0x0000000714200000, 0x0000000714200000|100%| E|CS|TAMS 0x0000000714000000| PB 0x0000000714000000| Complete |  0
| 122|0x0000000714200000, 0x0000000714400000, 0x0000000714400000|100%| E|CS|TAMS 0x0000000714200000| PB 0x0000000714200000| Complete |  0
| 123|0x0000000714400000, 0x0000000714600000, 0x0000000714600000|100%| E|CS|TAMS 0x0000000714400000| PB 0x0000000714400000| Complete |  0
| 124|0x0000000714600000, 0x0000000714800000, 0x0000000714800000|100%| E|CS|TAMS 0x0000000714600000| PB 0x0000000714600000| Complete |  0
| 125|0x0000000714800000, 0x0000000714a00000, 0x0000000714a00000|100%| E|CS|TAMS 0x0000000714800000| PB 0x0000000714800000| Complete |  0

Card table byte_map: [0x000001cc7bc00000,0x000001cc7c3e0000] _byte_map_base: 0x000001cc783d9000

Marking Bits: (CMBitMap*) 0x000001cc634a5490
 Bits: [0x000001cc00000000, 0x000001cc03ec8000)

Polling page: 0x000001cc61230000

Metaspace:

Usage:
  Non-class:     14.43 MB used.
      Class:      1.90 MB used.
       Both:     16.33 MB used.

Virtual space:
  Non-class space:       64.00 MB reserved,      14.56 MB ( 23%) committed,  1 nodes.
      Class space:        1.00 GB reserved,       2.00 MB ( <1%) committed,  1 nodes.
             Both:        1.06 GB reserved,      16.56 MB (  2%) committed. 

Chunk freelists:
   Non-Class:  544.00 KB
       Class:  14.01 MB
        Both:  14.54 MB

MaxMetaspaceSize: unlimited
CompressedClassSpaceSize: 1.00 GB
Initial GC threshold: 21.00 MB
Current GC threshold: 21.00 MB
CDS: on
 - commit_granule_bytes: 65536.
 - commit_granule_words: 8192.
 - virtual_space_node_default_size: 8388608.
 - enlarge_chunks_in_place: 1.
 - use_allocation_guard: 0.


Internal statistics:

num_allocs_failed_limit: 0.
num_arena_births: 148.
num_arena_deaths: 0.
num_vsnodes_births: 2.
num_vsnodes_deaths: 0.
num_space_committed: 265.
num_space_uncommitted: 0.
num_chunks_returned_to_freelist: 0.
num_chunks_taken_from_freelist: 706.
num_chunk_merges: 0.
num_chunk_splits: 482.
num_chunks_enlarged: 394.
num_inconsistent_stats: 0.

CodeHeap 'non-profiled nmethods': size=119232Kb used=1879Kb max_used=1879Kb free=117352Kb
 bounds [0x000001cc73710000, 0x000001cc73980000, 0x000001cc7ab80000]
CodeHeap 'profiled nmethods': size=119104Kb used=8571Kb max_used=8571Kb free=110533Kb
 bounds [0x000001cc6bb80000, 0x000001cc6c3e0000, 0x000001cc72fd0000]
CodeHeap 'non-nmethods': size=7424Kb used=2529Kb max_used=3146Kb free=4894Kb
 bounds [0x000001cc72fd0000, 0x000001cc73300000, 0x000001cc73710000]
CodeCache: size=245760Kb, used=12979Kb, max_used=13596Kb, free=232779Kb
 total_blobs=5683, nmethods=5176, adapters=410, full_count=0
Compilation: enabled, stopped_count=0, restarted_count=0

Compilation events (20 events):
Event: 7.894 Thread 0x000001cc4aef5750 5112       4       java.util.HashMap::keysToArray (81 bytes)
Event: 7.894 Thread 0x000001cc7f2991e0 5114       1       org.apache.maven.model.Profile::getBuild (5 bytes)
Event: 7.894 Thread 0x000001cc7f2991e0 nmethod 5114 0x000001cc738db608 code [0x000001cc738db720, 0x000001cc738db7f0]
Event: 7.895 Thread 0x000001cc7f2991e0 5115       3       org.apache.maven.repository.internal.ArtifactDescriptorReaderDelegate::populateResult (426 bytes)
Event: 7.897 Thread 0x000001cc4aef5750 nmethod 5112 0x000001cc738db908 code [0x000001cc738dba20, 0x000001cc738dbd18]
Event: 7.897 Thread 0x000001cc4aef5750 5113       4       java.lang.StringLatin1::toLowerCase (155 bytes)
Event: 7.897 Thread 0x000001cc490f6f50 5117       3       java.io.File::getAbsoluteFile (38 bytes)
Event: 7.898 Thread 0x000001cc490f6f50 nmethod 5117 0x000001cc6c3bc388 code [0x000001cc6c3bc500, 0x000001cc6c3bc968]
Event: 7.898 Thread 0x000001cc7f2991e0 nmethod 5115 0x000001cc6c3bca08 code [0x000001cc6c3bd0e0, 0x000001cc6c3c12e8]
Event: 7.898 Thread 0x000001cc49832870 5118       3       org.apache.maven.model.merge.ModelMerger::mergeModelBase_DependencyManagement (49 bytes)
Event: 7.899 Thread 0x000001cc49832870 nmethod 5118 0x000001cc6c3c1488 code [0x000001cc6c3c15e0, 0x000001cc6c3c1b68]
Event: 7.903 Thread 0x000001cc490f6f50 5120       3       java.util.ArrayList$SubList::checkForComodification (23 bytes)
Event: 7.903 Thread 0x000001cc490f6f50 nmethod 5120 0x000001cc6c3c1c08 code [0x000001cc6c3c1d40, 0x000001cc6c3c1f68]
Event: 7.904 Thread 0x000001cc49832870 5121   !   3       java.util.concurrent.ConcurrentHashMap::tryPresize (193 bytes)
Event: 7.905 Thread 0x000001cc4aef5750 nmethod 5113 0x000001cc738dbd88 code [0x000001cc738dbee0, 0x000001cc738dc580]
Event: 7.905 Thread 0x000001cc49832870 nmethod 5121 0x000001cc6c3c1f88 code [0x000001cc6c3c2120, 0x000001cc6c3c28e8]
Event: 7.906 Thread 0x000001cc4aef5750 5119       4       java.util.HashMap::keysToArray (81 bytes)
Event: 7.912 Thread 0x000001cc7f2991e0 5124       3       org.apache.maven.model.ReportPlugin::<init> (16 bytes)
Event: 7.912 Thread 0x000001cc7f2991e0 nmethod 5124 0x000001cc6c3c2988 code [0x000001cc6c3c2ac0, 0x000001cc6c3c2d30]
Event: 7.915 Thread 0x000001cc7f2991e0 5125   !   3       org.apache.maven.model.ReportPlugin::clone (115 bytes)

GC Heap History (8 events):
Event: 0.813 GC heap before
{Heap before GC invocations=0 (full 0):
 garbage-first heap   total reserved 4114432K, committed 258048K, used 24576K [0x0000000704e00000, 0x0000000800000000)
  region size 2048K, 12 young (24576K), 0 survivors (0K)
 Metaspace       used 5851K, committed 5952K, reserved 1114112K
  class space    used 711K, committed 768K, reserved 1048576K
}
Event: 0.818 GC heap after
{Heap after GC invocations=1 (full 0):
 garbage-first heap   total reserved 4114432K, committed 258048K, used 4113K [0x0000000704e00000, 0x0000000800000000)
  region size 2048K, 2 young (4096K), 2 survivors (4096K)
 Metaspace       used 5851K, committed 5952K, reserved 1114112K
  class space    used 711K, committed 768K, reserved 1048576K
}
Event: 1.141 GC heap before
{Heap before GC invocations=1 (full 0):
 garbage-first heap   total reserved 4114432K, committed 258048K, used 24593K [0x0000000704e00000, 0x0000000800000000)
  region size 2048K, 13 young (26624K), 2 survivors (4096K)
 Metaspace       used 7597K, committed 7808K, reserved 1114112K
  class space    used 915K, committed 1024K, reserved 1048576K
}
Event: 1.145 GC heap after
{Heap after GC invocations=2 (full 0):
 garbage-first heap   total reserved 4114432K, committed 258048K, used 4843K [0x0000000704e00000, 0x0000000800000000)
  region size 2048K, 1 young (2048K), 1 survivors (2048K)
 Metaspace       used 7597K, committed 7808K, reserved 1114112K
  class space    used 915K, committed 1024K, reserved 1048576K
}
Event: 7.142 GC heap before
{Heap before GC invocations=2 (full 0):
 garbage-first heap   total reserved 4114432K, committed 258048K, used 70379K [0x0000000704e00000, 0x0000000800000000)
  region size 2048K, 33 young (67584K), 1 survivors (2048K)
 Metaspace       used 15737K, committed 15936K, reserved 1114112K
  class space    used 1909K, committed 1984K, reserved 1048576K
}
Event: 7.148 GC heap after
{Heap after GC invocations=3 (full 0):
 garbage-first heap   total reserved 4114432K, committed 258048K, used 11816K [0x0000000704e00000, 0x0000000800000000)
  region size 2048K, 4 young (8192K), 4 survivors (8192K)
 Metaspace       used 15737K, committed 15936K, reserved 1114112K
  class space    used 1909K, committed 1984K, reserved 1048576K
}
Event: 7.878 GC heap before
{Heap before GC invocations=3 (full 0):
 garbage-first heap   total reserved 4114432K, committed 258048K, used 73256K [0x0000000704e00000, 0x0000000800000000)
  region size 2048K, 34 young (69632K), 4 survivors (8192K)
 Metaspace       used 16684K, committed 16896K, reserved 1114112K
  class space    used 1947K, committed 2048K, reserved 1048576K
}
Event: 7.885 GC heap after
{Heap after GC invocations=4 (full 0):
 garbage-first heap   total reserved 4114432K, committed 258048K, used 16918K [0x0000000704e00000, 0x0000000800000000)
  region size 2048K, 3 young (6144K), 3 survivors (6144K)
 Metaspace       used 16684K, committed 16896K, reserved 1114112K
  class space    used 1947K, committed 2048K, reserved 1048576K
}

Dll operation events (8 events):
Event: 0.015 Loaded shared library C:\Program Files\Java\jdk-23\bin\java.dll
Event: 0.056 Loaded shared library C:\Program Files\Java\jdk-23\bin\jsvml.dll
Event: 0.084 Loaded shared library C:\Program Files\Java\jdk-23\bin\net.dll
Event: 0.087 Loaded shared library C:\Program Files\Java\jdk-23\bin\nio.dll
Event: 0.091 Loaded shared library C:\Program Files\Java\jdk-23\bin\zip.dll
Event: 0.255 Loaded shared library C:\Program Files\Java\jdk-23\bin\jimage.dll
Event: 0.258 Loaded shared library C:\Users\omkar\.m2\wrapper\dists\apache-maven-3.9.14\ed7edd442f634ac1c1ef5ba2b61b6d690b5221091f1a8e1123f5fadcc967520d\lib\jansi-native\Windows\x86_64\jansi.dll
Event: 0.293 Loaded shared library C:\Program Files\Java\jdk-23\bin\verify.dll

Deoptimization events (20 events):
Event: 7.869 Thread 0x000001cc6343f700 Uncommon trap: reason=profile_predicate action=maybe_recompile pc=0x000001cc738d845c method=java.util.HashMap.keysToArray([Ljava/lang/Object;)[Ljava/lang/Object; @ 36 c2
Event: 7.869 Thread 0x000001cc6343f700 DEOPT PACKING pc=0x000001cc738d845c sp=0x000000c1193fc1b0
Event: 7.869 Thread 0x000001cc6343f700 DEOPT UNPACKING pc=0x000001cc73024402 sp=0x000000c1193fc150 mode 2
Event: 7.893 Thread 0x000001cc6343f700 Uncommon trap: trap_request=0xffffff76 fr.pc=0x000001cc738d9440 relative=0x0000000000000220
Event: 7.893 Thread 0x000001cc6343f700 Uncommon trap: reason=predicate action=maybe_recompile pc=0x000001cc738d9440 method=java.util.HashMap.keysToArray([Ljava/lang/Object;)[Ljava/lang/Object; @ 48 c2
Event: 7.893 Thread 0x000001cc6343f700 DEOPT PACKING pc=0x000001cc738d9440 sp=0x000000c1193fc1a0
Event: 7.893 Thread 0x000001cc6343f700 DEOPT UNPACKING pc=0x000001cc73024402 sp=0x000000c1193fc138 mode 2
Event: 7.903 Thread 0x000001cc6343f700 Uncommon trap: trap_request=0xffffffbe fr.pc=0x000001cc738dbc5c relative=0x000000000000023c
Event: 7.903 Thread 0x000001cc6343f700 Uncommon trap: reason=profile_predicate action=maybe_recompile pc=0x000001cc738dbc5c method=java.util.HashMap.keysToArray([Ljava/lang/Object;)[Ljava/lang/Object; @ 48 c2
Event: 7.903 Thread 0x000001cc6343f700 DEOPT PACKING pc=0x000001cc738dbc5c sp=0x000000c1193fc610
Event: 7.903 Thread 0x000001cc6343f700 DEOPT UNPACKING pc=0x000001cc73024402 sp=0x000000c1193fc5b8 mode 2
Event: 7.903 Thread 0x000001cc6343f700 Uncommon trap: trap_request=0xffffffbe fr.pc=0x000001cc738dbc5c relative=0x000000000000023c
Event: 7.903 Thread 0x000001cc6343f700 Uncommon trap: reason=profile_predicate action=maybe_recompile pc=0x000001cc738dbc5c method=java.util.HashMap.keysToArray([Ljava/lang/Object;)[Ljava/lang/Object; @ 48 c2
Event: 7.903 Thread 0x000001cc6343f700 DEOPT PACKING pc=0x000001cc738dbc5c sp=0x000000c1193fc610
Event: 7.903 Thread 0x000001cc6343f700 DEOPT UNPACKING pc=0x000001cc73024402 sp=0x000000c1193fc5b8 mode 2
Event: 7.906 Thread 0x000001cc6343f700 Uncommon trap: trap_request=0xffffffde fr.pc=0x000001cc7374f570 relative=0x0000000000000e90
Event: 7.906 Thread 0x000001cc6343f700 Uncommon trap: reason=class_check action=maybe_recompile pc=0x000001cc7374f570 method=java.util.concurrent.ConcurrentHashMap.putVal(Ljava/lang/Object;Ljava/lang/Object;Z)Ljava/lang/Object; @ 242 c2
Event: 7.906 Thread 0x000001cc6343f700 DEOPT PACKING pc=0x000001cc7374f570 sp=0x000000c1193fcfa0
Event: 7.906 Thread 0x000001cc6343f700 DEOPT UNPACKING pc=0x000001cc73024402 sp=0x000000c1193fcf10 mode 2
Event: 7.915 Thread 0x000001cc6343f700 Uncommon trap: trap_request=0xffffffc6 fr.pc=0x000001cc7389a79c relative=0x000000000000049c

Classes loaded (20 events):
Event: 5.504 Loading class java/util/spi/ResourceBundleProvider
Event: 5.504 Loading class java/util/spi/ResourceBundleProvider done
Event: 5.504 Loading class sun/util/resources/LocaleData$LocaleDataResourceBundleProvider done
Event: 5.504 Loading class sun/util/resources/LocaleData$CommonResourceBundleProvider done
Event: 5.504 Loading class sun/util/resources/Bundles$2
Event: 5.505 Loading class sun/util/resources/Bundles$2 done
Event: 5.523 Loading class java/util/stream/IntStream
Event: 5.523 Loading class java/util/stream/IntStream done
Event: 5.523 Loading class java/util/stream/IntPipeline$Head
Event: 5.523 Loading class java/util/stream/IntPipeline
Event: 5.524 Loading class java/util/stream/IntPipeline done
Event: 5.524 Loading class java/util/stream/IntPipeline$Head done
Event: 5.530 Loading class java/util/StringTokenizer
Event: 5.531 Loading class java/util/StringTokenizer done
Event: 5.540 Loading class sun/invoke/util/ValueConversions$1
Event: 5.541 Loading class sun/invoke/util/ValueConversions$1 done
Event: 5.541 Loading class java/lang/invoke/BoundMethodHandle$Species_LI
Event: 5.541 Loading class java/lang/invoke/BoundMethodHandle$Species_LI done
Event: 5.599 Loading class java/util/stream/Streams$RangeIntSpliterator
Event: 5.600 Loading class java/util/stream/Streams$RangeIntSpliterator done

Classes unloaded (0 events):
No events

Classes redefined (0 events):
No events

Internal exceptions (20 events):
Event: 1.456 Thread 0x000001cc6343f700 Exception <a 'java/lang/NoSuchMethodError'{0x0000000713914928}: 'void java.lang.invoke.DirectMethodHandle$Holder.invokeStaticInit(java.lang.Object, java.lang.Object, java.lang.Object)'> (0x0000000713914928) 
thrown [s\open\src\hotspot\share\interpreter\linkResolver.cpp, line 796]
Event: 1.468 Thread 0x000001cc6343f700 Implicit null exception at 0x000001cc737a99bd to 0x000001cc737a9b54
Event: 1.470 Thread 0x000001cc6343f700 Exception <a 'java/lang/NoSuchMethodError'{0x0000000713988c50}: 'java.lang.Object java.lang.invoke.Invokers$Holder.invokeExact_MT(java.lang.Object, int, java.lang.Object)'> (0x0000000713988c50) 
thrown [s\open\src\hotspot\share\interpreter\linkResolver.cpp, line 796]
Event: 1.688 Thread 0x000001cc6343f700 Exception <a 'java/lang/NoSuchMethodError'{0x0000000712c03c48}: 'void java.lang.invoke.Invokers$Holder.invokeExact_MT(java.lang.Object, java.lang.Object, java.lang.Object, java.lang.Object)'> (0x0000000712c03c48) 
thrown [s\open\src\hotspot\share\interpreter\linkResolver.cpp, line 796]
Event: 1.702 Thread 0x000001cc6343f700 Exception <a 'java/lang/NoClassDefFoundError'{0x0000000712c982c0}: com/google/inject/servlet/ServletModuleTargetVisitor> (0x0000000712c982c0) 
thrown [s\open\src\hotspot\share\classfile\systemDictionary.cpp, line 302]
Event: 1.798 Thread 0x000001cc6343f700 Exception <a 'java/lang/NoSuchMethodError'{0x0000000712b10d60}: 'java.lang.Object java.lang.invoke.DirectMethodHandle$Holder.invokeStaticInit(java.lang.Object, int, int, int, int)'> (0x0000000712b10d60) 
thrown [s\open\src\hotspot\share\interpreter\linkResolver.cpp, line 796]
Event: 5.441 Thread 0x000001cc6343f700 Implicit null exception at 0x000001cc7373d594 to 0x000001cc7373dc08
Event: 5.441 Thread 0x000001cc6343f700 Implicit null exception at 0x000001cc73739d90 to 0x000001cc7373a3f0
Event: 5.475 Thread 0x000001cc6343f700 Exception <a 'java/lang/NoSuchMethodError'{0x00000007127c28a8}: 'void java.lang.invoke.DirectMethodHandle$Holder.invokeSpecial(java.lang.Object, java.lang.Object, java.lang.Object, java.lang.Object, java.lang.Object)'> (0x00000007127c28a8) 
thrown [s\open\src\hotspot\share\interpreter\linkResolver.cpp, line 796]
Event: 5.476 Thread 0x000001cc6343f700 Exception <a 'java/lang/NoSuchMethodError'{0x00000007127d9368}: 'void java.lang.invoke.DirectMethodHandle$Holder.invokeSpecial(java.lang.Object, java.lang.Object, java.lang.Object, java.lang.Object, java.lang.Object, java.lang.Object)'> (0x00000007127d9368) 
thrown [s\open\src\hotspot\share\interpreter\linkResolver.cpp, line 796]
Event: 5.489 Thread 0x000001cc6343f700 Exception <a 'java/lang/NoSuchMethodError'{0x0000000712518720}: 'java.lang.Object java.lang.invoke.DirectMethodHandle$Holder.invokeVirtual(java.lang.Object, java.lang.Object, java.lang.Object)'> (0x0000000712518720) 
thrown [s\open\src\hotspot\share\interpreter\linkResolver.cpp, line 796]
Event: 5.540 Thread 0x000001cc6343f700 Exception <a 'java/lang/NoSuchMethodError'{0x000000071231acb0}: 'void java.lang.invoke.DirectMethodHandle$Holder.invokeVirtual(java.lang.Object, java.lang.Object, int)'> (0x000000071231acb0) 
thrown [s\open\src\hotspot\share\interpreter\linkResolver.cpp, line 796]
Event: 5.543 Thread 0x000001cc6343f700 Exception <a 'java/lang/NoSuchMethodError'{0x000000071232da48}: 'java.lang.Object java.lang.invoke.DirectMethodHandle$Holder.invokeStatic(java.lang.Object, java.lang.Object, java.lang.Object, java.lang.Object, int)'> (0x000000071232da48) 
thrown [s\open\src\hotspot\share\interpreter\linkResolver.cpp, line 796]
Event: 5.544 Thread 0x000001cc6343f700 Exception <a 'java/lang/NoSuchMethodError'{0x0000000712335a28}: 'void java.lang.invoke.DirectMethodHandle$Holder.invokeSpecial(java.lang.Object, java.lang.Object, java.lang.Object, int)'> (0x0000000712335a28) 
thrown [s\open\src\hotspot\share\interpreter\linkResolver.cpp, line 796]
Event: 5.544 Thread 0x000001cc6343f700 Exception <a 'java/lang/NoSuchMethodError'{0x0000000712339110}: 'void java.lang.invoke.DelegatingMethodHandle$Holder.reinvoke_L(java.lang.Object, java.lang.Object, int)'> (0x0000000712339110) 
thrown [s\open\src\hotspot\share\interpreter\linkResolver.cpp, line 796]
Event: 7.188 Thread 0x000001cc6343f700 Implicit null exception at 0x000001cc73809355 to 0x000001cc7380a7c8
Event: 7.188 Thread 0x000001cc6343f700 Implicit null exception at 0x000001cc737c220d to 0x000001cc737c2428
Event: 7.188 Thread 0x000001cc6343f700 Implicit null exception at 0x000001cc737fdb7d to 0x000001cc737fe478
Event: 7.189 Thread 0x000001cc6343f700 Exception <a 'java/lang/NoSuchMethodError'{0x0000000714597608}: 'void java.lang.invoke.DirectMethodHandle$Holder.invokeStatic(java.lang.Object, java.lang.Object, java.lang.Object, java.lang.Object)'> (0x0000000714597608) 
thrown [s\open\src\hotspot\share\interpreter\linkResolver.cpp, line 796]
Event: 7.195 Thread 0x000001cc6343f700 Exception <a 'java/lang/NoSuchMethodError'{0x0000000714222f80}: 'int java.lang.invoke.DirectMethodHandle$Holder.invokeSpecialIFC(java.lang.Object, java.lang.Object, java.lang.Object, java.lang.Object)'> (0x0000000714222f80) 
thrown [s\open\src\hotspot\share\interpreter\linkResolver.cpp, line 796]

VM Operations (20 events):
Event: 1.555 Executing VM operation: HandshakeAllThreads (Deoptimize)
Event: 1.555 Executing VM operation: HandshakeAllThreads (Deoptimize) done
Event: 1.682 Executing VM operation: HandshakeAllThreads (Deoptimize)
Event: 1.682 Executing VM operation: HandshakeAllThreads (Deoptimize) done
Event: 1.749 Executing VM operation: HandshakeAllThreads (Deoptimize)
Event: 1.749 Executing VM operation: HandshakeAllThreads (Deoptimize) done
Event: 1.772 Executing VM operation: HandshakeAllThreads (Deoptimize)
Event: 1.772 Executing VM operation: HandshakeAllThreads (Deoptimize) done
Event: 1.810 Executing VM operation: HandshakeAllThreads (Deoptimize)
Event: 1.810 Executing VM operation: HandshakeAllThreads (Deoptimize) done
Event: 4.882 Executing VM operation: HandshakeAllThreads (Deoptimize)
Event: 4.882 Executing VM operation: HandshakeAllThreads (Deoptimize) done
Event: 4.921 Executing VM operation: HandshakeAllThreads (Deoptimize)
Event: 4.921 Executing VM operation: HandshakeAllThreads (Deoptimize) done
Event: 4.922 Executing VM operation: HandshakeAllThreads (Deoptimize)
Event: 4.922 Executing VM operation: HandshakeAllThreads (Deoptimize) done
Event: 7.142 Executing VM operation: G1CollectForAllocation (G1 Evacuation Pause)
Event: 7.148 Executing VM operation: G1CollectForAllocation (G1 Evacuation Pause) done
Event: 7.878 Executing VM operation: G1CollectForAllocation (G1 Evacuation Pause)
Event: 7.885 Executing VM operation: G1CollectForAllocation (G1 Evacuation Pause) done

Memory protections (0 events):
No events

Nmethod flushes (0 events):
No events

Events (20 events):
Event: 0.053 Thread 0x000001cc6343f700 Thread added: 0x000001cc7f2788f0
Event: 0.053 Thread 0x000001cc6343f700 Thread added: 0x000001cc7f27f5d0
Event: 0.053 Thread 0x000001cc6343f700 Thread added: 0x000001cc7f2823f0
Event: 0.054 Thread 0x000001cc6343f700 Thread added: 0x000001cc7f298510
Event: 0.054 Thread 0x000001cc6343f700 Thread added: 0x000001cc7f2991e0
Event: 0.074 Thread 0x000001cc7f2991e0 Thread added: 0x000001cc490f6f50
Event: 0.078 Thread 0x000001cc6343f700 Thread added: 0x000001cc4916ec40
Event: 0.082 Thread 0x000001cc6343f700 Thread added: 0x000001cc49179f00
Event: 0.155 Thread 0x000001cc7f2991e0 Thread added: 0x000001cc491f3350
Event: 0.210 Thread 0x000001cc7f2991e0 Thread added: 0x000001cc493f96c0
Event: 0.252 Thread 0x000001cc6343f700 Thread added: 0x000001cc495d7760
Event: 0.271 Thread 0x000001cc495d7760 Thread exited: 0x000001cc495d7760
Event: 0.461 Thread 0x000001cc490f6f50 Thread added: 0x000001cc49832870
Event: 3.863 Thread 0x000001cc6343f700 Thread added: 0x000001cc4a744830
Event: 5.424 Thread 0x000001cc493f96c0 Thread exited: 0x000001cc493f96c0
Event: 5.485 Thread 0x000001cc491f3350 Thread added: 0x000001cc4a77d670
Event: 5.485 Thread 0x000001cc491f3350 Thread added: 0x000001cc4963b3b0
Event: 7.013 Thread 0x000001cc4963b3b0 Thread exited: 0x000001cc4963b3b0
Event: 7.016 Thread 0x000001cc4a77d670 Thread exited: 0x000001cc4a77d670
Event: 7.103 Thread 0x000001cc7f298510 Thread added: 0x000001cc4aef5750


Dynamic libraries:
0x00007ff689a60000 - 0x00007ff689a70000 	C:\Program Files\Java\jdk-23\bin\java.exe
0x00007ffcc6fa0000 - 0x00007ffcc7207000 	C:\WINDOWS\SYSTEM32\ntdll.dll
0x00007ffcc5f30000 - 0x00007ffcc5ff9000 	C:\WINDOWS\System32\KERNEL32.DLL
0x00007ffcc46b0000 - 0x00007ffcc4aa7000 	C:\WINDOWS\System32\KERNELBASE.dll
0x00007ffcc4240000 - 0x00007ffcc438b000 	C:\WINDOWS\System32\ucrtbase.dll
0x00007ffc96180000 - 0x00007ffc96197000 	C:\Program Files\Java\jdk-23\bin\jli.dll
0x00007ffc93fd0000 - 0x00007ffc93feb000 	C:\Program Files\Java\jdk-23\bin\VCRUNTIME140.dll
0x00007ffcc69f0000 - 0x00007ffcc6bb6000 	C:\WINDOWS\System32\USER32.dll
0x00007ffcc45d0000 - 0x00007ffcc45f7000 	C:\WINDOWS\System32\win32u.dll
0x00007ffc9ae90000 - 0x00007ffc9b122000 	C:\WINDOWS\WinSxS\amd64_microsoft.windows.common-controls_6595b64144ccf1df_6.0.26100.8328_none_3e08182ce334b678\COMCTL32.dll
0x00007ffcc6440000 - 0x00007ffcc646b000 	C:\WINDOWS\System32\GDI32.dll
0x00007ffcc6810000 - 0x00007ffcc68b9000 	C:\WINDOWS\System32\msvcrt.dll
0x00007ffcc4bf0000 - 0x00007ffcc4d1c000 	C:\WINDOWS\System32\gdi32full.dll
0x00007ffcc4b40000 - 0x00007ffcc4be3000 	C:\WINDOWS\System32\msvcp_win.dll
0x00007ffcc67d0000 - 0x00007ffcc6802000 	C:\WINDOWS\System32\IMM32.DLL
0x00007ffcbe620000 - 0x00007ffcbe62c000 	C:\Program Files\Java\jdk-23\bin\vcruntime140_1.dll
0x00007ffc6ec50000 - 0x00007ffc6ecde000 	C:\Program Files\Java\jdk-23\bin\msvcp140.dll
0x00007ffbaa970000 - 0x00007ffbab6c0000 	C:\Program Files\Java\jdk-23\bin\server\jvm.dll
0x00007ffcc5d90000 - 0x00007ffcc5e46000 	C:\WINDOWS\System32\ADVAPI32.dll
0x00007ffcc64c0000 - 0x00007ffcc6567000 	C:\WINDOWS\System32\sechost.dll
0x00007ffcc68d0000 - 0x00007ffcc69e8000 	C:\WINDOWS\System32\RPCRT4.dll
0x00007ffcc5310000 - 0x00007ffcc5390000 	C:\WINDOWS\System32\WS2_32.dll
0x00007ffcc3830000 - 0x00007ffcc388e000 	C:\WINDOWS\SYSTEM32\POWRPROF.dll
0x00007ffcb7600000 - 0x00007ffcb7636000 	C:\WINDOWS\SYSTEM32\WINMM.dll
0x00007ffcb0090000 - 0x00007ffcb009b000 	C:\WINDOWS\SYSTEM32\VERSION.dll
0x00007ffcc3810000 - 0x00007ffcc3824000 	C:\WINDOWS\SYSTEM32\UMPDC.dll
0x00007ffcc2760000 - 0x00007ffcc277b000 	C:\WINDOWS\SYSTEM32\kernel.appcore.dll
0x00007ffcba090000 - 0x00007ffcba09a000 	C:\Program Files\Java\jdk-23\bin\jimage.dll
0x00007ffcc1640000 - 0x00007ffcc1882000 	C:\WINDOWS\SYSTEM32\DBGHELP.DLL
0x00007ffcc6030000 - 0x00007ffcc63b3000 	C:\WINDOWS\System32\combase.dll
0x00007ffcc5e50000 - 0x00007ffcc5f29000 	C:\WINDOWS\System32\OLEAUT32.dll
0x00007ffc92fa0000 - 0x00007ffc92fdb000 	C:\WINDOWS\SYSTEM32\dbgcore.DLL
0x00007ffcc4600000 - 0x00007ffcc46a8000 	C:\WINDOWS\System32\bcryptPrimitives.dll
0x00007ffc8bc50000 - 0x00007ffc8bc6e000 	C:\Program Files\Java\jdk-23\bin\java.dll
0x00007ffcc6bc0000 - 0x00007ffcc6d57000 	C:\WINDOWS\System32\ole32.dll
0x00007ffcc53b0000 - 0x00007ffcc5b1e000 	C:\WINDOWS\System32\SHELL32.dll
0x00007ffcc39d0000 - 0x00007ffcc423c000 	C:\WINDOWS\System32\windows.storage.dll
0x00007ffcc5c70000 - 0x00007ffcc5d66000 	C:\WINDOWS\System32\SHCORE.dll
0x00007ffcc4db0000 - 0x00007ffcc4e16000 	C:\WINDOWS\System32\shlwapi.dll
0x00007ffcc38f0000 - 0x00007ffcc3919000 	C:\WINDOWS\SYSTEM32\profapi.dll
0x00007ffc5ed70000 - 0x00007ffc5ee47000 	C:\Program Files\Java\jdk-23\bin\jsvml.dll
0x00007ffcb9ec0000 - 0x00007ffcb9ed0000 	C:\Program Files\Java\jdk-23\bin\net.dll
0x00007ffcc2cd0000 - 0x00007ffcc2d3c000 	C:\WINDOWS\system32\mswsock.dll
0x00007ffc876c0000 - 0x00007ffc876d6000 	C:\Program Files\Java\jdk-23\bin\nio.dll
0x00007ffc7f570000 - 0x00007ffc7f587000 	C:\Program Files\Java\jdk-23\bin\zip.dll
0x00007ffc7cfa0000 - 0x00007ffc7cfc4000 	C:\Users\omkar\.m2\wrapper\dists\apache-maven-3.9.14\ed7edd442f634ac1c1ef5ba2b61b6d690b5221091f1a8e1123f5fadcc967520d\lib\jansi-native\Windows\x86_64\jansi.dll
0x00007ffca55c0000 - 0x00007ffca55d0000 	C:\Program Files\Java\jdk-23\bin\verify.dll

dbghelp: loaded successfully - version: 4.0.5 - missing functions: none
symbol engine: initialized successfully - sym options: 0x614 - pdb path: .;C:\Program Files\Java\jdk-23\bin;C:\WINDOWS\SYSTEM32;C:\WINDOWS\WinSxS\amd64_microsoft.windows.common-controls_6595b64144ccf1df_6.0.26100.8328_none_3e08182ce334b678;C:\Program Files\Java\jdk-23\bin\server;C:\Users\omkar\.m2\wrapper\dists\apache-maven-3.9.14\ed7edd442f634ac1c1ef5ba2b61b6d690b5221091f1a8e1123f5fadcc967520d\lib\jansi-native\Windows\x86_64

VM Arguments:
jvm_args: --enable-native-access=ALL-UNNAMED -Dclassworlds.conf=C:\Users\omkar\.m2\wrapper\dists\apache-maven-3.9.14\ed7edd442f634ac1c1ef5ba2b61b6d690b5221091f1a8e1123f5fadcc967520d\bin\m2.conf -Dmaven.home=C:\Users\omkar\.m2\wrapper\dists\apache-maven-3.9.14\ed7edd442f634ac1c1ef5ba2b61b6d690b5221091f1a8e1123f5fadcc967520d -Dlibrary.jansi.path=C:\Users\omkar\.m2\wrapper\dists\apache-maven-3.9.14\ed7edd442f634ac1c1ef5ba2b61b6d690b5221091f1a8e1123f5fadcc967520d\lib\jansi-native -Dmaven.multiModuleProjectDirectory=D:\DEVELOP LIFE\FinalOneBackend\TouristService 
java_command: org.codehaus.plexus.classworlds.launcher.Launcher spring-boot:run
java_class_path (initial): C:\Users\omkar\.m2\wrapper\dists\apache-maven-3.9.14\ed7edd442f634ac1c1ef5ba2b61b6d690b5221091f1a8e1123f5fadcc967520d\boot\plexus-classworlds-2.9.0.jar
Launcher Type: SUN_STANDARD

[Global flags]
     intx CICompilerCount                          = 12                                        {product} {ergonomic}
     uint ConcGCThreads                            = 3                                         {product} {ergonomic}
     uint G1ConcRefinementThreads                  = 13                                        {product} {ergonomic}
   size_t G1HeapRegionSize                         = 2097152                                   {product} {ergonomic}
   size_t InitialHeapSize                          = 264241152                                 {product} {ergonomic}
   size_t MarkStackSize                            = 4194304                                   {product} {ergonomic}
   size_t MarkStackSizeMax                         = 536870912                                 {product} {ergonomic}
   size_t MaxHeapSize                              = 4213178368                                {product} {ergonomic}
   size_t MaxNewSize                               = 2527068160                                {product} {ergonomic}
   size_t MinHeapDeltaBytes                        = 2097152                                   {product} {ergonomic}
   size_t MinHeapSize                              = 8388608                                   {product} {ergonomic}
    uintx NonNMethodCodeHeapSize                   = 7602176                                {pd product} {ergonomic}
    uintx NonProfiledCodeHeapSize                  = 122093568                              {pd product} {ergonomic}
    uintx ProfiledCodeHeapSize                     = 121962496                              {pd product} {ergonomic}
    uintx ReservedCodeCacheSize                    = 251658240                              {pd product} {ergonomic}
     bool SegmentedCodeCache                       = true                                      {product} {ergonomic}
   size_t SoftMaxHeapSize                          = 4213178368                             {manageable} {ergonomic}
     bool UseCompressedOops                        = true                           {product lp64_product} {ergonomic}
     bool UseG1GC                                  = true                                      {product} {ergonomic}
     bool UseLargePagesIndividualAllocation        = false                                  {pd product} {ergonomic}

Logging:
Log output configuration:
 #0: stdout all=warning uptime,level,tags foldmultilines=false
 #1: stderr all=off uptime,level,tags foldmultilines=false

Environment Variables:
PATH=C:\Program Files\Python313\Scripts\;C:\Program Files\Python313\;C:\Program Files\Common Files\Oracle\Java\javapath;C:\WINDOWS\system32;C:\WINDOWS;C:\WINDOWS\System32\Wbem;C:\WINDOWS\System32\WindowsPowerShell\v1.0\;C:\WINDOWS\System32\OpenSSH\;C:\Program Files\Java\jdk-23\bin;C:\Program Files\MySQL\MySQL Server 8.0\bin;C:\ffmpeg\bin;C:\ProgramData\chocolatey\bin;C:\Program Files\dotnet\;C:\Program Files\nodejs\;C:\Program Files\MongoDB\Tools\100\bin;C:\FasterDownload;C:\Program Files\Git\cmd;C:\Program Files\MySQL\MySQL Shell 8.0\bin\;C:\Users\omkar\AppData\Local\Microsoft\WindowsApps;C:\Users\omkar\AppData\Local\Programs\Microsoft VS Code\bin;C:\Users\omkar\AppData\Roaming\npm;C:\Users\omkar\AppData\Local\Microsoft\WinGet\Packages\Gyan.FFmpeg_Microsoft.Winget.Source_8wekyb3d8bbwe\ffmpeg-7.1.1-full_build\bin;C:\Users\omkar\AppData\Local\Microsoft\WinGet\Packages\yt-dlp.yt-dlp_Microsoft.Winget.Source_8wekyb3d8bbwe;C:\mongosh\;C:\Users\omkar\AppData\Roaming\Python\Python313\Scripts;C:\Users\omkar\AppData\Local\Programs\Antigravity\bin
USERNAME=omkar
OS=Windows_NT
PROCESSOR_IDENTIFIER=Intel64 Family 6 Model 186 Stepping 2, GenuineIntel
TMP=C:\Users\omkar\AppData\Local\Temp
TEMP=C:\Users\omkar\AppData\Local\Temp




Periodic native trim disabled

---------------  S Y S T E M  ---------------

OS:
 Windows 11 , 64 bit Build 26100 (10.0.26100.8328)
OS uptime: 3 days 8:37 hours
Hyper-V role detected

CPU: total 16 (initial active 16) (8 cores per cpu, 2 threads per core) family 6 model 186 stepping 2 microcode 0x410e, cx8, cmov, fxsr, ht, mmx, 3dnowpref, sse, sse2, sse3, ssse3, sse4.1, sse4.2, popcnt, lzcnt, tsc, tscinvbit, avx, avx2, aes, erms, clmul, bmi1, bmi2, adx, sha, fma, vzeroupper, clflush, clflushopt, clwb, hv, serialize, rdtscp, rdpid, fsrm, gfni, f16c, cet_ibt, cet_ss
Processor Information for processor 0
  Max Mhz: 2600, Current Mhz: 2600, Mhz Limit: 2600
Processor Information for processor 1
  Max Mhz: 2600, Current Mhz: 2600, Mhz Limit: 2600
Processor Information for processor 2
  Max Mhz: 2600, Current Mhz: 2600, Mhz Limit: 2600
Processor Information for processor 3
  Max Mhz: 2600, Current Mhz: 2600, Mhz Limit: 2600
Processor Information for processor 4
  Max Mhz: 2600, Current Mhz: 2600, Mhz Limit: 2600
Processor Information for processor 5
  Max Mhz: 2600, Current Mhz: 2600, Mhz Limit: 2600
Processor Information for processor 6
  Max Mhz: 2600, Current Mhz: 2600, Mhz Limit: 2600
Processor Information for processor 7
  Max Mhz: 2600, Current Mhz: 2600, Mhz Limit: 2600
Processor Information for processor 8
  Max Mhz: 2600, Current Mhz: 1900, Mhz Limit: 1898
Processor Information for processor 9
  Max Mhz: 2600, Current Mhz: 1900, Mhz Limit: 1898
Processor Information for processor 10
  Max Mhz: 2600, Current Mhz: 1900, Mhz Limit: 1898
Processor Information for processor 11
  Max Mhz: 2600, Current Mhz: 1500, Mhz Limit: 1898
Processor Information for processor 12
  Max Mhz: 2600, Current Mhz: 1900, Mhz Limit: 1898
Processor Information for processor 13
  Max Mhz: 2600, Current Mhz: 1500, Mhz Limit: 1898
Processor Information for processor 14
  Max Mhz: 2600, Current Mhz: 1900, Mhz Limit: 1898
Processor Information for processor 15
  Max Mhz: 2600, Current Mhz: 1900, Mhz Limit: 1898

Memory: 4k page, system-wide physical 16071M (536M free)
TotalPageFile size 34821M (AvailPageFile size 18M)
current process WorkingSet (physical memory assigned to process): 191M, peak: 191M
current process commit charge ("private bytes"): 410M, peak: 416M

vm_info: Java HotSpot(TM) 64-Bit Server VM (23.0.2+7-58) for windows-amd64 JRE (23.0.2+7-58), built on 2024-11-29T09:34:55Z with MS VC++ 17.6 (VS2022)

END.
