#
# There is insufficient memory for the Java Runtime Environment to continue.
# Native memory allocation (malloc) failed to allocate 1065696 bytes. Error detail: Chunk::new
# Possible reasons:
#   The system is out of physical RAM or swap space
#   This process is running with CompressedOops enabled, and the Java Heap may be blocking the growth of the native heap
# Possible solutions:
#   Reduce memory load on the system
#   Increase physical memory or swap space
#   Check if swap backing store is full
#   Decrease Java heap size (-Xmx/-Xms)
#   Decrease number of Java threads
#   Decrease Java thread stack sizes (-Xss)
#   Set larger code cache with -XX:ReservedCodeCacheSize=
#   JVM is running with Zero Based Compressed Oops mode in which the Java heap is
#     placed in the first 32GB address space. The Java Heap base address is the
#     maximum limit for the native heap growth. Please use -XX:HeapBaseMinAddress
#     to set the Java Heap base and to place the Java Heap above 32GB virtual address.
# This output file may be truncated or incomplete.
#
#  Out of Memory Error (arena.cpp:149), pid=22548, tid=30580
#
# JRE version: Java(TM) SE Runtime Environment (23.0.2+7) (build 23.0.2+7-58)
# Java VM: Java HotSpot(TM) 64-Bit Server VM (23.0.2+7-58, mixed mode, sharing, tiered, compressed oops, compressed class ptrs, g1 gc, windows-amd64)
# No core dump will be written. Minidumps are not enabled by default on client versions of Windows
#

---------------  S U M M A R Y ------------

Command Line: --enable-native-access=ALL-UNNAMED -Dclassworlds.conf=C:\Users\omkar\.m2\wrapper\dists\apache-maven-3.9.14\ed7edd442f634ac1c1ef5ba2b61b6d690b5221091f1a8e1123f5fadcc967520d\bin\m2.conf -Dmaven.home=C:\Users\omkar\.m2\wrapper\dists\apache-maven-3.9.14\ed7edd442f634ac1c1ef5ba2b61b6d690b5221091f1a8e1123f5fadcc967520d -Dlibrary.jansi.path=C:\Users\omkar\.m2\wrapper\dists\apache-maven-3.9.14\ed7edd442f634ac1c1ef5ba2b61b6d690b5221091f1a8e1123f5fadcc967520d\lib\jansi-native -Dmaven.multiModuleProjectDirectory=D:\DEVELOP LIFE\FinalOneBackend\UserService org.codehaus.plexus.classworlds.launcher.Launcher spring-boot:run

Host: 13th Gen Intel(R) Core(TM) i5-13500H, 16 cores, 15G,  Windows 11 , 64 bit Build 26100 (10.0.26100.8328)
Time: Fri May 15 05:38:43 2026 India Standard Time elapsed time: 14.347460 seconds (0d 0h 0m 14s)

---------------  T H R E A D  ---------------

Current thread (0x00000210472fb550):  JavaThread "C2 CompilerThread1" daemon [_thread_in_native, id=30580, stack(0x0000005d16600000,0x0000005d16700000) (1024K)]


Current CompileTask:
C2:14347 5796       4       org.apache.maven.model.inheritance.DefaultInheritanceAssembler$InheritanceModelMerger::mergePluginContainer_Plugins (433 bytes)

Stack: [0x0000005d16600000,0x0000005d16700000]
Native frames: (J=compiled Java code, j=interpreted, Vv=VM code, C=native code)
V  [jvm.dll+0x6e0b99]  (no source info available)
V  [jvm.dll+0x87e2b3]  (no source info available)
V  [jvm.dll+0x88073e]  (no source info available)
V  [jvm.dll+0x880e13]  (no source info available)
V  [jvm.dll+0x27b006]  (no source info available)
V  [jvm.dll+0xbc06f]  (no source info available)
V  [jvm.dll+0xbc2cb]  (no source info available)
V  [jvm.dll+0x2eea6d]  (no source info available)
V  [jvm.dll+0x606669]  (no source info available)
V  [jvm.dll+0x24def2]  (no source info available)
V  [jvm.dll+0x24e2d5]  (no source info available)
V  [jvm.dll+0x246c54]  (no source info available)
V  [jvm.dll+0x243e04]  (no source info available)
V  [jvm.dll+0x1c34b0]  (no source info available)
V  [jvm.dll+0x253df1]  (no source info available)
V  [jvm.dll+0x2520aa]  (no source info available)
V  [jvm.dll+0x3ee226]  (no source info available)
V  [jvm.dll+0x8254cb]  (no source info available)
V  [jvm.dll+0x6df345]  (no source info available)
C  [ucrtbase.dll+0x37b0]  (no source info available)
C  [KERNEL32.DLL+0x2e957]  (no source info available)
C  [ntdll.dll+0x427c]  (no source info available)

Lock stack of current Java thread (top to bottom):


---------------  P R O C E S S  ---------------

Threads class SMR info:
_java_thread_list=0x0000021046fb3ea0, length=15, elements={
0x000002105fdff5b0, 0x00000210450147c0, 0x0000021045015220, 0x000002104501ab70,
0x000002104501bd70, 0x0000021045020ba0, 0x00000210450269c0, 0x0000021045022250,
0x000002104503fce0, 0x00000210450ded90, 0x0000021045027050, 0x0000021045026330,
0x0000021045264dd0, 0x0000021045024260, 0x00000210472fb550
}

Java Threads: ( => current thread )
  0x000002105fdff5b0 JavaThread "main"                              [_thread_in_native, id=14140, stack(0x0000005d15200000,0x0000005d15300000) (1024K)]
  0x00000210450147c0 JavaThread "Reference Handler"          daemon [_thread_blocked, id=24604, stack(0x0000005d15a00000,0x0000005d15b00000) (1024K)]
  0x0000021045015220 JavaThread "Finalizer"                  daemon [_thread_blocked, id=10724, stack(0x0000005d15b00000,0x0000005d15c00000) (1024K)]
  0x000002104501ab70 JavaThread "Signal Dispatcher"          daemon [_thread_blocked, id=20636, stack(0x0000005d15c00000,0x0000005d15d00000) (1024K)]
  0x000002104501bd70 JavaThread "Attach Listener"            daemon [_thread_blocked, id=30640, stack(0x0000005d15d00000,0x0000005d15e00000) (1024K)]
  0x0000021045020ba0 JavaThread "Service Thread"             daemon [_thread_blocked, id=35012, stack(0x0000005d15e00000,0x0000005d15f00000) (1024K)]
  0x00000210450269c0 JavaThread "Monitor Deflation Thread"   daemon [_thread_blocked, id=11000, stack(0x0000005d15f00000,0x0000005d16000000) (1024K)]
  0x0000021045022250 JavaThread "C2 CompilerThread0"         daemon [_thread_in_vm, id=27708, stack(0x0000005d16000000,0x0000005d16100000) (1024K)]
  0x000002104503fce0 JavaThread "C1 CompilerThread0"         daemon [_thread_blocked, id=26412, stack(0x0000005d16100000,0x0000005d16200000) (1024K)]
  0x00000210450ded90 JavaThread "C1 CompilerThread1"         daemon [_thread_blocked, id=26816, stack(0x0000005d16200000,0x0000005d16300000) (1024K)]
  0x0000021045027050 JavaThread "Notification Thread"        daemon [_thread_blocked, id=19980, stack(0x0000005d16300000,0x0000005d16400000) (1024K)]
  0x0000021045026330 JavaThread "Common-Cleaner"             daemon [_thread_blocked, id=37740, stack(0x0000005d16400000,0x0000005d16500000) (1024K)]
  0x0000021045264dd0 JavaThread "C1 CompilerThread2"         daemon [_thread_blocked, id=38056, stack(0x0000005d16500000,0x0000005d16600000) (1024K)]
  0x0000021045024260 JavaThread "Thread-1"                   daemon [_thread_blocked, id=25060, stack(0x0000005d16900000,0x0000005d16a00000) (1024K)]
=>0x00000210472fb550 JavaThread "C2 CompilerThread1"         daemon [_thread_in_native, id=30580, stack(0x0000005d16600000,0x0000005d16700000) (1024K)]
Total: 15

Other Threads:
  0x000002107ce449f0 VMThread "VM Thread"                           [id=26868, stack(0x0000005d15900000,0x0000005d15a00000) (1024K)]
  0x000002107ce35c80 WatcherThread "VM Periodic Task Thread"        [id=20056, stack(0x0000005d15800000,0x0000005d15900000) (1024K)]
  0x000002105fe65c80 WorkerThread "GC Thread#0"                     [id=29460, stack(0x0000005d15300000,0x0000005d15400000) (1024K)]
  0x00000210465ff880 WorkerThread "GC Thread#1"                     [id=17668, stack(0x0000005d16b00000,0x0000005d16c00000) (1024K)]
  0x00000210465ffc30 WorkerThread "GC Thread#2"                     [id=38364, stack(0x0000005d16c00000,0x0000005d16d00000) (1024K)]
  0x00000210465fffe0 WorkerThread "GC Thread#3"                     [id=42792, stack(0x0000005d16d00000,0x0000005d16e00000) (1024K)]
  0x0000021046600390 WorkerThread "GC Thread#4"                     [id=12948, stack(0x0000005d16e00000,0x0000005d16f00000) (1024K)]
  0x00000210462bc440 WorkerThread "GC Thread#5"                     [id=36556, stack(0x0000005d16f00000,0x0000005d17000000) (1024K)]
  0x0000021046933ac0 WorkerThread "GC Thread#6"                     [id=16892, stack(0x0000005d17000000,0x0000005d17100000) (1024K)]
  0x0000021046853530 WorkerThread "GC Thread#7"                     [id=21536, stack(0x0000005d17100000,0x0000005d17200000) (1024K)]
  0x0000021047434420 WorkerThread "GC Thread#8"                     [id=31332, stack(0x0000005d16800000,0x0000005d16900000) (1024K)]
  0x00000210475ff7a0 WorkerThread "GC Thread#9"                     [id=19620, stack(0x0000005d17200000,0x0000005d17300000) (1024K)]
  0x00000210475ff3f0 WorkerThread "GC Thread#10"                    [id=21760, stack(0x0000005d17300000,0x0000005d17400000) (1024K)]
  0x00000210475fec90 WorkerThread "GC Thread#11"                    [id=38380, stack(0x0000005d17400000,0x0000005d17500000) (1024K)]
  0x00000210475ff040 WorkerThread "GC Thread#12"                    [id=40664, stack(0x0000005d17500000,0x0000005d17600000) (1024K)]
  0x000002105feb8b80 ConcurrentGCThread "G1 Main Marker"            [id=42528, stack(0x0000005d15400000,0x0000005d15500000) (1024K)]
  0x000002105febace0 WorkerThread "G1 Conc#0"                       [id=17340, stack(0x0000005d15500000,0x0000005d15600000) (1024K)]
  0x000002107cd02fc0 ConcurrentGCThread "G1 Refine#0"               [id=32704, stack(0x0000005d15600000,0x0000005d15700000) (1024K)]
  0x000002107cd039e0 ConcurrentGCThread "G1 Service"                [id=24476, stack(0x0000005d15700000,0x0000005d15800000) (1024K)]
Total: 19

Threads with active compile tasks:
C2 CompilerThread1  14543 5796       4       org.apache.maven.model.inheritance.DefaultInheritanceAssembler$InheritanceModelMerger::mergePluginContainer_Plugins (433 bytes)
Total: 1

VM state: not at safepoint (normal execution)

VM Mutex/Monitor currently owned by a thread: None

Heap address: 0x0000000704e00000, size: 4018 MB, Compressed Oops mode: Zero based, Oop shift amount: 3

CDS archive(s) mapped at: [0x0000021000000000-0x0000021000d70000-0x0000021000d70000), size 14090240, SharedBaseAddress: 0x0000021000000000, ArchiveRelocationMode: 1.
Compressed class space mapped at: 0x0000021001000000-0x0000021041000000, reserved size: 1073741824
Narrow klass base: 0x0000021000000000, Narrow klass shift: 0, Narrow klass range: 0x41000000

GC Precious Log:
 CardTable entry size: 512
 Card Set container configuration: InlinePtr #cards 4 size 8 Array Of Cards #cards 16 size 48 Howl #buckets 8 coarsen threshold 3686 Howl Bitmap #cards 512 size 80 coarsen threshold 460 Card regions per heap region 1 cards per card region 4096
 CPUs: 16 total, 16 available
 Memory: 16071M
 Large Page Support: Disabled
 NUMA Support: Disabled
 Compressed Oops: Enabled (Zero based)
 Heap Region Size: 2M
 Heap Min Capacity: 8M
 Heap Initial Capacity: 252M
 Heap Max Capacity: 4018M
 Pre-touch: Disabled
 Parallel Workers: 13
 Concurrent Workers: 3
 Concurrent Refinement Workers: 13
 Periodic GC: Disabled

Heap:
 garbage-first heap   total reserved 4114432K, committed 258048K, used 37900K [0x0000000704e00000, 0x0000000800000000)
  region size 2048K, 14 young (28672K), 5 survivors (10240K)
 Metaspace       used 19155K, committed 19520K, reserved 1114112K
  class space    used 2182K, committed 2368K, reserved 1048576K

Heap Regions: E=young(eden), S=young(survivor), O=old, HS=humongous(starts), HC=humongous(continues), CS=collection set, F=free, TAMS=top-at-mark-start, PB=parsable bottom
|   0|0x0000000704e00000, 0x0000000705000000, 0x0000000705000000|100%| O|  |TAMS 0x0000000704e00000| PB 0x0000000704e00000| Untracked |  0
|   1|0x0000000705000000, 0x0000000705200000, 0x0000000705200000|100%| O|  |TAMS 0x0000000705000000| PB 0x0000000705000000| Untracked |  0
|   2|0x0000000705200000, 0x0000000705400000, 0x0000000705400000|100%| O|  |TAMS 0x0000000705200000| PB 0x0000000705200000| Untracked |  0
|   3|0x0000000705400000, 0x0000000705600000, 0x0000000705600000|100%| O|  |TAMS 0x0000000705400000| PB 0x0000000705400000| Untracked |  0
|   4|0x0000000705600000, 0x0000000705800000, 0x0000000705800000|100%| O|  |TAMS 0x0000000705600000| PB 0x0000000705600000| Untracked |  0
|   5|0x0000000705800000, 0x0000000705957700, 0x0000000705a00000| 67%| O|  |TAMS 0x0000000705800000| PB 0x0000000705800000| Untracked |  0
|   6|0x0000000705a00000, 0x0000000705a00000, 0x0000000705c00000|  0%| F|  |TAMS 0x0000000705a00000| PB 0x0000000705a00000| Untracked |  0
|   7|0x0000000705c00000, 0x0000000705c00000, 0x0000000705e00000|  0%| F|  |TAMS 0x0000000705c00000| PB 0x0000000705c00000| Untracked |  0
|   8|0x0000000705e00000, 0x0000000705e00000, 0x0000000706000000|  0%| F|  |TAMS 0x0000000705e00000| PB 0x0000000705e00000| Untracked |  0
|   9|0x0000000706000000, 0x0000000706000000, 0x0000000706200000|  0%| F|  |TAMS 0x0000000706000000| PB 0x0000000706000000| Untracked |  0
|  10|0x0000000706200000, 0x0000000706200000, 0x0000000706400000|  0%| F|  |TAMS 0x0000000706200000| PB 0x0000000706200000| Untracked |  0
|  11|0x0000000706400000, 0x0000000706400000, 0x0000000706600000|  0%| F|  |TAMS 0x0000000706400000| PB 0x0000000706400000| Untracked |  0
|  12|0x0000000706600000, 0x0000000706600000, 0x0000000706800000|  0%| F|  |TAMS 0x0000000706600000| PB 0x0000000706600000| Untracked |  0
|  13|0x0000000706800000, 0x0000000706800000, 0x0000000706a00000|  0%| F|  |TAMS 0x0000000706800000| PB 0x0000000706800000| Untracked |  0
|  14|0x0000000706a00000, 0x0000000706a00000, 0x0000000706c00000|  0%| F|  |TAMS 0x0000000706a00000| PB 0x0000000706a00000| Untracked |  0
|  15|0x0000000706c00000, 0x0000000706c00000, 0x0000000706e00000|  0%| F|  |TAMS 0x0000000706c00000| PB 0x0000000706c00000| Untracked |  0
|  16|0x0000000706e00000, 0x0000000706e00000, 0x0000000707000000|  0%| F|  |TAMS 0x0000000706e00000| PB 0x0000000706e00000| Untracked |  0
|  17|0x0000000707000000, 0x0000000707000000, 0x0000000707200000|  0%| F|  |TAMS 0x0000000707000000| PB 0x0000000707000000| Untracked |  0
|  18|0x0000000707200000, 0x0000000707200000, 0x0000000707400000|  0%| F|  |TAMS 0x0000000707200000| PB 0x0000000707200000| Untracked |  0
|  19|0x0000000707400000, 0x0000000707400000, 0x0000000707600000|  0%| F|  |TAMS 0x0000000707400000| PB 0x0000000707400000| Untracked |  0
|  20|0x0000000707600000, 0x0000000707600000, 0x0000000707800000|  0%| F|  |TAMS 0x0000000707600000| PB 0x0000000707600000| Untracked |  0
|  21|0x0000000707800000, 0x0000000707800000, 0x0000000707a00000|  0%| F|  |TAMS 0x0000000707800000| PB 0x0000000707800000| Untracked |  0
|  22|0x0000000707a00000, 0x0000000707a00000, 0x0000000707c00000|  0%| F|  |TAMS 0x0000000707a00000| PB 0x0000000707a00000| Untracked |  0
|  23|0x0000000707c00000, 0x0000000707c00000, 0x0000000707e00000|  0%| F|  |TAMS 0x0000000707c00000| PB 0x0000000707c00000| Untracked |  0
|  24|0x0000000707e00000, 0x0000000707e00000, 0x0000000708000000|  0%| F|  |TAMS 0x0000000707e00000| PB 0x0000000707e00000| Untracked |  0
|  25|0x0000000708000000, 0x0000000708000000, 0x0000000708200000|  0%| F|  |TAMS 0x0000000708000000| PB 0x0000000708000000| Untracked |  0
|  26|0x0000000708200000, 0x0000000708200000, 0x0000000708400000|  0%| F|  |TAMS 0x0000000708200000| PB 0x0000000708200000| Untracked |  0
|  27|0x0000000708400000, 0x0000000708400000, 0x0000000708600000|  0%| F|  |TAMS 0x0000000708400000| PB 0x0000000708400000| Untracked |  0
|  28|0x0000000708600000, 0x0000000708600000, 0x0000000708800000|  0%| F|  |TAMS 0x0000000708600000| PB 0x0000000708600000| Untracked |  0
|  29|0x0000000708800000, 0x0000000708800000, 0x0000000708a00000|  0%| F|  |TAMS 0x0000000708800000| PB 0x0000000708800000| Untracked |  0
|  30|0x0000000708a00000, 0x0000000708a00000, 0x0000000708c00000|  0%| F|  |TAMS 0x0000000708a00000| PB 0x0000000708a00000| Untracked |  0
|  31|0x0000000708c00000, 0x0000000708c00000, 0x0000000708e00000|  0%| F|  |TAMS 0x0000000708c00000| PB 0x0000000708c00000| Untracked |  0
|  32|0x0000000708e00000, 0x0000000708e00000, 0x0000000709000000|  0%| F|  |TAMS 0x0000000708e00000| PB 0x0000000708e00000| Untracked |  0
|  33|0x0000000709000000, 0x0000000709000000, 0x0000000709200000|  0%| F|  |TAMS 0x0000000709000000| PB 0x0000000709000000| Untracked |  0
|  34|0x0000000709200000, 0x0000000709200000, 0x0000000709400000|  0%| F|  |TAMS 0x0000000709200000| PB 0x0000000709200000| Untracked |  0
|  35|0x0000000709400000, 0x0000000709400000, 0x0000000709600000|  0%| F|  |TAMS 0x0000000709400000| PB 0x0000000709400000| Untracked |  0
|  36|0x0000000709600000, 0x0000000709600000, 0x0000000709800000|  0%| F|  |TAMS 0x0000000709600000| PB 0x0000000709600000| Untracked |  0
|  37|0x0000000709800000, 0x0000000709800000, 0x0000000709a00000|  0%| F|  |TAMS 0x0000000709800000| PB 0x0000000709800000| Untracked |  0
|  38|0x0000000709a00000, 0x0000000709a00000, 0x0000000709c00000|  0%| F|  |TAMS 0x0000000709a00000| PB 0x0000000709a00000| Untracked |  0
|  39|0x0000000709c00000, 0x0000000709c00000, 0x0000000709e00000|  0%| F|  |TAMS 0x0000000709c00000| PB 0x0000000709c00000| Untracked |  0
|  40|0x0000000709e00000, 0x0000000709e00000, 0x000000070a000000|  0%| F|  |TAMS 0x0000000709e00000| PB 0x0000000709e00000| Untracked |  0
|  41|0x000000070a000000, 0x000000070a000000, 0x000000070a200000|  0%| F|  |TAMS 0x000000070a000000| PB 0x000000070a000000| Untracked |  0
|  42|0x000000070a200000, 0x000000070a200000, 0x000000070a400000|  0%| F|  |TAMS 0x000000070a200000| PB 0x000000070a200000| Untracked |  0
|  43|0x000000070a400000, 0x000000070a400000, 0x000000070a600000|  0%| F|  |TAMS 0x000000070a400000| PB 0x000000070a400000| Untracked |  0
|  44|0x000000070a600000, 0x000000070a600000, 0x000000070a800000|  0%| F|  |TAMS 0x000000070a600000| PB 0x000000070a600000| Untracked |  0
|  45|0x000000070a800000, 0x000000070a800000, 0x000000070aa00000|  0%| F|  |TAMS 0x000000070a800000| PB 0x000000070a800000| Untracked |  0
|  46|0x000000070aa00000, 0x000000070aa00000, 0x000000070ac00000|  0%| F|  |TAMS 0x000000070aa00000| PB 0x000000070aa00000| Untracked |  0
|  47|0x000000070ac00000, 0x000000070ac00000, 0x000000070ae00000|  0%| F|  |TAMS 0x000000070ac00000| PB 0x000000070ac00000| Untracked |  0
|  48|0x000000070ae00000, 0x000000070ae00000, 0x000000070b000000|  0%| F|  |TAMS 0x000000070ae00000| PB 0x000000070ae00000| Untracked |  0
|  49|0x000000070b000000, 0x000000070b000000, 0x000000070b200000|  0%| F|  |TAMS 0x000000070b000000| PB 0x000000070b000000| Untracked |  0
|  50|0x000000070b200000, 0x000000070b200000, 0x000000070b400000|  0%| F|  |TAMS 0x000000070b200000| PB 0x000000070b200000| Untracked |  0
|  51|0x000000070b400000, 0x000000070b400000, 0x000000070b600000|  0%| F|  |TAMS 0x000000070b400000| PB 0x000000070b400000| Untracked |  0
|  52|0x000000070b600000, 0x000000070b600000, 0x000000070b800000|  0%| F|  |TAMS 0x000000070b600000| PB 0x000000070b600000| Untracked |  0
|  53|0x000000070b800000, 0x000000070b800000, 0x000000070ba00000|  0%| F|  |TAMS 0x000000070b800000| PB 0x000000070b800000| Untracked |  0
|  54|0x000000070ba00000, 0x000000070ba00000, 0x000000070bc00000|  0%| F|  |TAMS 0x000000070ba00000| PB 0x000000070ba00000| Untracked |  0
|  55|0x000000070bc00000, 0x000000070bc00000, 0x000000070be00000|  0%| F|  |TAMS 0x000000070bc00000| PB 0x000000070bc00000| Untracked |  0
|  56|0x000000070be00000, 0x000000070be00000, 0x000000070c000000|  0%| F|  |TAMS 0x000000070be00000| PB 0x000000070be00000| Untracked |  0
|  57|0x000000070c000000, 0x000000070c000000, 0x000000070c200000|  0%| F|  |TAMS 0x000000070c000000| PB 0x000000070c000000| Untracked |  0
|  58|0x000000070c200000, 0x000000070c200000, 0x000000070c400000|  0%| F|  |TAMS 0x000000070c200000| PB 0x000000070c200000| Untracked |  0
|  59|0x000000070c400000, 0x000000070c400000, 0x000000070c600000|  0%| F|  |TAMS 0x000000070c400000| PB 0x000000070c400000| Untracked |  0
|  60|0x000000070c600000, 0x000000070c600000, 0x000000070c800000|  0%| F|  |TAMS 0x000000070c600000| PB 0x000000070c600000| Untracked |  0
|  61|0x000000070c800000, 0x000000070c800000, 0x000000070ca00000|  0%| F|  |TAMS 0x000000070c800000| PB 0x000000070c800000| Untracked |  0
|  62|0x000000070ca00000, 0x000000070ca00000, 0x000000070cc00000|  0%| F|  |TAMS 0x000000070ca00000| PB 0x000000070ca00000| Untracked |  0
|  63|0x000000070cc00000, 0x000000070cc00000, 0x000000070ce00000|  0%| F|  |TAMS 0x000000070cc00000| PB 0x000000070cc00000| Untracked |  0
|  64|0x000000070ce00000, 0x000000070ce00000, 0x000000070d000000|  0%| F|  |TAMS 0x000000070ce00000| PB 0x000000070ce00000| Untracked |  0
|  65|0x000000070d000000, 0x000000070d000000, 0x000000070d200000|  0%| F|  |TAMS 0x000000070d000000| PB 0x000000070d000000| Untracked |  0
|  66|0x000000070d200000, 0x000000070d3abb20, 0x000000070d400000| 83%| S|CS|TAMS 0x000000070d200000| PB 0x000000070d200000| Complete |  0
|  67|0x000000070d400000, 0x000000070d600000, 0x000000070d600000|100%| S|CS|TAMS 0x000000070d400000| PB 0x000000070d400000| Complete |  0
|  68|0x000000070d600000, 0x000000070d800000, 0x000000070d800000|100%| S|CS|TAMS 0x000000070d600000| PB 0x000000070d600000| Complete |  0
|  69|0x000000070d800000, 0x000000070da00000, 0x000000070da00000|100%| S|CS|TAMS 0x000000070d800000| PB 0x000000070d800000| Complete |  0
|  70|0x000000070da00000, 0x000000070dc00000, 0x000000070dc00000|100%| S|CS|TAMS 0x000000070da00000| PB 0x000000070da00000| Complete |  0
|  71|0x000000070dc00000, 0x000000070dc00000, 0x000000070de00000|  0%| F|  |TAMS 0x000000070dc00000| PB 0x000000070dc00000| Untracked |  0
|  72|0x000000070de00000, 0x000000070de00000, 0x000000070e000000|  0%| F|  |TAMS 0x000000070de00000| PB 0x000000070de00000| Untracked |  0
|  73|0x000000070e000000, 0x000000070e000000, 0x000000070e200000|  0%| F|  |TAMS 0x000000070e000000| PB 0x000000070e000000| Untracked |  0
|  74|0x000000070e200000, 0x000000070e200000, 0x000000070e400000|  0%| F|  |TAMS 0x000000070e200000| PB 0x000000070e200000| Untracked |  0
|  75|0x000000070e400000, 0x000000070e400000, 0x000000070e600000|  0%| F|  |TAMS 0x000000070e400000| PB 0x000000070e400000| Untracked |  0
|  76|0x000000070e600000, 0x000000070e600000, 0x000000070e800000|  0%| F|  |TAMS 0x000000070e600000| PB 0x000000070e600000| Untracked |  0
|  77|0x000000070e800000, 0x000000070e800000, 0x000000070ea00000|  0%| F|  |TAMS 0x000000070e800000| PB 0x000000070e800000| Untracked |  0
|  78|0x000000070ea00000, 0x000000070ea00000, 0x000000070ec00000|  0%| F|  |TAMS 0x000000070ea00000| PB 0x000000070ea00000| Untracked |  0
|  79|0x000000070ec00000, 0x000000070ec00000, 0x000000070ee00000|  0%| F|  |TAMS 0x000000070ec00000| PB 0x000000070ec00000| Untracked |  0
|  80|0x000000070ee00000, 0x000000070ee00000, 0x000000070f000000|  0%| F|  |TAMS 0x000000070ee00000| PB 0x000000070ee00000| Untracked |  0
|  81|0x000000070f000000, 0x000000070f000000, 0x000000070f200000|  0%| F|  |TAMS 0x000000070f000000| PB 0x000000070f000000| Untracked |  0
|  82|0x000000070f200000, 0x000000070f200000, 0x000000070f400000|  0%| F|  |TAMS 0x000000070f200000| PB 0x000000070f200000| Untracked |  0
|  83|0x000000070f400000, 0x000000070f400000, 0x000000070f600000|  0%| F|  |TAMS 0x000000070f400000| PB 0x000000070f400000| Untracked |  0
|  84|0x000000070f600000, 0x000000070f600000, 0x000000070f800000|  0%| F|  |TAMS 0x000000070f600000| PB 0x000000070f600000| Untracked |  0
|  85|0x000000070f800000, 0x000000070f800000, 0x000000070fa00000|  0%| F|  |TAMS 0x000000070f800000| PB 0x000000070f800000| Untracked |  0
|  86|0x000000070fa00000, 0x000000070fa00000, 0x000000070fc00000|  0%| F|  |TAMS 0x000000070fa00000| PB 0x000000070fa00000| Untracked |  0
|  87|0x000000070fc00000, 0x000000070fc00000, 0x000000070fe00000|  0%| F|  |TAMS 0x000000070fc00000| PB 0x000000070fc00000| Untracked |  0
|  88|0x000000070fe00000, 0x000000070fe00000, 0x0000000710000000|  0%| F|  |TAMS 0x000000070fe00000| PB 0x000000070fe00000| Untracked |  0
|  89|0x0000000710000000, 0x0000000710000000, 0x0000000710200000|  0%| F|  |TAMS 0x0000000710000000| PB 0x0000000710000000| Untracked |  0
|  90|0x0000000710200000, 0x0000000710200000, 0x0000000710400000|  0%| F|  |TAMS 0x0000000710200000| PB 0x0000000710200000| Untracked |  0
|  91|0x0000000710400000, 0x0000000710400000, 0x0000000710600000|  0%| F|  |TAMS 0x0000000710400000| PB 0x0000000710400000| Untracked |  0
|  92|0x0000000710600000, 0x0000000710600000, 0x0000000710800000|  0%| F|  |TAMS 0x0000000710600000| PB 0x0000000710600000| Untracked |  0
|  93|0x0000000710800000, 0x0000000710800000, 0x0000000710a00000|  0%| F|  |TAMS 0x0000000710800000| PB 0x0000000710800000| Untracked |  0
|  94|0x0000000710a00000, 0x0000000710a00000, 0x0000000710c00000|  0%| F|  |TAMS 0x0000000710a00000| PB 0x0000000710a00000| Untracked |  0
|  95|0x0000000710c00000, 0x0000000710c00000, 0x0000000710e00000|  0%| F|  |TAMS 0x0000000710c00000| PB 0x0000000710c00000| Untracked |  0
|  96|0x0000000710e00000, 0x0000000710e00000, 0x0000000711000000|  0%| F|  |TAMS 0x0000000710e00000| PB 0x0000000710e00000| Untracked |  0
|  97|0x0000000711000000, 0x0000000711000000, 0x0000000711200000|  0%| F|  |TAMS 0x0000000711000000| PB 0x0000000711000000| Untracked |  0
|  98|0x0000000711200000, 0x0000000711200000, 0x0000000711400000|  0%| F|  |TAMS 0x0000000711200000| PB 0x0000000711200000| Untracked |  0
|  99|0x0000000711400000, 0x0000000711400000, 0x0000000711600000|  0%| F|  |TAMS 0x0000000711400000| PB 0x0000000711400000| Untracked |  0
| 100|0x0000000711600000, 0x0000000711600000, 0x0000000711800000|  0%| F|  |TAMS 0x0000000711600000| PB 0x0000000711600000| Untracked |  0
| 101|0x0000000711800000, 0x0000000711800000, 0x0000000711a00000|  0%| F|  |TAMS 0x0000000711800000| PB 0x0000000711800000| Untracked |  0
| 102|0x0000000711a00000, 0x0000000711a00000, 0x0000000711c00000|  0%| F|  |TAMS 0x0000000711a00000| PB 0x0000000711a00000| Untracked |  0
| 103|0x0000000711c00000, 0x0000000711c00000, 0x0000000711e00000|  0%| F|  |TAMS 0x0000000711c00000| PB 0x0000000711c00000| Untracked |  0
| 104|0x0000000711e00000, 0x0000000711e00000, 0x0000000712000000|  0%| F|  |TAMS 0x0000000711e00000| PB 0x0000000711e00000| Untracked |  0
| 105|0x0000000712000000, 0x0000000712000000, 0x0000000712200000|  0%| F|  |TAMS 0x0000000712000000| PB 0x0000000712000000| Untracked |  0
| 106|0x0000000712200000, 0x0000000712200000, 0x0000000712400000|  0%| F|  |TAMS 0x0000000712200000| PB 0x0000000712200000| Untracked |  0
| 107|0x0000000712400000, 0x0000000712400000, 0x0000000712600000|  0%| F|  |TAMS 0x0000000712400000| PB 0x0000000712400000| Untracked |  0
| 108|0x0000000712600000, 0x0000000712600000, 0x0000000712800000|  0%| F|  |TAMS 0x0000000712600000| PB 0x0000000712600000| Untracked |  0
| 109|0x0000000712800000, 0x0000000712800000, 0x0000000712a00000|  0%| F|  |TAMS 0x0000000712800000| PB 0x0000000712800000| Untracked |  0
| 110|0x0000000712a00000, 0x0000000712a00000, 0x0000000712c00000|  0%| F|  |TAMS 0x0000000712a00000| PB 0x0000000712a00000| Untracked |  0
| 111|0x0000000712c00000, 0x0000000712c00000, 0x0000000712e00000|  0%| F|  |TAMS 0x0000000712c00000| PB 0x0000000712c00000| Untracked |  0
| 112|0x0000000712e00000, 0x0000000712e00000, 0x0000000713000000|  0%| F|  |TAMS 0x0000000712e00000| PB 0x0000000712e00000| Untracked |  0
| 113|0x0000000713000000, 0x0000000713000000, 0x0000000713200000|  0%| F|  |TAMS 0x0000000713000000| PB 0x0000000713000000| Untracked |  0
| 114|0x0000000713200000, 0x0000000713200000, 0x0000000713400000|  0%| F|  |TAMS 0x0000000713200000| PB 0x0000000713200000| Untracked |  0
| 115|0x0000000713400000, 0x0000000713400000, 0x0000000713600000|  0%| F|  |TAMS 0x0000000713400000| PB 0x0000000713400000| Untracked |  0
| 116|0x0000000713600000, 0x0000000713600000, 0x0000000713800000|  0%| F|  |TAMS 0x0000000713600000| PB 0x0000000713600000| Untracked |  0
| 117|0x0000000713800000, 0x0000000713900000, 0x0000000713a00000| 50%| E|  |TAMS 0x0000000713800000| PB 0x0000000713800000| Complete |  0
| 118|0x0000000713a00000, 0x0000000713c00000, 0x0000000713c00000|100%| E|CS|TAMS 0x0000000713a00000| PB 0x0000000713a00000| Complete |  0
| 119|0x0000000713c00000, 0x0000000713e00000, 0x0000000713e00000|100%| E|CS|TAMS 0x0000000713c00000| PB 0x0000000713c00000| Complete |  0
| 120|0x0000000713e00000, 0x0000000714000000, 0x0000000714000000|100%| E|CS|TAMS 0x0000000713e00000| PB 0x0000000713e00000| Complete |  0
| 121|0x0000000714000000, 0x0000000714200000, 0x0000000714200000|100%| E|CS|TAMS 0x0000000714000000| PB 0x0000000714000000| Complete |  0
| 122|0x0000000714200000, 0x0000000714400000, 0x0000000714400000|100%| E|CS|TAMS 0x0000000714200000| PB 0x0000000714200000| Complete |  0
| 123|0x0000000714400000, 0x0000000714600000, 0x0000000714600000|100%| E|CS|TAMS 0x0000000714400000| PB 0x0000000714400000| Complete |  0
| 124|0x0000000714600000, 0x0000000714800000, 0x0000000714800000|100%| E|CS|TAMS 0x0000000714600000| PB 0x0000000714600000| Complete |  0
| 125|0x0000000714800000, 0x0000000714a00000, 0x0000000714a00000|100%| E|CS|TAMS 0x0000000714800000| PB 0x0000000714800000| Complete |  0

Card table byte_map: [0x00000210785a0000,0x0000021078d80000] _byte_map_base: 0x0000021074d79000

Marking Bits: (CMBitMap*) 0x000002105fe66390
 Bits: [0x0000021078d80000, 0x000002107cc48000)

Polling page: 0x000002105dcb0000

Metaspace:

Usage:
  Non-class:     16.58 MB used.
      Class:      2.13 MB used.
       Both:     18.71 MB used.

Virtual space:
  Non-class space:       64.00 MB reserved,      16.75 MB ( 26%) committed,  1 nodes.
      Class space:        1.00 GB reserved,       2.31 MB ( <1%) committed,  1 nodes.
             Both:        1.06 GB reserved,      19.06 MB (  2%) committed. 

Chunk freelists:
   Non-Class:  14.80 MB
       Class:  13.55 MB
        Both:  28.34 MB

MaxMetaspaceSize: unlimited
CompressedClassSpaceSize: 1.00 GB
Initial GC threshold: 21.00 MB
Current GC threshold: 21.00 MB
CDS: on
 - commit_granule_bytes: 65536.
 - commit_granule_words: 8192.
 - virtual_space_node_default_size: 8388608.
 - enlarge_chunks_in_place: 1.
 - use_allocation_guard: 0.


Internal statistics:

num_allocs_failed_limit: 0.
num_arena_births: 170.
num_arena_deaths: 0.
num_vsnodes_births: 2.
num_vsnodes_deaths: 0.
num_space_committed: 305.
num_space_uncommitted: 0.
num_chunks_returned_to_freelist: 0.
num_chunks_taken_from_freelist: 846.
num_chunk_merges: 0.
num_chunk_splits: 570.
num_chunks_enlarged: 459.
num_inconsistent_stats: 0.

CodeHeap 'non-profiled nmethods': size=119232Kb used=2566Kb max_used=2566Kb free=116666Kb
 bounds [0x00000210700d0000, 0x0000021070360000, 0x0000021077540000]
CodeHeap 'profiled nmethods': size=119104Kb used=10675Kb max_used=10675Kb free=108428Kb
 bounds [0x0000021068540000, 0x0000021068fb0000, 0x000002106f990000]
CodeHeap 'non-nmethods': size=7424Kb used=2554Kb max_used=3157Kb free=4869Kb
 bounds [0x000002106f990000, 0x000002106fcb0000, 0x00000210700d0000]
CodeCache: size=245760Kb, used=15795Kb, max_used=16398Kb, free=229963Kb
 total_blobs=6729, nmethods=6201, adapters=430, full_count=0
Compilation: enabled, stopped_count=0, restarted_count=0

Compilation events (20 events):
Event: 13.239 Thread 0x0000021045022250 nmethod 6136 0x0000021070349c08 code [0x0000021070349e60, 0x000002107034b708]
Event: 13.240 Thread 0x0000021045022250 6141       4       java.lang.String::valueOf (39 bytes)
Event: 13.244 Thread 0x0000021045022250 nmethod 6141 0x000002107034b808 code [0x000002107034b920, 0x000002107034bb30]
Event: 13.244 Thread 0x0000021045022250 6138       4       org.eclipse.sisu.inject.LocatedBeans::iterator (9 bytes)
Event: 13.259 Thread 0x0000021045022250 nmethod 6138 0x000002107034bb88 code [0x000002107034bd00, 0x000002107034c640]
Event: 13.259 Thread 0x0000021045022250 6139       4       org.eclipse.sisu.inject.LocatedBeans$Itr::<init> (57 bytes)
Event: 13.277 Thread 0x0000021045022250 nmethod 6139 0x000002107034c708 code [0x000002107034c880, 0x000002107034d248]
Event: 13.277 Thread 0x0000021045022250 6140   !   4       org.eclipse.sisu.inject.BeanCache::flush (55 bytes)
Event: 13.284 Thread 0x0000021045022250 nmethod 6140 0x000002107034d308 code [0x000002107034d440, 0x000002107034d828]
Event: 13.325 Thread 0x0000021045022250 6159       4       java.lang.ref.Cleaner::register (25 bytes)
Event: 13.373 Thread 0x000002104503fce0 6160       3       org.eclipse.aether.graph.DefaultDependencyNode::setArtifact (41 bytes)
Event: 13.373 Thread 0x0000021045264dd0 6161       3       org.apache.maven.artifact.ArtifactUtils::toSnapshotVersion (77 bytes)
Event: 13.373 Thread 0x00000210450ded90 6162       3       org.apache.maven.artifact.DefaultArtifact::setBaseVersionInternal (9 bytes)
Event: 13.373 Thread 0x000002104503fce0 nmethod 6160 0x0000021068f98588 code [0x0000021068f986e0, 0x0000021068f98a38]
Event: 13.373 Thread 0x000002104503fce0 6163       3       org.apache.maven.artifact.versioning.VersionRange::createFromVersion (51 bytes)
Event: 13.374 Thread 0x00000210450ded90 nmethod 6162 0x0000021068f98a88 code [0x0000021068f98ba0, 0x0000021068f98d38]
Event: 13.374 Thread 0x00000210450ded90 6164       3       org.apache.maven.artifact.handler.DefaultArtifactHandler::<init> (10 bytes)
Event: 13.374 Thread 0x00000210450ded90 nmethod 6164 0x0000021068f98d88 code [0x0000021068f98ea0, 0x0000021068f99060]
Event: 13.374 Thread 0x00000210450ded90 6165       3       org.apache.maven.RepositoryUtils::toArtifacts (137 bytes)
Event: 13.375 Thread 0x000002104503fce0 nmethod 6163 0x0000021068f99088 code [0x0000021068f99220, 0x0000021068f99b50]

GC Heap History (10 events):
Event: 1.608 GC heap before
{Heap before GC invocations=0 (full 0):
 garbage-first heap   total reserved 4114432K, committed 258048K, used 24576K [0x0000000704e00000, 0x0000000800000000)
  region size 2048K, 12 young (24576K), 0 survivors (0K)
 Metaspace       used 5836K, committed 5952K, reserved 1114112K
  class space    used 707K, committed 768K, reserved 1048576K
}
Event: 1.619 GC heap after
{Heap after GC invocations=1 (full 0):
 garbage-first heap   total reserved 4114432K, committed 258048K, used 4096K [0x0000000704e00000, 0x0000000800000000)
  region size 2048K, 2 young (4096K), 2 survivors (4096K)
 Metaspace       used 5836K, committed 5952K, reserved 1114112K
  class space    used 707K, committed 768K, reserved 1048576K
}
Event: 2.652 GC heap before
{Heap before GC invocations=1 (full 0):
 garbage-first heap   total reserved 4114432K, committed 258048K, used 22528K [0x0000000704e00000, 0x0000000800000000)
  region size 2048K, 12 young (24576K), 2 survivors (4096K)
 Metaspace       used 7481K, committed 7744K, reserved 1114112K
  class space    used 897K, committed 1024K, reserved 1048576K
}
Event: 2.663 GC heap after
{Heap after GC invocations=2 (full 0):
 garbage-first heap   total reserved 4114432K, committed 258048K, used 4877K [0x0000000704e00000, 0x0000000800000000)
  region size 2048K, 1 young (2048K), 1 survivors (2048K)
 Metaspace       used 7481K, committed 7744K, reserved 1114112K
  class space    used 897K, committed 1024K, reserved 1048576K
}
Event: 6.301 GC heap before
{Heap before GC invocations=2 (full 0):
 garbage-first heap   total reserved 4114432K, committed 258048K, used 68365K [0x0000000704e00000, 0x0000000800000000)
  region size 2048K, 32 young (65536K), 1 survivors (2048K)
 Metaspace       used 15447K, committed 15680K, reserved 1114112K
  class space    used 1878K, committed 1984K, reserved 1048576K
}
Event: 6.315 GC heap after
{Heap after GC invocations=3 (full 0):
 garbage-first heap   total reserved 4114432K, committed 258048K, used 11794K [0x0000000704e00000, 0x0000000800000000)
  region size 2048K, 4 young (8192K), 4 survivors (8192K)
 Metaspace       used 15447K, committed 15680K, reserved 1114112K
  class space    used 1878K, committed 1984K, reserved 1048576K
}
Event: 9.284 GC heap before
{Heap before GC invocations=3 (full 0):
 garbage-first heap   total reserved 4114432K, committed 258048K, used 71186K [0x0000000704e00000, 0x0000000800000000)
  region size 2048K, 33 young (67584K), 4 survivors (8192K)
 Metaspace       used 16648K, committed 16896K, reserved 1114112K
  class space    used 1947K, committed 2048K, reserved 1048576K
}
Event: 9.301 GC heap after
{Heap after GC invocations=4 (full 0):
 garbage-first heap   total reserved 4114432K, committed 258048K, used 17249K [0x0000000704e00000, 0x0000000800000000)
  region size 2048K, 3 young (6144K), 3 survivors (6144K)
 Metaspace       used 16648K, committed 16896K, reserved 1114112K
  class space    used 1947K, committed 2048K, reserved 1048576K
}
Event: 13.010 GC heap before
{Heap before GC invocations=4 (full 0):
 garbage-first heap   total reserved 4114432K, committed 258048K, used 156513K [0x0000000704e00000, 0x0000000800000000)
  region size 2048K, 55 young (112640K), 3 survivors (6144K)
 Metaspace       used 18957K, committed 19264K, reserved 1114112K
  class space    used 2168K, committed 2304K, reserved 1048576K
}
Event: 13.022 GC heap after
{Heap after GC invocations=5 (full 0):
 garbage-first heap   total reserved 4114432K, committed 258048K, used 21516K [0x0000000704e00000, 0x0000000800000000)
  region size 2048K, 5 young (10240K), 5 survivors (10240K)
 Metaspace       used 18957K, committed 19264K, reserved 1114112K
  class space    used 2168K, committed 2304K, reserved 1048576K
}

Dll operation events (8 events):
Event: 0.022 Loaded shared library C:\Program Files\Java\jdk-23\bin\java.dll
Event: 0.087 Loaded shared library C:\Program Files\Java\jdk-23\bin\jsvml.dll
Event: 0.132 Loaded shared library C:\Program Files\Java\jdk-23\bin\net.dll
Event: 0.137 Loaded shared library C:\Program Files\Java\jdk-23\bin\nio.dll
Event: 0.144 Loaded shared library C:\Program Files\Java\jdk-23\bin\zip.dll
Event: 0.417 Loaded shared library C:\Program Files\Java\jdk-23\bin\jimage.dll
Event: 0.419 Loaded shared library C:\Users\omkar\.m2\wrapper\dists\apache-maven-3.9.14\ed7edd442f634ac1c1ef5ba2b61b6d690b5221091f1a8e1123f5fadcc967520d\lib\jansi-native\Windows\x86_64\jansi.dll
Event: 0.507 Loaded shared library C:\Program Files\Java\jdk-23\bin\verify.dll

Deoptimization events (20 events):
Event: 12.729 Thread 0x000002105fdff5b0 Uncommon trap: trap_request=0xffffff45 fr.pc=0x00000210701b2a68 relative=0x00000000000000c8
Event: 12.729 Thread 0x000002105fdff5b0 Uncommon trap: reason=unstable_if action=reinterpret pc=0x00000210701b2a68 method=java.util.Spliterator.getExactSizeIfKnown()J @ 9 c2
Event: 12.729 Thread 0x000002105fdff5b0 DEOPT PACKING pc=0x00000210701b2a68 sp=0x0000005d152fd890
Event: 12.729 Thread 0x000002105fdff5b0 DEOPT UNPACKING pc=0x000002106f9e4402 sp=0x0000005d152fd830 mode 2
Event: 12.730 Thread 0x000002105fdff5b0 Uncommon trap: trap_request=0xffffff45 fr.pc=0x00000210702fb8f0 relative=0x0000000000000770
Event: 12.730 Thread 0x000002105fdff5b0 Uncommon trap: reason=unstable_if action=reinterpret pc=0x00000210702fb8f0 method=sun.nio.fs.NativeBuffers.getNativeBufferFromCache(I)Lsun/nio/fs/NativeBuffer; @ 18 c2
Event: 12.730 Thread 0x000002105fdff5b0 DEOPT PACKING pc=0x00000210702fb8f0 sp=0x0000005d152fd210
Event: 12.730 Thread 0x000002105fdff5b0 DEOPT UNPACKING pc=0x000002106f9e4402 sp=0x0000005d152fd158 mode 2
Event: 12.733 Thread 0x000002105fdff5b0 Uncommon trap: trap_request=0xffffff45 fr.pc=0x00000210702f336c relative=0x000000000000022c
Event: 12.733 Thread 0x000002105fdff5b0 Uncommon trap: reason=unstable_if action=reinterpret pc=0x00000210702f336c method=sun.nio.fs.NativeBuffers.getNativeBufferFromCache(I)Lsun/nio/fs/NativeBuffer; @ 18 c2
Event: 12.733 Thread 0x000002105fdff5b0 DEOPT PACKING pc=0x00000210702f336c sp=0x0000005d152fd190
Event: 12.733 Thread 0x000002105fdff5b0 DEOPT UNPACKING pc=0x000002106f9e4402 sp=0x0000005d152fd140 mode 2
Event: 12.746 Thread 0x000002105fdff5b0 Uncommon trap: trap_request=0xffffff45 fr.pc=0x00000210702f3fc8 relative=0x0000000000000288
Event: 12.746 Thread 0x000002105fdff5b0 Uncommon trap: reason=unstable_if action=reinterpret pc=0x00000210702f3fc8 method=sun.nio.fs.NativeBuffers.releaseNativeBuffer(Lsun/nio/fs/NativeBuffer;)V @ 35 c2
Event: 12.746 Thread 0x000002105fdff5b0 DEOPT PACKING pc=0x00000210702f3fc8 sp=0x0000005d152fd580
Event: 12.746 Thread 0x000002105fdff5b0 DEOPT UNPACKING pc=0x000002106f9e4402 sp=0x0000005d152fd528 mode 2
Event: 13.024 Thread 0x000002105fdff5b0 Uncommon trap: trap_request=0xffffff45 fr.pc=0x000002107019a534 relative=0x0000000000000094
Event: 13.024 Thread 0x000002105fdff5b0 Uncommon trap: reason=unstable_if action=reinterpret pc=0x000002107019a534 method=java.lang.ref.ReferenceQueue.poll()Ljava/lang/ref/Reference; @ 4 c2
Event: 13.024 Thread 0x000002105fdff5b0 DEOPT PACKING pc=0x000002107019a534 sp=0x0000005d152fcb10
Event: 13.024 Thread 0x000002105fdff5b0 DEOPT UNPACKING pc=0x000002106f9e4402 sp=0x0000005d152fc9f8 mode 2

Classes loaded (20 events):
Event: 12.725 Loading class java/nio/file/Files$AcceptAllFilter
Event: 12.725 Loading class java/nio/file/DirectoryStream$Filter
Event: 12.725 Loading class java/nio/file/DirectoryStream$Filter done
Event: 12.726 Loading class java/nio/file/Files$AcceptAllFilter done
Event: 12.726 Loading class sun/nio/fs/WindowsDirectoryStream
Event: 12.726 Loading class java/nio/file/DirectoryStream
Event: 12.726 Loading class java/nio/file/DirectoryStream done
Event: 12.726 Loading class sun/nio/fs/WindowsDirectoryStream done
Event: 12.726 Loading class java/nio/file/FileTreeWalker$DirectoryNode
Event: 12.726 Loading class java/nio/file/FileTreeWalker$DirectoryNode done
Event: 12.727 Loading class sun/nio/fs/WindowsDirectoryStream$WindowsDirectoryIterator
Event: 12.727 Loading class sun/nio/fs/WindowsDirectoryStream$WindowsDirectoryIterator done
Event: 12.727 Loading class java/nio/file/FileTreeWalker$Event
Event: 12.727 Loading class java/nio/file/FileTreeWalker$Event done
Event: 12.727 Loading class java/nio/file/FileTreeWalker$EventType
Event: 12.727 Loading class java/nio/file/FileTreeWalker$EventType done
Event: 12.730 Loading class sun/nio/fs/WindowsPath$WindowsPathWithAttributes
Event: 12.730 Loading class sun/nio/fs/BasicFileAttributesHolder
Event: 12.730 Loading class sun/nio/fs/BasicFileAttributesHolder done
Event: 12.731 Loading class sun/nio/fs/WindowsPath$WindowsPathWithAttributes done

Classes unloaded (0 events):
No events

Classes redefined (0 events):
No events

Internal exceptions (20 events):
Event: 4.801 Thread 0x000002105fdff5b0 Implicit null exception at 0x00000210700fe194 to 0x00000210700fe808
Event: 4.801 Thread 0x000002105fdff5b0 Implicit null exception at 0x00000210700fc910 to 0x00000210700fcf70
Event: 4.890 Thread 0x000002105fdff5b0 Exception <a 'java/lang/NoSuchMethodError'{0x0000000712524938}: 'void java.lang.invoke.DirectMethodHandle$Holder.invokeSpecial(java.lang.Object, java.lang.Object, java.lang.Object, java.lang.Object, java.lang.Object)'> (0x0000000712524938) 
thrown [s\open\src\hotspot\share\interpreter\linkResolver.cpp, line 796]
Event: 4.902 Thread 0x000002105fdff5b0 Exception <a 'java/lang/NoSuchMethodError'{0x000000071253b0e0}: 'void java.lang.invoke.DirectMethodHandle$Holder.invokeSpecial(java.lang.Object, java.lang.Object, java.lang.Object, java.lang.Object, java.lang.Object, java.lang.Object)'> (0x000000071253b0e0) 
thrown [s\open\src\hotspot\share\interpreter\linkResolver.cpp, line 796]
Event: 4.936 Thread 0x000002105fdff5b0 Exception <a 'java/lang/NoSuchMethodError'{0x000000071227a7a8}: 'java.lang.Object java.lang.invoke.DirectMethodHandle$Holder.invokeVirtual(java.lang.Object, java.lang.Object, java.lang.Object)'> (0x000000071227a7a8) 
thrown [s\open\src\hotspot\share\interpreter\linkResolver.cpp, line 796]
Event: 5.065 Thread 0x000002105fdff5b0 Exception <a 'java/lang/NoSuchMethodError'{0x000000071207bbd0}: 'void java.lang.invoke.DirectMethodHandle$Holder.invokeVirtual(java.lang.Object, java.lang.Object, int)'> (0x000000071207bbd0) 
thrown [s\open\src\hotspot\share\interpreter\linkResolver.cpp, line 796]
Event: 5.070 Thread 0x000002105fdff5b0 Exception <a 'java/lang/NoSuchMethodError'{0x000000071208e968}: 'java.lang.Object java.lang.invoke.DirectMethodHandle$Holder.invokeStatic(java.lang.Object, java.lang.Object, java.lang.Object, java.lang.Object, int)'> (0x000000071208e968) 
thrown [s\open\src\hotspot\share\interpreter\linkResolver.cpp, line 796]
Event: 5.073 Thread 0x000002105fdff5b0 Exception <a 'java/lang/NoSuchMethodError'{0x0000000712096948}: 'void java.lang.invoke.DirectMethodHandle$Holder.invokeSpecial(java.lang.Object, java.lang.Object, java.lang.Object, int)'> (0x0000000712096948) 
thrown [s\open\src\hotspot\share\interpreter\linkResolver.cpp, line 796]
Event: 5.075 Thread 0x000002105fdff5b0 Exception <a 'java/lang/NoSuchMethodError'{0x000000071209a030}: 'void java.lang.invoke.DelegatingMethodHandle$Holder.reinvoke_L(java.lang.Object, java.lang.Object, int)'> (0x000000071209a030) 
thrown [s\open\src\hotspot\share\interpreter\linkResolver.cpp, line 796]
Event: 6.731 Thread 0x000002105fdff5b0 Implicit null exception at 0x000002107022ec44 to 0x000002107022fff4
Event: 6.731 Thread 0x000002105fdff5b0 Implicit null exception at 0x000002107018e7eb to 0x000002107018e9e4
Event: 6.731 Thread 0x000002105fdff5b0 Implicit null exception at 0x00000210701a80d6 to 0x00000210701a817a
Event: 6.735 Thread 0x000002105fdff5b0 Exception <a 'java/lang/NoSuchMethodError'{0x0000000714129c98}: 'void java.lang.invoke.DirectMethodHandle$Holder.invokeStatic(java.lang.Object, java.lang.Object, java.lang.Object, java.lang.Object)'> (0x0000000714129c98) 
thrown [s\open\src\hotspot\share\interpreter\linkResolver.cpp, line 796]
Event: 6.754 Thread 0x000002105fdff5b0 Exception <a 'java/lang/NoSuchMethodError'{0x00000007141b5c70}: 'int java.lang.invoke.DirectMethodHandle$Holder.invokeSpecialIFC(java.lang.Object, java.lang.Object, java.lang.Object, java.lang.Object)'> (0x00000007141b5c70) 
thrown [s\open\src\hotspot\share\interpreter\linkResolver.cpp, line 796]
Event: 10.892 Thread 0x000002105fdff5b0 Implicit null exception at 0x000002107017de1d to 0x000002107017de9d
Event: 11.532 Thread 0x000002105fdff5b0 Exception <a 'java/lang/NoSuchMethodError'{0x000000070fe6aac8}: 'java.lang.Object java.lang.invoke.DirectMethodHandle$Holder.newInvokeSpecial(java.lang.Object, java.lang.Object, java.lang.Object, java.lang.Object, java.lang.Object, java.lang.Object, java.lang.Object)'> (0x000000070fe6aac8) 
thrown [s\open\src\hotspot\share\interpreter\linkResolver.cpp, line 796]
Event: 11.535 Thread 0x000002105fdff5b0 Implicit null exception at 0x00000210702c56c2 to 0x00000210702c82f8
Event: 11.832 Thread 0x000002105fdff5b0 Implicit null exception at 0x00000210702948e3 to 0x00000210702950bc
Event: 11.854 Thread 0x000002105fdff5b0 Exception <a 'java/lang/NoSuchMethodError'{0x000000070f4486d0}: 'int java.lang.invoke.DirectMethodHandle$Holder.invokeVirtual(java.lang.Object, java.lang.Object)'> (0x000000070f4486d0) 
thrown [s\open\src\hotspot\share\interpreter\linkResolver.cpp, line 796]
Event: 11.919 Thread 0x000002105fdff5b0 Exception <a 'java/lang/NoSuchMethodError'{0x000000070f5748b8}: 'void java.lang.invoke.Invokers$Holder.invokeExact_MT(java.lang.Object, java.lang.Object, int, java.lang.Object)'> (0x000000070f5748b8) 
thrown [s\open\src\hotspot\share\interpreter\linkResolver.cpp, line 796]

VM Operations (20 events):
Event: 4.513 Executing VM operation: HandshakeAllThreads (Deoptimize)
Event: 4.513 Executing VM operation: HandshakeAllThreads (Deoptimize) done
Event: 4.611 Executing VM operation: HandshakeAllThreads (Deoptimize)
Event: 4.611 Executing VM operation: HandshakeAllThreads (Deoptimize) done
Event: 4.654 Executing VM operation: HandshakeAllThreads (Deoptimize)
Event: 4.655 Executing VM operation: HandshakeAllThreads (Deoptimize) done
Event: 4.718 Executing VM operation: HandshakeAllThreads (Deoptimize)
Event: 4.718 Executing VM operation: HandshakeAllThreads (Deoptimize) done
Event: 4.720 Executing VM operation: HandshakeAllThreads (Deoptimize)
Event: 4.720 Executing VM operation: HandshakeAllThreads (Deoptimize) done
Event: 6.301 Executing VM operation: G1CollectForAllocation (G1 Evacuation Pause)
Event: 6.315 Executing VM operation: G1CollectForAllocation (G1 Evacuation Pause) done
Event: 9.284 Executing VM operation: G1CollectForAllocation (G1 Evacuation Pause)
Event: 9.301 Executing VM operation: G1CollectForAllocation (G1 Evacuation Pause) done
Event: 11.916 Executing VM operation: HandshakeAllThreads (Deoptimize)
Event: 11.916 Executing VM operation: HandshakeAllThreads (Deoptimize) done
Event: 12.732 Executing VM operation: HandshakeAllThreads (Deoptimize)
Event: 12.732 Executing VM operation: HandshakeAllThreads (Deoptimize) done
Event: 13.010 Executing VM operation: G1CollectForAllocation (G1 Evacuation Pause)
Event: 13.022 Executing VM operation: G1CollectForAllocation (G1 Evacuation Pause) done

Memory protections (0 events):
No events

Nmethod flushes (0 events):
No events

Events (20 events):
Event: 3.688 Thread 0x0000021045ed2e90 Thread exited: 0x0000021045ed2e90
Event: 4.178 Thread 0x0000021045264dd0 Thread added: 0x0000021046c7af00
Event: 4.652 Thread 0x000002105fdff5b0 Thread added: 0x0000021045024260
Event: 4.974 Thread 0x0000021045929e30 Thread added: 0x00000210471454d0
Event: 6.801 Thread 0x00000210450ded90 Thread added: 0x00000210467d10d0
Event: 7.949 Thread 0x00000210467d10d0 Thread exited: 0x00000210467d10d0
Event: 9.357 Thread 0x00000210471454d0 Thread exited: 0x00000210471454d0
Event: 9.495 Thread 0x00000210450ded90 Thread added: 0x00000210472fb550
Event: 9.594 Thread 0x000002104503fce0 Thread added: 0x00000210472fbc20
Event: 10.808 Thread 0x00000210472fbc20 Thread exited: 0x00000210472fbc20
Event: 10.892 Thread 0x00000210472fb550 Thread exited: 0x00000210472fb550
Event: 10.914 Thread 0x0000021045264dd0 Thread added: 0x00000210472fb550
Event: 10.916 Thread 0x000002104503fce0 Thread added: 0x00000210472fbc20
Event: 11.250 Thread 0x00000210472fbc20 Thread exited: 0x00000210472fbc20
Event: 11.250 Thread 0x00000210472fb550 Thread exited: 0x00000210472fb550
Event: 11.514 Thread 0x0000021045929e30 Thread exited: 0x0000021045929e30
Event: 11.514 Thread 0x0000021046c7af00 Thread exited: 0x0000021046c7af00
Event: 11.832 Thread 0x00000210450ded90 Thread added: 0x00000210472fb550
Event: 12.474 Thread 0x0000021045264dd0 Thread added: 0x00000210472fbc20
Event: 12.889 Thread 0x00000210472fbc20 Thread exited: 0x00000210472fbc20


Dynamic libraries:
0x00007ff689a60000 - 0x00007ff689a70000 	C:\Program Files\Java\jdk-23\bin\java.exe
0x00007ffcc6fa0000 - 0x00007ffcc7207000 	C:\WINDOWS\SYSTEM32\ntdll.dll
0x00007ffcc5f30000 - 0x00007ffcc5ff9000 	C:\WINDOWS\System32\KERNEL32.DLL
0x00007ffcc46b0000 - 0x00007ffcc4aa7000 	C:\WINDOWS\System32\KERNELBASE.dll
0x00007ffcc4240000 - 0x00007ffcc438b000 	C:\WINDOWS\System32\ucrtbase.dll
0x00007ffc965a0000 - 0x00007ffc965b7000 	C:\Program Files\Java\jdk-23\bin\jli.dll
0x00007ffc93fd0000 - 0x00007ffc93feb000 	C:\Program Files\Java\jdk-23\bin\VCRUNTIME140.dll
0x00007ffcc69f0000 - 0x00007ffcc6bb6000 	C:\WINDOWS\System32\USER32.dll
0x00007ffcc45d0000 - 0x00007ffcc45f7000 	C:\WINDOWS\System32\win32u.dll
0x00007ffc9ae90000 - 0x00007ffc9b122000 	C:\WINDOWS\WinSxS\amd64_microsoft.windows.common-controls_6595b64144ccf1df_6.0.26100.8328_none_3e08182ce334b678\COMCTL32.dll
0x00007ffcc6440000 - 0x00007ffcc646b000 	C:\WINDOWS\System32\GDI32.dll
0x00007ffcc6810000 - 0x00007ffcc68b9000 	C:\WINDOWS\System32\msvcrt.dll
0x00007ffcc4bf0000 - 0x00007ffcc4d1c000 	C:\WINDOWS\System32\gdi32full.dll
0x00007ffcc4b40000 - 0x00007ffcc4be3000 	C:\WINDOWS\System32\msvcp_win.dll
0x00007ffcc67d0000 - 0x00007ffcc6802000 	C:\WINDOWS\System32\IMM32.DLL
0x00007ffcb9ec0000 - 0x00007ffcb9ecc000 	C:\Program Files\Java\jdk-23\bin\vcruntime140_1.dll
0x00007ffc6d580000 - 0x00007ffc6d60e000 	C:\Program Files\Java\jdk-23\bin\msvcp140.dll
0x00007ffbaa970000 - 0x00007ffbab6c0000 	C:\Program Files\Java\jdk-23\bin\server\jvm.dll
0x00007ffcc5d90000 - 0x00007ffcc5e46000 	C:\WINDOWS\System32\ADVAPI32.dll
0x00007ffcc64c0000 - 0x00007ffcc6567000 	C:\WINDOWS\System32\sechost.dll
0x00007ffcc68d0000 - 0x00007ffcc69e8000 	C:\WINDOWS\System32\RPCRT4.dll
0x00007ffcc5310000 - 0x00007ffcc5390000 	C:\WINDOWS\System32\WS2_32.dll
0x00007ffcb0090000 - 0x00007ffcb009b000 	C:\WINDOWS\SYSTEM32\VERSION.dll
0x00007ffcb7600000 - 0x00007ffcb7636000 	C:\WINDOWS\SYSTEM32\WINMM.dll
0x00007ffcc3830000 - 0x00007ffcc388e000 	C:\WINDOWS\SYSTEM32\POWRPROF.dll
0x00007ffcc3810000 - 0x00007ffcc3824000 	C:\WINDOWS\SYSTEM32\UMPDC.dll
0x00007ffcc2760000 - 0x00007ffcc277b000 	C:\WINDOWS\SYSTEM32\kernel.appcore.dll
0x00007ffca55c0000 - 0x00007ffca55ca000 	C:\Program Files\Java\jdk-23\bin\jimage.dll
0x00007ffcc1640000 - 0x00007ffcc1882000 	C:\WINDOWS\SYSTEM32\DBGHELP.DLL
0x00007ffcc6030000 - 0x00007ffcc63b3000 	C:\WINDOWS\System32\combase.dll
0x00007ffcc5e50000 - 0x00007ffcc5f29000 	C:\WINDOWS\System32\OLEAUT32.dll
0x00007ffc92fa0000 - 0x00007ffc92fdb000 	C:\WINDOWS\SYSTEM32\dbgcore.DLL
0x00007ffcc4600000 - 0x00007ffcc46a8000 	C:\WINDOWS\System32\bcryptPrimitives.dll
0x00007ffc87730000 - 0x00007ffc8774e000 	C:\Program Files\Java\jdk-23\bin\java.dll
0x00007ffcc6bc0000 - 0x00007ffcc6d57000 	C:\WINDOWS\System32\ole32.dll
0x00007ffcc53b0000 - 0x00007ffcc5b1e000 	C:\WINDOWS\System32\SHELL32.dll
0x00007ffcc39d0000 - 0x00007ffcc423c000 	C:\WINDOWS\System32\windows.storage.dll
0x00007ffcc5c70000 - 0x00007ffcc5d66000 	C:\WINDOWS\System32\SHCORE.dll
0x00007ffcc4db0000 - 0x00007ffcc4e16000 	C:\WINDOWS\System32\shlwapi.dll
0x00007ffcc38f0000 - 0x00007ffcc3919000 	C:\WINDOWS\SYSTEM32\profapi.dll
0x00007ffc40d70000 - 0x00007ffc40e47000 	C:\Program Files\Java\jdk-23\bin\jsvml.dll
0x00007ffc96540000 - 0x00007ffc96550000 	C:\Program Files\Java\jdk-23\bin\net.dll
0x00007ffcc2cd0000 - 0x00007ffcc2d3c000 	C:\WINDOWS\system32\mswsock.dll
0x00007ffc87710000 - 0x00007ffc87726000 	C:\Program Files\Java\jdk-23\bin\nio.dll
0x00007ffc876b0000 - 0x00007ffc876c7000 	C:\Program Files\Java\jdk-23\bin\zip.dll
0x00007ffc7cef0000 - 0x00007ffc7cf14000 	C:\Users\omkar\.m2\wrapper\dists\apache-maven-3.9.14\ed7edd442f634ac1c1ef5ba2b61b6d690b5221091f1a8e1123f5fadcc967520d\lib\jansi-native\Windows\x86_64\jansi.dll
0x00007ffc92640000 - 0x00007ffc92650000 	C:\Program Files\Java\jdk-23\bin\verify.dll

dbghelp: loaded successfully - version: 4.0.5 - missing functions: none
symbol engine: initialized successfully - sym options: 0x614 - pdb path: .;C:\Program Files\Java\jdk-23\bin;C:\WINDOWS\SYSTEM32;C:\WINDOWS\WinSxS\amd64_microsoft.windows.common-controls_6595b64144ccf1df_6.0.26100.8328_none_3e08182ce334b678;C:\Program Files\Java\jdk-23\bin\server;C:\Users\omkar\.m2\wrapper\dists\apache-maven-3.9.14\ed7edd442f634ac1c1ef5ba2b61b6d690b5221091f1a8e1123f5fadcc967520d\lib\jansi-native\Windows\x86_64

VM Arguments:
jvm_args: --enable-native-access=ALL-UNNAMED -Dclassworlds.conf=C:\Users\omkar\.m2\wrapper\dists\apache-maven-3.9.14\ed7edd442f634ac1c1ef5ba2b61b6d690b5221091f1a8e1123f5fadcc967520d\bin\m2.conf -Dmaven.home=C:\Users\omkar\.m2\wrapper\dists\apache-maven-3.9.14\ed7edd442f634ac1c1ef5ba2b61b6d690b5221091f1a8e1123f5fadcc967520d -Dlibrary.jansi.path=C:\Users\omkar\.m2\wrapper\dists\apache-maven-3.9.14\ed7edd442f634ac1c1ef5ba2b61b6d690b5221091f1a8e1123f5fadcc967520d\lib\jansi-native -Dmaven.multiModuleProjectDirectory=D:\DEVELOP LIFE\FinalOneBackend\UserService 
java_command: org.codehaus.plexus.classworlds.launcher.Launcher spring-boot:run
java_class_path (initial): C:\Users\omkar\.m2\wrapper\dists\apache-maven-3.9.14\ed7edd442f634ac1c1ef5ba2b61b6d690b5221091f1a8e1123f5fadcc967520d\boot\plexus-classworlds-2.9.0.jar
Launcher Type: SUN_STANDARD

[Global flags]
     intx CICompilerCount                          = 12                                        {product} {ergonomic}
     uint ConcGCThreads                            = 3                                         {product} {ergonomic}
     uint G1ConcRefinementThreads                  = 13                                        {product} {ergonomic}
   size_t G1HeapRegionSize                         = 2097152                                   {product} {ergonomic}
   size_t InitialHeapSize                          = 264241152                                 {product} {ergonomic}
   size_t MarkStackSize                            = 4194304                                   {product} {ergonomic}
   size_t MarkStackSizeMax                         = 536870912                                 {product} {ergonomic}
   size_t MaxHeapSize                              = 4213178368                                {product} {ergonomic}
   size_t MaxNewSize                               = 2527068160                                {product} {ergonomic}
   size_t MinHeapDeltaBytes                        = 2097152                                   {product} {ergonomic}
   size_t MinHeapSize                              = 8388608                                   {product} {ergonomic}
    uintx NonNMethodCodeHeapSize                   = 7602176                                {pd product} {ergonomic}
    uintx NonProfiledCodeHeapSize                  = 122093568                              {pd product} {ergonomic}
    uintx ProfiledCodeHeapSize                     = 121962496                              {pd product} {ergonomic}
    uintx ReservedCodeCacheSize                    = 251658240                              {pd product} {ergonomic}
     bool SegmentedCodeCache                       = true                                      {product} {ergonomic}
   size_t SoftMaxHeapSize                          = 4213178368                             {manageable} {ergonomic}
     bool UseCompressedOops                        = true                           {product lp64_product} {ergonomic}
     bool UseG1GC                                  = true                                      {product} {ergonomic}
     bool UseLargePagesIndividualAllocation        = false                                  {pd product} {ergonomic}

Logging:
Log output configuration:
 #0: stdout all=warning uptime,level,tags foldmultilines=false
 #1: stderr all=off uptime,level,tags foldmultilines=false

Environment Variables:
PATH=C:\Program Files\Python313\Scripts\;C:\Program Files\Python313\;C:\Program Files\Common Files\Oracle\Java\javapath;C:\WINDOWS\system32;C:\WINDOWS;C:\WINDOWS\System32\Wbem;C:\WINDOWS\System32\WindowsPowerShell\v1.0\;C:\WINDOWS\System32\OpenSSH\;C:\Program Files\Java\jdk-23\bin;C:\Program Files\MySQL\MySQL Server 8.0\bin;C:\ffmpeg\bin;C:\ProgramData\chocolatey\bin;C:\Program Files\dotnet\;C:\Program Files\nodejs\;C:\Program Files\MongoDB\Tools\100\bin;C:\FasterDownload;C:\Program Files\Git\cmd;C:\Program Files\MySQL\MySQL Shell 8.0\bin\;C:\Users\omkar\AppData\Local\Microsoft\WindowsApps;C:\Users\omkar\AppData\Local\Programs\Microsoft VS Code\bin;C:\Users\omkar\AppData\Roaming\npm;C:\Users\omkar\AppData\Local\Microsoft\WinGet\Packages\Gyan.FFmpeg_Microsoft.Winget.Source_8wekyb3d8bbwe\ffmpeg-7.1.1-full_build\bin;C:\Users\omkar\AppData\Local\Microsoft\WinGet\Packages\yt-dlp.yt-dlp_Microsoft.Winget.Source_8wekyb3d8bbwe;C:\mongosh\;C:\Users\omkar\AppData\Roaming\Python\Python313\Scripts;C:\Users\omkar\AppData\Local\Programs\Antigravity\bin
USERNAME=omkar
OS=Windows_NT
PROCESSOR_IDENTIFIER=Intel64 Family 6 Model 186 Stepping 2, GenuineIntel
TMP=C:\Users\omkar\AppData\Local\Temp
TEMP=C:\Users\omkar\AppData\Local\Temp




Periodic native trim disabled

---------------  S Y S T E M  ---------------

OS:
 Windows 11 , 64 bit Build 26100 (10.0.26100.8328)
OS uptime: 3 days 7:11 hours
Hyper-V role detected

CPU: total 16 (initial active 16) (8 cores per cpu, 2 threads per core) family 6 model 186 stepping 2 microcode 0x410e, cx8, cmov, fxsr, ht, mmx, 3dnowpref, sse, sse2, sse3, ssse3, sse4.1, sse4.2, popcnt, lzcnt, tsc, tscinvbit, avx, avx2, aes, erms, clmul, bmi1, bmi2, adx, sha, fma, vzeroupper, clflush, clflushopt, clwb, hv, serialize, rdtscp, rdpid, fsrm, gfni, f16c, cet_ibt, cet_ss
Processor Information for processor 0
  Max Mhz: 2600, Current Mhz: 1496, Mhz Limit: 2600
Processor Information for processor 1
  Max Mhz: 2600, Current Mhz: 1496, Mhz Limit: 2600
Processor Information for processor 2
  Max Mhz: 2600, Current Mhz: 1496, Mhz Limit: 2600
Processor Information for processor 3
  Max Mhz: 2600, Current Mhz: 1496, Mhz Limit: 2600
Processor Information for processor 4
  Max Mhz: 2600, Current Mhz: 1496, Mhz Limit: 2600
Processor Information for processor 5
  Max Mhz: 2600, Current Mhz: 1496, Mhz Limit: 2600
Processor Information for processor 6
  Max Mhz: 2600, Current Mhz: 1496, Mhz Limit: 2600
Processor Information for processor 7
  Max Mhz: 2600, Current Mhz: 1496, Mhz Limit: 2600
Processor Information for processor 8
  Max Mhz: 2600, Current Mhz: 1500, Mhz Limit: 1898
Processor Information for processor 9
  Max Mhz: 2600, Current Mhz: 1500, Mhz Limit: 1898
Processor Information for processor 10
  Max Mhz: 2600, Current Mhz: 1500, Mhz Limit: 1898
Processor Information for processor 11
  Max Mhz: 2600, Current Mhz: 1500, Mhz Limit: 1898
Processor Information for processor 12
  Max Mhz: 2600, Current Mhz: 1500, Mhz Limit: 1898
Processor Information for processor 13
  Max Mhz: 2600, Current Mhz: 1500, Mhz Limit: 1898
Processor Information for processor 14
  Max Mhz: 2600, Current Mhz: 1500, Mhz Limit: 1898
Processor Information for processor 15
  Max Mhz: 2600, Current Mhz: 1500, Mhz Limit: 1898

Memory: 4k page, system-wide physical 16071M (1676M free)
TotalPageFile size 34821M (AvailPageFile size 4M)
current process WorkingSet (physical memory assigned to process): 276M, peak: 278M
current process commit charge ("private bytes"): 421M, peak: 423M

vm_info: Java HotSpot(TM) 64-Bit Server VM (23.0.2+7-58) for windows-amd64 JRE (23.0.2+7-58), built on 2024-11-29T09:34:55Z with MS VC++ 17.6 (VS2022)

END.
