#
# There is insufficient memory for the Java Runtime Environment to continue.
# Native memory allocation (mmap) failed to map 25165824 bytes. Error detail: G1 virtual space
# Possible reasons:
#   The system is out of physical RAM or swap space
#   This process is running with CompressedOops enabled, and the Java Heap may be blocking the growth of the native heap
# Possible solutions:
#   Reduce memory load on the system
#   Increase physical memory or swap space
#   Check if swap backing store is full
#   Decrease Java heap size (-Xmx/-Xms)
#   Decrease number of Java threads
#   Decrease Java thread stack sizes (-Xss)
#   Set larger code cache with -XX:ReservedCodeCacheSize=
#   JVM is running with Zero Based Compressed Oops mode in which the Java heap is
#     placed in the first 32GB address space. The Java Heap base address is the
#     maximum limit for the native heap growth. Please use -XX:HeapBaseMinAddress
#     to set the Java Heap base and to place the Java Heap above 32GB virtual address.
# This output file may be truncated or incomplete.
#
#  Out of Memory Error (os_windows.cpp:3707), pid=20856, tid=256
#
# JRE version: Java(TM) SE Runtime Environment (23.0.2+7) (build 23.0.2+7-58)
# Java VM: Java HotSpot(TM) 64-Bit Server VM (23.0.2+7-58, mixed mode, emulated-client, sharing, tiered, compressed oops, compressed class ptrs, g1 gc, windows-amd64)
# No core dump will be written. Minidumps are not enabled by default on client versions of Windows
#

---------------  S U M M A R Y ------------

Command Line: -XX:TieredStopAtLevel=1 com.tourismgov.program.ProgramServiceApplication

Host: 13th Gen Intel(R) Core(TM) i5-13500H, 16 cores, 15G,  Windows 11 , 64 bit Build 26100 (10.0.26100.8328)
Time: Fri May 15 06:05:35 2026 India Standard Time elapsed time: 28.229680 seconds (0d 0h 0m 28s)

---------------  T H R E A D  ---------------

Current thread (0x0000022582b93c40):  VMThread "VM Thread"          [id=256, stack(0x0000008dbb900000,0x0000008dbba00000) (1024K)]

Stack: [0x0000008dbb900000,0x0000008dbba00000]
Native frames: (J=compiled Java code, j=interpreted, Vv=VM code, C=native code)
V  [jvm.dll+0x6e0b99]  (no source info available)
V  [jvm.dll+0x87e2b3]  (no source info available)
V  [jvm.dll+0x88073e]  (no source info available)
V  [jvm.dll+0x880e13]  (no source info available)
V  [jvm.dll+0x27b006]  (no source info available)
V  [jvm.dll+0x6dd485]  (no source info available)
V  [jvm.dll+0x6d127a]  (no source info available)
V  [jvm.dll+0x35b50a]  (no source info available)
V  [jvm.dll+0x363916]  (no source info available)
V  [jvm.dll+0x34fe7e]  (no source info available)
V  [jvm.dll+0x350118]  (no source info available)
V  [jvm.dll+0x328aec]  (no source info available)
V  [jvm.dll+0x328b7a]  (no source info available)
V  [jvm.dll+0x374db2]  (no source info available)
V  [jvm.dll+0x3734b2]  (no source info available)
V  [jvm.dll+0x3282c7]  (no source info available)
V  [jvm.dll+0x372c64]  (no source info available)
V  [jvm.dll+0x886d50]  (no source info available)
V  [jvm.dll+0x888077]  (no source info available)
V  [jvm.dll+0x8885a8]  (no source info available)
V  [jvm.dll+0x888843]  (no source info available)
V  [jvm.dll+0x8254cb]  (no source info available)
V  [jvm.dll+0x6df345]  (no source info available)
C  [ucrtbase.dll+0x37b0]  (no source info available)
C  [KERNEL32.DLL+0x2e957]  (no source info available)
C  [ntdll.dll+0x427c]  (no source info available)

VM_Operation (0x0000008dbcffb420): G1CollectForAllocation, mode: safepoint, requested by thread 0x00000225c8d52df0


---------------  P R O C E S S  ---------------

Threads class SMR info:
_java_thread_list=0x00000225d10f3790, length=22, elements={
0x00000225eca52d20, 0x0000022582bb1130, 0x0000022582bb1b90, 0x0000022582bb5070,
0x0000022582bb5d30, 0x0000022582bb6b40, 0x0000022582bb96e0, 0x0000022582bba950,
0x0000022582d85350, 0x0000022582d859c0, 0x00000225c8d41690, 0x00000225c8d52df0,
0x00000225c8468e20, 0x0000022582da96e0, 0x00000225c94ec730, 0x00000225ca251f40,
0x00000225ca24f150, 0x00000225ca250500, 0x00000225ca24f7e0, 0x00000225ca24fe70,
0x00000225ca87d150, 0x00000225ca87bda0
}

Java Threads: ( => current thread )
  0x00000225eca52d20 JavaThread "main"                              [_thread_blocked, id=41312, stack(0x0000008dbb200000,0x0000008dbb300000) (1024K)]
  0x0000022582bb1130 JavaThread "Reference Handler"          daemon [_thread_blocked, id=24040, stack(0x0000008dbba00000,0x0000008dbbb00000) (1024K)]
  0x0000022582bb1b90 JavaThread "Finalizer"                  daemon [_thread_blocked, id=29148, stack(0x0000008dbbb00000,0x0000008dbbc00000) (1024K)]
  0x0000022582bb5070 JavaThread "Signal Dispatcher"          daemon [_thread_blocked, id=21556, stack(0x0000008dbbc00000,0x0000008dbbd00000) (1024K)]
  0x0000022582bb5d30 JavaThread "Attach Listener"            daemon [_thread_blocked, id=29596, stack(0x0000008dbbd00000,0x0000008dbbe00000) (1024K)]
  0x0000022582bb6b40 JavaThread "Service Thread"             daemon [_thread_blocked, id=40884, stack(0x0000008dbbe00000,0x0000008dbbf00000) (1024K)]
  0x0000022582bb96e0 JavaThread "Monitor Deflation Thread"   daemon [_thread_blocked, id=26056, stack(0x0000008dbbf00000,0x0000008dbc000000) (1024K)]
  0x0000022582bba950 JavaThread "C1 CompilerThread0"         daemon [_thread_blocked, id=15420, stack(0x0000008dbc000000,0x0000008dbc100000) (1024K)]
  0x0000022582d85350 JavaThread "Notification Thread"        daemon [_thread_blocked, id=3148, stack(0x0000008dbc200000,0x0000008dbc300000) (1024K)]
  0x0000022582d859c0 JavaThread "Common-Cleaner"             daemon [_thread_blocked, id=24352, stack(0x0000008dbc300000,0x0000008dbc400000) (1024K)]
  0x00000225c8d41690 JavaThread "Thread-0"                          [_thread_blocked, id=37948, stack(0x0000008dbce00000,0x0000008dbcf00000) (1024K)]
  0x00000225c8d52df0 JavaThread "restartedMain"                     [_thread_blocked, id=2216, stack(0x0000008dbcf00000,0x0000008dbd000000) (1024K)]
  0x00000225c8468e20 JavaThread "Keep-Alive-Timer"           daemon [_thread_blocked, id=39044, stack(0x0000008dbc400000,0x0000008dbc500000) (1024K)]
  0x0000022582da96e0 JavaThread "C1 CompilerThread1"         daemon [_thread_blocked, id=14816, stack(0x0000008dbc100000,0x0000008dbc200000) (1024K)]
  0x00000225c94ec730 JavaThread "C1 CompilerThread2"         daemon [_thread_blocked, id=30100, stack(0x0000008dbc500000,0x0000008dbc600000) (1024K)]
  0x00000225ca251f40 JavaThread "Catalina-utility-1"                [_thread_blocked, id=27052, stack(0x0000008dbd800000,0x0000008dbd900000) (1024K)]
  0x00000225ca24f150 JavaThread "Catalina-utility-2"                [_thread_blocked, id=33932, stack(0x0000008dbd900000,0x0000008dbda00000) (1024K)]
  0x00000225ca250500 JavaThread "container-0"                       [_thread_blocked, id=37552, stack(0x0000008dbda00000,0x0000008dbdb00000) (1024K)]
  0x00000225ca24f7e0 JavaThread "mysql-cj-abandoned-connection-cleanup" daemon [_thread_blocked, id=12000, stack(0x0000008dbdb00000,0x0000008dbdc00000) (1024K)]
  0x00000225ca24fe70 JavaThread "HikariPool-1:housekeeper"   daemon [_thread_blocked, id=23264, stack(0x0000008dbdc00000,0x0000008dbdd00000) (1024K)]
  0x00000225ca87d150 JavaThread "spring.cloud.inetutils"     daemon [_thread_in_native, id=18288, stack(0x0000008dbde00000,0x0000008dbdf00000) (1024K)]
  0x00000225ca87bda0 JavaThread "File Watcher"               daemon [_thread_blocked, id=22132, stack(0x0000008dbc600000,0x0000008dbc700000) (1024K)]
Total: 22

Other Threads:
=>0x0000022582b93c40 VMThread "VM Thread"                           [id=256, stack(0x0000008dbb900000,0x0000008dbba00000) (1024K)]
  0x0000022582624a80 WatcherThread "VM Periodic Task Thread"        [id=24612, stack(0x0000008dbb800000,0x0000008dbb900000) (1024K)]
  0x00000225eef33cd0 WorkerThread "GC Thread#0"                     [id=24644, stack(0x0000008dbb300000,0x0000008dbb400000) (1024K)]
  0x00000225c87da090 WorkerThread "GC Thread#1"                     [id=42408, stack(0x0000008dbc700000,0x0000008dbc800000) (1024K)]
  0x00000225c87daba0 WorkerThread "GC Thread#2"                     [id=31384, stack(0x0000008dbc800000,0x0000008dbc900000) (1024K)]
  0x00000225c87daf50 WorkerThread "GC Thread#3"                     [id=33400, stack(0x0000008dbc900000,0x0000008dbca00000) (1024K)]
  0x00000225c87d9930 WorkerThread "GC Thread#4"                     [id=40736, stack(0x0000008dbca00000,0x0000008dbcb00000) (1024K)]
  0x00000225c87d9580 WorkerThread "GC Thread#5"                     [id=21992, stack(0x0000008dbcb00000,0x0000008dbcc00000) (1024K)]
  0x00000225c87da440 WorkerThread "GC Thread#6"                     [id=35596, stack(0x0000008dbcc00000,0x0000008dbcd00000) (1024K)]
  0x00000225c87da7f0 WorkerThread "GC Thread#7"                     [id=23424, stack(0x0000008dbcd00000,0x0000008dbce00000) (1024K)]
  0x00000225c903ae40 WorkerThread "GC Thread#8"                     [id=12796, stack(0x0000008dbd000000,0x0000008dbd100000) (1024K)]
  0x00000225c90390c0 WorkerThread "GC Thread#9"                     [id=39040, stack(0x0000008dbd100000,0x0000008dbd200000) (1024K)]
  0x00000225c9039470 WorkerThread "GC Thread#10"                    [id=41504, stack(0x0000008dbd200000,0x0000008dbd300000) (1024K)]
  0x00000225c9039bd0 WorkerThread "GC Thread#11"                    [id=39424, stack(0x0000008dbd300000,0x0000008dbd400000) (1024K)]
  0x00000225c903bd00 WorkerThread "GC Thread#12"                    [id=8240, stack(0x0000008dbd400000,0x0000008dbd500000) (1024K)]
  0x00000225eef49700 ConcurrentGCThread "G1 Main Marker"            [id=35456, stack(0x0000008dbb400000,0x0000008dbb500000) (1024K)]
  0x00000225eef4b130 WorkerThread "G1 Conc#0"                       [id=7424, stack(0x0000008dbb500000,0x0000008dbb600000) (1024K)]
  0x00000225c9039f80 WorkerThread "G1 Conc#1"                       [id=4104, stack(0x0000008dbd500000,0x0000008dbd600000) (1024K)]
  0x00000225c903a330 WorkerThread "G1 Conc#2"                       [id=11044, stack(0x0000008dbd600000,0x0000008dbd700000) (1024K)]
  0x00000225824cc8e0 ConcurrentGCThread "G1 Refine#0"               [id=23488, stack(0x0000008dbb600000,0x0000008dbb700000) (1024K)]
  0x00000225824d3f30 ConcurrentGCThread "G1 Service"                [id=34936, stack(0x0000008dbb700000,0x0000008dbb800000) (1024K)]
Total: 21

Threads with active compile tasks:
Total: 0

VM state: at safepoint (normal execution)

VM Mutex/Monitor currently owned by a thread:  ([mutex/lock_event])
[0x00007ffbab5e4888] Threads_lock - owner thread: 0x0000022582b93c40
[0x00007ffbab5e4988] Heap_lock - owner thread: 0x00000225c8d52df0

Heap address: 0x0000000704e00000, size: 4018 MB, Compressed Oops mode: Zero based, Oop shift amount: 3

CDS archive(s) mapped at: [0x0000022583000000-0x0000022583d70000-0x0000022583d70000), size 14090240, SharedBaseAddress: 0x0000022583000000, ArchiveRelocationMode: 1.
Compressed class space mapped at: 0x0000022584000000-0x00000225c4000000, reserved size: 1073741824
Narrow klass base: 0x0000022583000000, Narrow klass shift: 0, Narrow klass range: 0x41000000

GC Precious Log:
 CardTable entry size: 512
 Card Set container configuration: InlinePtr #cards 4 size 8 Array Of Cards #cards 16 size 48 Howl #buckets 8 coarsen threshold 3686 Howl Bitmap #cards 512 size 80 coarsen threshold 460 Card regions per heap region 1 cards per card region 4096
 CPUs: 16 total, 16 available
 Memory: 16071M
 Large Page Support: Disabled
 NUMA Support: Disabled
 Compressed Oops: Enabled (Zero based)
 Heap Region Size: 2M
 Heap Min Capacity: 8M
 Heap Initial Capacity: 252M
 Heap Max Capacity: 4018M
 Pre-touch: Disabled
 Parallel Workers: 13
 Concurrent Workers: 3
 Concurrent Refinement Workers: 13
 Periodic GC: Disabled

Heap:
 garbage-first heap   total reserved 4114432K, committed 116736K, used 72604K [0x0000000704e00000, 0x0000000800000000)
  region size 2048K, 2 young (4096K), 2 survivors (4096K)
 Metaspace       used 99901K, committed 100864K, reserved 1179648K
  class space    used 15109K, committed 15552K, reserved 1048576K

Heap Regions: E=young(eden), S=young(survivor), O=old, HS=humongous(starts), HC=humongous(continues), CS=collection set, F=free, TAMS=top-at-mark-start, PB=parsable bottom
|   0|0x0000000704e00000, 0x0000000705000000, 0x0000000705000000|100%| O|  |TAMS 0x0000000705000000| PB 0x0000000704e00000| Untracked |  0
|   1|0x0000000705000000, 0x0000000705200000, 0x0000000705200000|100%| O|  |TAMS 0x0000000705200000| PB 0x0000000705000000| Untracked |  0
|   2|0x0000000705200000, 0x0000000705400000, 0x0000000705400000|100%| O|  |TAMS 0x0000000705400000| PB 0x0000000705200000| Untracked |  0
|   3|0x0000000705400000, 0x0000000705600000, 0x0000000705600000|100%| O|  |TAMS 0x0000000705600000| PB 0x0000000705400000| Untracked |  0
|   4|0x0000000705600000, 0x0000000705800000, 0x0000000705800000|100%| O|  |TAMS 0x0000000705800000| PB 0x0000000705600000| Untracked |  0
|   5|0x0000000705800000, 0x0000000705a00000, 0x0000000705a00000|100%| O|  |TAMS 0x0000000705a00000| PB 0x0000000705800000| Untracked |  0
|   6|0x0000000705a00000, 0x0000000705c00000, 0x0000000705c00000|100%| O|  |TAMS 0x0000000705c00000| PB 0x0000000705a00000| Untracked |  0
|   7|0x0000000705c00000, 0x0000000705e00000, 0x0000000705e00000|100%| O|  |TAMS 0x0000000705e00000| PB 0x0000000705c00000| Untracked |  0
|   8|0x0000000705e00000, 0x0000000706000000, 0x0000000706000000|100%| O|  |TAMS 0x0000000706000000| PB 0x0000000705e00000| Untracked |  0
|   9|0x0000000706000000, 0x0000000706200000, 0x0000000706200000|100%| O|  |TAMS 0x0000000706200000| PB 0x0000000706000000| Untracked |  0
|  10|0x0000000706200000, 0x0000000706400000, 0x0000000706400000|100%| O|  |TAMS 0x0000000706400000| PB 0x0000000706200000| Untracked |  0
|  11|0x0000000706400000, 0x0000000706600000, 0x0000000706600000|100%| O|  |TAMS 0x0000000706600000| PB 0x0000000706400000| Untracked |  0
|  12|0x0000000706600000, 0x0000000706800000, 0x0000000706800000|100%| O|  |TAMS 0x0000000706800000| PB 0x0000000706600000| Untracked |  0
|  13|0x0000000706800000, 0x0000000706a00000, 0x0000000706a00000|100%| O|  |TAMS 0x0000000706a00000| PB 0x0000000706800000| Untracked |  0
|  14|0x0000000706a00000, 0x0000000706c00000, 0x0000000706c00000|100%| O|  |TAMS 0x0000000706c00000| PB 0x0000000706a00000| Untracked |  0
|  15|0x0000000706c00000, 0x0000000706e00000, 0x0000000706e00000|100%| O|  |TAMS 0x0000000706e00000| PB 0x0000000706c00000| Untracked |  0
|  16|0x0000000706e00000, 0x0000000707000000, 0x0000000707000000|100%| O|  |TAMS 0x0000000707000000| PB 0x0000000706e00000| Untracked |  0
|  17|0x0000000707000000, 0x0000000707200000, 0x0000000707200000|100%| O|  |TAMS 0x00000007071cfed8| PB 0x0000000707000000| Untracked |  0
|  18|0x0000000707200000, 0x0000000707400000, 0x0000000707400000|100%| O|  |TAMS 0x0000000707400000| PB 0x0000000707200000| Untracked |  0
|  19|0x0000000707400000, 0x0000000707600000, 0x0000000707600000|100%| O|  |TAMS 0x0000000707600000| PB 0x0000000707400000| Untracked |  0
|  20|0x0000000707600000, 0x0000000707800000, 0x0000000707800000|100%| O|  |TAMS 0x0000000707800000| PB 0x0000000707600000| Untracked |  0
|  21|0x0000000707800000, 0x0000000707a00000, 0x0000000707a00000|100%| O|  |TAMS 0x0000000707a00000| PB 0x0000000707800000| Untracked |  0
|  22|0x0000000707a00000, 0x0000000707c00000, 0x0000000707c00000|100%| O|  |TAMS 0x0000000707c00000| PB 0x0000000707a00000| Untracked |  0
|  23|0x0000000707c00000, 0x0000000707e00000, 0x0000000707e00000|100%| O|  |TAMS 0x0000000707e00000| PB 0x0000000707c00000| Untracked |  0
|  24|0x0000000707e00000, 0x0000000708000000, 0x0000000708000000|100%| O|  |TAMS 0x0000000708000000| PB 0x0000000707e00000| Untracked |  0
|  25|0x0000000708000000, 0x0000000708200000, 0x0000000708200000|100%| O|  |TAMS 0x0000000708200000| PB 0x0000000708000000| Untracked |  0
|  26|0x0000000708200000, 0x0000000708400000, 0x0000000708400000|100%| O|  |TAMS 0x0000000708400000| PB 0x0000000708200000| Untracked |  0
|  27|0x0000000708400000, 0x0000000708600000, 0x0000000708600000|100%| O|  |TAMS 0x0000000708600000| PB 0x0000000708400000| Untracked |  0
|  28|0x0000000708600000, 0x0000000708800000, 0x0000000708800000|100%| O|  |TAMS 0x0000000708800000| PB 0x0000000708600000| Untracked |  0
|  29|0x0000000708800000, 0x0000000708a00000, 0x0000000708a00000|100%| O|  |TAMS 0x0000000708a00000| PB 0x0000000708800000| Untracked |  0
|  30|0x0000000708a00000, 0x0000000708c00000, 0x0000000708c00000|100%| O|  |TAMS 0x0000000708c00000| PB 0x0000000708a00000| Untracked |  0
|  31|0x0000000708c00000, 0x0000000708e00000, 0x0000000708e00000|100%| O|  |TAMS 0x0000000708e00000| PB 0x0000000708c00000| Untracked |  0
|  32|0x0000000708e00000, 0x0000000709000000, 0x0000000709000000|100%| O|  |TAMS 0x0000000709000000| PB 0x0000000708e00000| Untracked |  0
|  33|0x0000000709000000, 0x000000070911fb58, 0x0000000709200000| 56%| O|  |TAMS 0x0000000709000000| PB 0x0000000709000000| Untracked |  0
|  34|0x0000000709200000, 0x0000000709200000, 0x0000000709400000|  0%| F|  |TAMS 0x0000000709200000| PB 0x0000000709200000| Untracked |  0
|  35|0x0000000709400000, 0x0000000709400000, 0x0000000709600000|  0%| F|  |TAMS 0x0000000709400000| PB 0x0000000709400000| Untracked |  0
|  36|0x0000000709600000, 0x0000000709600000, 0x0000000709800000|  0%| F|  |TAMS 0x0000000709600000| PB 0x0000000709600000| Untracked |  0
|  37|0x0000000709800000, 0x0000000709800000, 0x0000000709a00000|  0%| F|  |TAMS 0x0000000709800000| PB 0x0000000709800000| Untracked |  0
|  38|0x0000000709a00000, 0x0000000709a00000, 0x0000000709c00000|  0%| F|  |TAMS 0x0000000709a00000| PB 0x0000000709a00000| Untracked |  0
|  39|0x0000000709c00000, 0x0000000709dc7800, 0x0000000709e00000| 88%| S|CS|TAMS 0x0000000709c00000| PB 0x0000000709c00000| Complete |  0
|  40|0x0000000709e00000, 0x000000070a000000, 0x000000070a000000|100%| S|CS|TAMS 0x0000000709e00000| PB 0x0000000709e00000| Complete |  0
|  41|0x000000070a000000, 0x000000070a000000, 0x000000070a200000|  0%| F|  |TAMS 0x000000070a000000| PB 0x000000070a000000| Untracked |  0
|  42|0x000000070a200000, 0x000000070a200000, 0x000000070a400000|  0%| F|  |TAMS 0x000000070a200000| PB 0x000000070a200000| Untracked |  0
|  43|0x000000070a400000, 0x000000070a400000, 0x000000070a600000|  0%| F|  |TAMS 0x000000070a400000| PB 0x000000070a400000| Untracked |  0
|  44|0x000000070a600000, 0x000000070a600000, 0x000000070a800000|  0%| F|  |TAMS 0x000000070a600000| PB 0x000000070a600000| Untracked |  0
|  45|0x000000070a800000, 0x000000070a800000, 0x000000070aa00000|  0%| F|  |TAMS 0x000000070a800000| PB 0x000000070a800000| Untracked |  0
|  46|0x000000070aa00000, 0x000000070aa00000, 0x000000070ac00000|  0%| F|  |TAMS 0x000000070aa00000| PB 0x000000070aa00000| Untracked |  0
|  47|0x000000070ac00000, 0x000000070ac00000, 0x000000070ae00000|  0%| F|  |TAMS 0x000000070ac00000| PB 0x000000070ac00000| Untracked |  0
|  48|0x000000070ae00000, 0x000000070ae00000, 0x000000070b000000|  0%| F|  |TAMS 0x000000070ae00000| PB 0x000000070ae00000| Untracked |  0
|  49|0x000000070b000000, 0x000000070b000000, 0x000000070b200000|  0%| F|  |TAMS 0x000000070b000000| PB 0x000000070b000000| Untracked |  0
|  50|0x000000070b200000, 0x000000070b200000, 0x000000070b400000|  0%| F|  |TAMS 0x000000070b200000| PB 0x000000070b200000| Untracked |  0
|  51|0x000000070b400000, 0x000000070b400000, 0x000000070b600000|  0%| F|  |TAMS 0x000000070b400000| PB 0x000000070b400000| Untracked |  0
|  52|0x000000070b600000, 0x000000070b600000, 0x000000070b800000|  0%| F|  |TAMS 0x000000070b600000| PB 0x000000070b600000| Untracked |  0
| 104|0x0000000711e00000, 0x0000000711e00000, 0x0000000712000000|  0%| F|  |TAMS 0x0000000711e00000| PB 0x0000000711e00000| Untracked |  0
| 105|0x0000000712000000, 0x0000000712000000, 0x0000000712200000|  0%| F|  |TAMS 0x0000000712000000| PB 0x0000000712000000| Untracked |  0
| 106|0x0000000712200000, 0x0000000712200000, 0x0000000712400000|  0%| F|  |TAMS 0x0000000712200000| PB 0x0000000712200000| Untracked |  0
| 125|0x0000000714800000, 0x0000000714800000, 0x0000000714a00000|  0%| F|  |TAMS 0x0000000714800000| PB 0x0000000714800000| Untracked |  0

Card table byte_map: [0x00000225fb430000,0x00000225fbc10000] _byte_map_base: 0x00000225f7c09000

Marking Bits: (CMBitMap*) 0x00000225eef343e0
 Bits: [0x00000225fbc10000, 0x00000225ffad8000)

Polling page: 0x00000225eccb0000

Metaspace:

Usage:
  Non-class:     82.80 MB used.
      Class:     14.76 MB used.
       Both:     97.56 MB used.

Virtual space:
  Non-class space:      128.00 MB reserved,      83.31 MB ( 65%) committed,  2 nodes.
      Class space:        1.00 GB reserved,      15.19 MB (  1%) committed,  1 nodes.
             Both:        1.12 GB reserved,      98.50 MB (  9%) committed. 

Chunk freelists:
   Non-Class:  12.56 MB
       Class:  688.00 KB
        Both:  13.23 MB

MaxMetaspaceSize: unlimited
CompressedClassSpaceSize: 1.00 GB
Initial GC threshold: 21.00 MB
Current GC threshold: 161.88 MB
CDS: on
 - commit_granule_bytes: 65536.
 - commit_granule_words: 8192.
 - virtual_space_node_default_size: 8388608.
 - enlarge_chunks_in_place: 1.
 - use_allocation_guard: 0.


Internal statistics:

num_allocs_failed_limit: 6.
num_arena_births: 1344.
num_arena_deaths: 0.
num_vsnodes_births: 3.
num_vsnodes_deaths: 0.
num_space_committed: 1576.
num_space_uncommitted: 0.
num_chunks_returned_to_freelist: 6.
num_chunks_taken_from_freelist: 4897.
num_chunk_merges: 6.
num_chunk_splits: 3625.
num_chunks_enlarged: 2939.
num_inconsistent_stats: 0.

CodeCache: size=49152Kb used=12754Kb max_used=13150Kb free=36397Kb
 bounds [0x00000225f75f0000, 0x00000225f82d0000, 0x00000225fa5f0000]
 total_blobs=8625, nmethods=7832, adapters=716, full_count=0
Compilation: enabled, stopped_count=0, restarted_count=0

Compilation events (20 events):
Event: 24.789 Thread 0x00000225c94ec730 8391       1       javax.management.ObjectName$Property::setKeyIndex (6 bytes)
Event: 24.789 Thread 0x00000225c94ec730 nmethod 8391 0x00000225f77a6d08 code [0x00000225f77a6e20, 0x00000225f77a6ee8]
Event: 24.915 Thread 0x0000022582da96e0 8399       1       java.util.Iterator::forEachRemaining (30 bytes)
Event: 24.916 Thread 0x0000022582da96e0 nmethod 8399 0x00000225f7917e08 code [0x00000225f7917f60, 0x00000225f7918178]
Event: 25.025 Thread 0x0000022582da96e0 8400       1       org.springframework.core.MethodClassKey::equals (51 bytes)
Event: 25.025 Thread 0x0000022582da96e0 nmethod 8400 0x00000225f7967b08 code [0x00000225f7967c40, 0x00000225f7967e38]
Event: 25.059 Thread 0x0000022582bba950 8401       1       org.springframework.beans.factory.support.DefaultListableBeanFactory$NestedDependencyDescriptor::<init> (10 bytes)
Event: 25.059 Thread 0x0000022582da96e0 8402       1       org.springframework.beans.factory.config.DependencyDescriptor::increaseNestingLevel (34 bytes)
Event: 25.059 Thread 0x0000022582da96e0 nmethod 8402 0x00000225f7abff88 code [0x00000225f7ac00c0, 0x00000225f7ac02a8]
Event: 25.059 Thread 0x0000022582bba950 nmethod 8401 0x00000225f7941e08 code [0x00000225f7941f40, 0x00000225f7942158]
Event: 25.071 Thread 0x00000225c94ec730 8403       1       ch.qos.logback.classic.Logger::filterAndLog_0_Or3Plus (61 bytes)
Event: 25.072 Thread 0x00000225c94ec730 nmethod 8403 0x00000225f7852208 code [0x00000225f7852380, 0x00000225f7852730]
Event: 25.073 Thread 0x0000022582da96e0 8404       1       ch.qos.logback.classic.Logger::log (21 bytes)
Event: 25.073 Thread 0x00000225c94ec730 8405       1       ch.qos.logback.classic.Level::fromLocationAwareLoggerInteger (103 bytes)
Event: 25.073 Thread 0x0000022582da96e0 nmethod 8404 0x00000225f784bc88 code [0x00000225f784bdc0, 0x00000225f784bf00]
Event: 25.073 Thread 0x00000225c94ec730 nmethod 8405 0x00000225f7b72908 code [0x00000225f7b72a60, 0x00000225f7b72cf8]
Event: 25.410 Thread 0x00000225c94ec730 8407       1       java.io.File::hashCode (8 bytes)
Event: 25.410 Thread 0x0000022582bba950 8408       1       java.io.WinNTFileSystem::hashCode (18 bytes)
Event: 25.410 Thread 0x0000022582bba950 nmethod 8408 0x00000225f784d388 code [0x00000225f784d4c0, 0x00000225f784d648]
Event: 25.410 Thread 0x00000225c94ec730 nmethod 8407 0x00000225f7850a08 code [0x00000225f7850b40, 0x00000225f7850cc8]

GC Heap History (20 events):
Event: 18.958 GC heap after
{Heap after GC invocations=35 (full 0):
 garbage-first heap   total reserved 4114432K, committed 110592K, used 62687K [0x0000000704e00000, 0x0000000800000000)
  region size 2048K, 3 young (6144K), 3 survivors (6144K)
 Metaspace       used 93126K, committed 93888K, reserved 1179648K
  class space    used 14006K, committed 14336K, reserved 1048576K
}
Event: 21.422 GC heap before
{Heap before GC invocations=35 (full 0):
 garbage-first heap   total reserved 4114432K, committed 110592K, used 93407K [0x0000000704e00000, 0x0000000800000000)
  region size 2048K, 18 young (36864K), 3 survivors (6144K)
 Metaspace       used 93978K, committed 94720K, reserved 1179648K
  class space    used 14138K, committed 14464K, reserved 1048576K
}
Event: 21.428 GC heap after
{Heap after GC invocations=36 (full 0):
 garbage-first heap   total reserved 4114432K, committed 110592K, used 63771K [0x0000000704e00000, 0x0000000800000000)
  region size 2048K, 2 young (4096K), 2 survivors (4096K)
 Metaspace       used 93978K, committed 94720K, reserved 1179648K
  class space    used 14138K, committed 14464K, reserved 1048576K
}
Event: 21.858 GC heap before
{Heap before GC invocations=37 (full 0):
 garbage-first heap   total reserved 4114432K, committed 110592K, used 96539K [0x0000000704e00000, 0x0000000800000000)
  region size 2048K, 18 young (36864K), 2 survivors (4096K)
 Metaspace       used 94657K, committed 95424K, reserved 1179648K
  class space    used 14260K, committed 14592K, reserved 1048576K
}
Event: 21.862 GC heap after
{Heap after GC invocations=38 (full 0):
 garbage-first heap   total reserved 4114432K, committed 110592K, used 65646K [0x0000000704e00000, 0x0000000800000000)
  region size 2048K, 3 young (6144K), 3 survivors (6144K)
 Metaspace       used 94657K, committed 95424K, reserved 1179648K
  class space    used 14260K, committed 14592K, reserved 1048576K
}
Event: 22.339 GC heap before
{Heap before GC invocations=38 (full 0):
 garbage-first heap   total reserved 4114432K, committed 110592K, used 94318K [0x0000000704e00000, 0x0000000800000000)
  region size 2048K, 17 young (34816K), 3 survivors (6144K)
 Metaspace       used 95834K, committed 96576K, reserved 1179648K
  class space    used 14447K, committed 14784K, reserved 1048576K
}
Event: 22.343 GC heap after
{Heap after GC invocations=39 (full 0):
 garbage-first heap   total reserved 4114432K, committed 110592K, used 64808K [0x0000000704e00000, 0x0000000800000000)
  region size 2048K, 3 young (6144K), 3 survivors (6144K)
 Metaspace       used 95834K, committed 96576K, reserved 1179648K
  class space    used 14447K, committed 14784K, reserved 1048576K
}
Event: 22.748 GC heap before
{Heap before GC invocations=39 (full 0):
 garbage-first heap   total reserved 4114432K, committed 110592K, used 93480K [0x0000000704e00000, 0x0000000800000000)
  region size 2048K, 17 young (34816K), 3 survivors (6144K)
 Metaspace       used 96496K, committed 97344K, reserved 1179648K
  class space    used 14553K, committed 14912K, reserved 1048576K
}
Event: 22.752 GC heap after
{Heap after GC invocations=40 (full 0):
 garbage-first heap   total reserved 4114432K, committed 110592K, used 66054K [0x0000000704e00000, 0x0000000800000000)
  region size 2048K, 2 young (4096K), 2 survivors (4096K)
 Metaspace       used 96496K, committed 97344K, reserved 1179648K
  class space    used 14553K, committed 14912K, reserved 1048576K
}
Event: 23.108 GC heap before
{Heap before GC invocations=41 (full 0):
 garbage-first heap   total reserved 4114432K, committed 112640K, used 96774K [0x0000000704e00000, 0x0000000800000000)
  region size 2048K, 17 young (34816K), 2 survivors (4096K)
 Metaspace       used 97558K, committed 98368K, reserved 1179648K
  class space    used 14709K, committed 15040K, reserved 1048576K
}
Event: 23.112 GC heap after
{Heap after GC invocations=42 (full 0):
 garbage-first heap   total reserved 4114432K, committed 112640K, used 67259K [0x0000000704e00000, 0x0000000800000000)
  region size 2048K, 2 young (4096K), 2 survivors (4096K)
 Metaspace       used 97558K, committed 98368K, reserved 1179648K
  class space    used 14709K, committed 15040K, reserved 1048576K
}
Event: 23.504 GC heap before
{Heap before GC invocations=42 (full 0):
 garbage-first heap   total reserved 4114432K, committed 112640K, used 97979K [0x0000000704e00000, 0x0000000800000000)
  region size 2048K, 17 young (34816K), 2 survivors (4096K)
 Metaspace       used 98114K, committed 99008K, reserved 1179648K
  class space    used 14792K, committed 15168K, reserved 1048576K
}
Event: 23.510 GC heap after
{Heap after GC invocations=43 (full 0):
 garbage-first heap   total reserved 4114432K, committed 112640K, used 67505K [0x0000000704e00000, 0x0000000800000000)
  region size 2048K, 2 young (4096K), 2 survivors (4096K)
 Metaspace       used 98114K, committed 99008K, reserved 1179648K
  class space    used 14792K, committed 15168K, reserved 1048576K
}
Event: 23.911 GC heap before
{Heap before GC invocations=43 (full 0):
 garbage-first heap   total reserved 4114432K, committed 112640K, used 98225K [0x0000000704e00000, 0x0000000800000000)
  region size 2048K, 17 young (34816K), 2 survivors (4096K)
 Metaspace       used 98541K, committed 99456K, reserved 1179648K
  class space    used 14862K, committed 15232K, reserved 1048576K
}
Event: 23.915 GC heap after
{Heap after GC invocations=44 (full 0):
 garbage-first heap   total reserved 4114432K, committed 112640K, used 69048K [0x0000000704e00000, 0x0000000800000000)
  region size 2048K, 2 young (4096K), 2 survivors (4096K)
 Metaspace       used 98541K, committed 99456K, reserved 1179648K
  class space    used 14862K, committed 15232K, reserved 1048576K
}
Event: 24.298 GC heap before
{Heap before GC invocations=45 (full 0):
 garbage-first heap   total reserved 4114432K, committed 116736K, used 99768K [0x0000000704e00000, 0x0000000800000000)
  region size 2048K, 17 young (34816K), 2 survivors (4096K)
 Metaspace       used 98895K, committed 99776K, reserved 1179648K
  class space    used 14943K, committed 15296K, reserved 1048576K
}
Event: 24.302 GC heap after
{Heap after GC invocations=46 (full 0):
 garbage-first heap   total reserved 4114432K, committed 116736K, used 70254K [0x0000000704e00000, 0x0000000800000000)
  region size 2048K, 2 young (4096K), 2 survivors (4096K)
 Metaspace       used 98895K, committed 99776K, reserved 1179648K
  class space    used 14943K, committed 15296K, reserved 1048576K
}
Event: 24.714 GC heap before
{Heap before GC invocations=46 (full 0):
 garbage-first heap   total reserved 4114432K, committed 116736K, used 103022K [0x0000000704e00000, 0x0000000800000000)
  region size 2048K, 18 young (36864K), 2 survivors (4096K)
 Metaspace       used 99371K, committed 100288K, reserved 1179648K
  class space    used 15014K, committed 15424K, reserved 1048576K
}
Event: 24.718 GC heap after
{Heap after GC invocations=47 (full 0):
 garbage-first heap   total reserved 4114432K, committed 116736K, used 71293K [0x0000000704e00000, 0x0000000800000000)
  region size 2048K, 2 young (4096K), 2 survivors (4096K)
 Metaspace       used 99371K, committed 100288K, reserved 1179648K
  class space    used 15014K, committed 15424K, reserved 1048576K
}
Event: 26.196 GC heap before
{Heap before GC invocations=47 (full 0):
 garbage-first heap   total reserved 4114432K, committed 116736K, used 104061K [0x0000000704e00000, 0x0000000800000000)
  region size 2048K, 18 young (36864K), 2 survivors (4096K)
 Metaspace       used 99901K, committed 100864K, reserved 1179648K
  class space    used 15109K, committed 15552K, reserved 1048576K
}

Dll operation events (9 events):
Event: 0.013 Loaded shared library C:\Program Files\Java\jdk-23\bin\java.dll
Event: 0.151 Loaded shared library C:\Program Files\Java\jdk-23\bin\net.dll
Event: 0.153 Loaded shared library C:\Program Files\Java\jdk-23\bin\nio.dll
Event: 0.156 Loaded shared library C:\Program Files\Java\jdk-23\bin\zip.dll
Event: 0.274 Loaded shared library C:\Program Files\Java\jdk-23\bin\jimage.dll
Event: 0.745 Loaded shared library C:\Program Files\Java\jdk-23\bin\management.dll
Event: 0.747 Loaded shared library C:\Program Files\Java\jdk-23\bin\management_ext.dll
Event: 1.684 Loaded shared library C:\Program Files\Java\jdk-23\bin\extnet.dll
Event: 3.961 Loaded shared library C:\Program Files\Java\jdk-23\bin\sunmscapi.dll

Deoptimization events (6 events):
Event: 1.559 Thread 0x00000225c8d52df0 DEOPT PACKING pc=0x00000225f7ae793c sp=0x0000008dbcffdb10
Event: 1.559 Thread 0x00000225c8d52df0 DEOPT UNPACKING pc=0x00000225f7644b22 sp=0x0000008dbcffcfd8 mode 0
Event: 9.688 Thread 0x00000225c8d52df0 DEOPT PACKING pc=0x00000225f7eb5b0c sp=0x0000008dbcffd700
Event: 9.688 Thread 0x00000225c8d52df0 DEOPT UNPACKING pc=0x00000225f7644b22 sp=0x0000008dbcffcca8 mode 0
Event: 17.526 Thread 0x00000225c8d52df0 DEOPT PACKING pc=0x00000225f7c12291 sp=0x0000008dbcff7940
Event: 17.526 Thread 0x00000225c8d52df0 DEOPT UNPACKING pc=0x00000225f7644b22 sp=0x0000008dbcff6e48 mode 3

Classes loaded (20 events):
Event: 24.790 Loading class java/lang/management/MemoryType
Event: 24.790 Loading class java/lang/management/MemoryType done
Event: 24.801 Loading class sun/management/NotificationEmitterSupport$ListenerInfo
Event: 24.801 Loading class sun/management/NotificationEmitterSupport$ListenerInfo done
Event: 24.812 Loading class java/lang/management/ThreadMXBean
Event: 24.812 Loading class java/lang/management/ThreadMXBean done
Event: 24.812 Loading class java/lang/management/ThreadInfo
Event: 24.813 Loading class java/lang/management/ThreadInfo done
Event: 24.850 Loading class java/lang/management/OperatingSystemMXBean
Event: 24.850 Loading class java/lang/management/OperatingSystemMXBean done
Event: 24.850 Loading class com/sun/management/internal/OperatingSystemImpl
Event: 24.850 Loading class com/sun/management/OperatingSystemMXBean
Event: 24.851 Loading class com/sun/management/OperatingSystemMXBean done
Event: 24.851 Loading class sun/management/BaseOperatingSystemImpl
Event: 24.851 Loading class sun/management/BaseOperatingSystemImpl done
Event: 24.851 Loading class com/sun/management/internal/OperatingSystemImpl done
Event: 24.855 Loading class com/sun/management/UnixOperatingSystemMXBean
Event: 24.856 Loading class com/sun/management/UnixOperatingSystemMXBean done
Event: 24.865 Loading class java/util/concurrent/ThreadPerTaskExecutor
Event: 24.865 Loading class java/util/concurrent/ThreadPerTaskExecutor done

Classes unloaded (0 events):
No events

Classes redefined (0 events):
No events

Internal exceptions (20 events):
Event: 21.649 Thread 0x00000225c8d52df0 Exception <a 'java/lang/NoSuchMethodError'{0x000000070a8c4570}: 'java.lang.Object java.lang.invoke.DirectMethodHandle$Holder.invokeVirtual(java.lang.Object, java.lang.Object, java.lang.Object, int)'> (0x000000070a8c4570) 
thrown [s\open\src\hotspot\share\interpreter\linkResolver.cpp, line 796]
Event: 21.782 Thread 0x00000225c8d52df0 Exception <a 'java/lang/NoSuchMethodError'{0x0000000709fc8e80}: 'void java.lang.invoke.DirectMethodHandle$Holder.invokeSpecialIFC(java.lang.Object, java.lang.Object, java.lang.Object, java.lang.Object)'> (0x0000000709fc8e80) 
thrown [s\open\src\hotspot\share\interpreter\linkResolver.cpp, line 796]
Event: 22.404 Thread 0x00000225c8d52df0 Exception <a 'java/lang/NoSuchMethodError'{0x0000000712061110}: 'java.lang.Object java.lang.invoke.DirectMethodHandle$Holder.invokeInterface(java.lang.Object, java.lang.Object, java.lang.Object, java.lang.Object)'> (0x0000000712061110) 
thrown [s\open\src\hotspot\share\interpreter\linkResolver.cpp, line 796]
Event: 22.607 Thread 0x00000225c8d52df0 Exception <a 'java/lang/NoSuchMethodError'{0x000000070a725d48}: 'java.lang.Object java.lang.invoke.DirectMethodHandle$Holder.invokeVirtual(java.lang.Object, java.lang.Object, int)'> (0x000000070a725d48) 
thrown [s\open\src\hotspot\share\interpreter\linkResolver.cpp, line 796]
Event: 22.767 Thread 0x00000225c8d52df0 Exception <a 'java/lang/IncompatibleClassChangeError'{0x0000000714936150}: Found class java.lang.Object, but interface was expected> (0x0000000714936150) 
thrown [s\open\src\hotspot\share\interpreter\linkResolver.cpp, line 863]
Event: 22.923 Thread 0x00000225c8d52df0 Exception <a 'java/lang/NoSuchMethodError'{0x000000070b0e6e60}: 'int java.lang.invoke.DirectMethodHandle$Holder.invokeStaticInit(java.lang.Object, java.lang.Object, java.lang.Object, java.lang.Object)'> (0x000000070b0e6e60) 
thrown [s\open\src\hotspot\share\interpreter\linkResolver.cpp, line 796]
Event: 23.188 Thread 0x00000225c8d52df0 Exception <a 'java/lang/IncompatibleClassChangeError'{0x0000000711fc2868}: Found class java.lang.Object, but interface was expected> (0x0000000711fc2868) 
thrown [s\open\src\hotspot\share\interpreter\linkResolver.cpp, line 863]
Event: 23.202 Thread 0x00000225c8d52df0 Exception <a 'java/lang/NoSuchMethodError'{0x000000070b32ff68}: 'java.lang.Object java.lang.invoke.DirectMethodHandle$Holder.invokeVirtual(java.lang.Object, java.lang.Object, java.lang.Object, java.lang.Object, java.lang.Object, java.lang.Object, java.lang.Object, java.lang.Object)'> (0x000000070b32ff68) 
thrown [s\open\src\hotspot\share\interpreter\linkResolver.cpp, line 796]
Event: 23.299 Thread 0x00000225c8d52df0 Exception <a 'java/lang/NoSuchMethodError'{0x000000070aba9e70}: 'java.lang.Object java.lang.invoke.DirectMethodHandle$Holder.invokeVirtual(java.lang.Object, java.lang.Object, java.lang.Object, java.lang.Object, java.lang.Object, java.lang.Object, java.lang.Object, java.lang.Object, java.lang.Object)'> (0x000000070aba9e70) 
thrown [s\open\src\hotspot\share\interpreter\linkResolver.cpp, line 796]
Event: 23.454 Thread 0x00000225c8d52df0 Exception <a 'java/lang/NoSuchMethodError'{0x000000070a1ae1c0}: 'java.lang.Object java.lang.invoke.DirectMethodHandle$Holder.invokeVirtual(java.lang.Object, java.lang.Object, java.lang.Object, java.lang.Object, java.lang.Object, java.lang.Object, java.lang.Object, java.lang.Object, java.lang.Object, java.lang.Object)'> (0x000000070a1ae1c0) 
thrown [s\open\src\hotspot\share\interpreter\linkResolver.cpp, line 796]
Event: 23.684 Thread 0x00000225c8d52df0 Exception <a 'java/lang/NoSuchMethodError'{0x000000070ac7d7d8}: 'java.lang.Object java.lang.invoke.DirectMethodHandle$Holder.newInvokeSpecial(java.lang.Object, java.lang.Object, java.lang.Object, java.lang.Object, java.lang.Object, java.lang.Object, java.lang.Object, java.lang.Object, java.lang.Object)'> (0x000000070ac7d7d8) 
thrown [s\open\src\hotspot\share\interpreter\linkResolver.cpp, line 796]
Event: 23.984 Thread 0x00000225c8d52df0 Exception <a 'java/lang/NoSuchMethodError'{0x00000007120829b0}: 'void java.lang.invoke.DirectMethodHandle$Holder.invokeSpecialIFC(java.lang.Object, java.lang.Object, java.lang.Object, java.lang.Object, java.lang.Object)'> (0x00000007120829b0) 
thrown [s\open\src\hotspot\share\interpreter\linkResolver.cpp, line 796]
Event: 24.221 Thread 0x00000225c8d52df0 Exception <a 'java/lang/IncompatibleClassChangeError'{0x000000070a909508}: Found class java.lang.Object, but interface was expected> (0x000000070a909508) 
thrown [s\open\src\hotspot\share\interpreter\linkResolver.cpp, line 863]
Event: 24.873 Thread 0x00000225c8d52df0 Exception <a 'java/lang/NoSuchMethodError'{0x000000070b373288}: 'java.lang.Object java.lang.invoke.DirectMethodHandle$Holder.newInvokeSpecial(java.lang.Object, java.lang.Object, java.lang.Object, java.lang.Object, long)'> (0x000000070b373288) 
thrown [s\open\src\hotspot\share\interpreter\linkResolver.cpp, line 796]
Event: 24.874 Thread 0x00000225c8d52df0 Exception <a 'java/lang/NoSuchMethodError'{0x000000070b377500}: 'java.lang.Object java.lang.invoke.DirectMethodHandle$Holder.invokeSpecial(java.lang.Object, java.lang.Object, java.lang.Object, java.lang.Object, java.lang.Object, long)'> (0x000000070b377500) 
thrown [s\open\src\hotspot\share\interpreter\linkResolver.cpp, line 796]
Event: 24.874 Thread 0x00000225c8d52df0 Exception <a 'java/lang/NoSuchMethodError'{0x000000070b37af98}: 'java.lang.Object java.lang.invoke.Invokers$Holder.linkToTargetMethod(java.lang.Object, java.lang.Object, java.lang.Object, long, java.lang.Object)'> (0x000000070b37af98) 
thrown [s\open\src\hotspot\share\interpreter\linkResolver.cpp, line 796]
Event: 24.887 Thread 0x00000225c8d52df0 Exception <a 'java/lang/NoSuchMethodError'{0x000000070b3ad808}: 'java.lang.Object java.lang.invoke.DirectMethodHandle$Holder.newInvokeSpecial(java.lang.Object, java.lang.Object, java.lang.Object, java.lang.Object, java.lang.Object, long)'> (0x000000070b3ad808) 
thrown [s\open\src\hotspot\share\interpreter\linkResolver.cpp, line 796]
Event: 24.887 Thread 0x00000225c8d52df0 Exception <a 'java/lang/NoSuchMethodError'{0x000000070b3b1c78}: 'java.lang.Object java.lang.invoke.DirectMethodHandle$Holder.invokeSpecial(java.lang.Object, java.lang.Object, java.lang.Object, java.lang.Object, java.lang.Object, java.lang.Object, long)'> (0x000000070b3b1c78) 
thrown [s\open\src\hotspot\share\interpreter\linkResolver.cpp, line 796]
Event: 24.887 Thread 0x00000225c8d52df0 Exception <a 'java/lang/NoSuchMethodError'{0x000000070b3b5ad0}: 'java.lang.Object java.lang.invoke.Invokers$Holder.linkToTargetMethod(java.lang.Object, java.lang.Object, java.lang.Object, java.lang.Object, long, java.lang.Object)'> (0x000000070b3b5ad0) 
thrown [s\open\src\hotspot\share\interpreter\linkResolver.cpp, line 796]
Event: 24.890 Thread 0x00000225c8d52df0 Exception <a 'java/lang/NoSuchMethodError'{0x000000070b3dd5e0}: 'double java.lang.invoke.DirectMethodHandle$Holder.invokeStatic(java.lang.Object, java.lang.Object)'> (0x000000070b3dd5e0) 
thrown [s\open\src\hotspot\share\interpreter\linkResolver.cpp, line 796]

VM Operations (20 events):
Event: 22.802 Executing VM operation: G1PauseCleanup done
Event: 22.888 Executing VM operation: HandshakeAllThreads (Deoptimize)
Event: 22.888 Executing VM operation: HandshakeAllThreads (Deoptimize) done
Event: 23.108 Executing VM operation: G1CollectForAllocation (G1 Evacuation Pause)
Event: 23.112 Executing VM operation: G1CollectForAllocation (G1 Evacuation Pause) done
Event: 23.504 Executing VM operation: G1CollectForAllocation (G1 Evacuation Pause)
Event: 23.510 Executing VM operation: G1CollectForAllocation (G1 Evacuation Pause) done
Event: 23.911 Executing VM operation: G1CollectForAllocation (G1 Evacuation Pause)
Event: 23.915 Executing VM operation: G1CollectForAllocation (G1 Evacuation Pause) done
Event: 23.948 Executing VM operation: G1PauseRemark
Event: 23.952 Executing VM operation: G1PauseRemark done
Event: 23.966 Executing VM operation: G1PauseCleanup
Event: 23.966 Executing VM operation: G1PauseCleanup done
Event: 24.298 Executing VM operation: G1CollectForAllocation (G1 Evacuation Pause)
Event: 24.302 Executing VM operation: G1CollectForAllocation (G1 Evacuation Pause) done
Event: 24.714 Executing VM operation: G1CollectForAllocation (G1 Evacuation Pause)
Event: 24.718 Executing VM operation: G1CollectForAllocation (G1 Evacuation Pause) done
Event: 25.006 Executing VM operation: HandshakeAllThreads (Deoptimize)
Event: 25.007 Executing VM operation: HandshakeAllThreads (Deoptimize) done
Event: 26.196 Executing VM operation: G1CollectForAllocation (G1 Evacuation Pause)

Memory protections (0 events):
No events

Nmethod flushes (20 events):
Event: 23.951 Thread 0x0000022582b93c40 flushing  nmethod 0x00000225f7b44d08
Event: 23.951 Thread 0x0000022582b93c40 flushing  nmethod 0x00000225f7b68c88
Event: 23.951 Thread 0x0000022582b93c40 flushing  nmethod 0x00000225f7b68f88
Event: 23.951 Thread 0x0000022582b93c40 flushing  nmethod 0x00000225f7b6b688
Event: 23.951 Thread 0x0000022582b93c40 flushing  nmethod 0x00000225f7b6b988
Event: 23.951 Thread 0x0000022582b93c40 flushing  nmethod 0x00000225f7b6bc88
Event: 23.951 Thread 0x0000022582b93c40 flushing  nmethod 0x00000225f7bc5308
Event: 23.951 Thread 0x0000022582b93c40 flushing  nmethod 0x00000225f7bc5b08
Event: 23.951 Thread 0x0000022582b93c40 flushing  nmethod 0x00000225f7bc6488
Event: 23.951 Thread 0x0000022582b93c40 flushing  nmethod 0x00000225f7bf9288
Event: 23.951 Thread 0x0000022582b93c40 flushing  nmethod 0x00000225f7bf9588
Event: 23.951 Thread 0x0000022582b93c40 flushing  nmethod 0x00000225f7bf9b88
Event: 23.951 Thread 0x0000022582b93c40 flushing  nmethod 0x00000225f7bf9e88
Event: 23.951 Thread 0x0000022582b93c40 flushing  nmethod 0x00000225f7bfa808
Event: 23.951 Thread 0x0000022582b93c40 flushing  nmethod 0x00000225f7bfab08
Event: 23.951 Thread 0x0000022582b93c40 flushing  nmethod 0x00000225f7bfae08
Event: 23.951 Thread 0x0000022582b93c40 flushing  nmethod 0x00000225f7c2c708
Event: 23.951 Thread 0x0000022582b93c40 flushing  nmethod 0x00000225f7c30308
Event: 23.951 Thread 0x0000022582b93c40 flushing  nmethod 0x00000225f7f76b08
Event: 23.951 Thread 0x0000022582b93c40 flushing  nmethod 0x00000225f7fd7f88

Events (20 events):
Event: 3.971 Thread 0x00000225c95fa8c0 Thread exited: 0x00000225c95fa8c0
Event: 4.269 Thread 0x00000225c8d52df0 Thread added: 0x00000225c9fbfc80
Event: 4.375 Thread 0x00000225c9fbfc80 Thread exited: 0x00000225c9fbfc80
Event: 6.322 Thread 0x00000225c97589a0 Thread exited: 0x00000225c97589a0
Event: 6.322 Thread 0x0000022582da96e0 Thread exited: 0x0000022582da96e0
Event: 6.323 Thread 0x0000022582c1e090 Thread exited: 0x0000022582c1e090
Event: 6.353 Thread 0x0000022582bba950 Thread added: 0x0000022582da96e0
Event: 6.507 Thread 0x0000022582da96e0 Thread added: 0x00000225c94ec730
Event: 7.058 Thread 0x00000225c95e1a50 Thread exited: 0x00000225c95e1a50
Event: 9.682 Thread 0x0000022582da96e0 Thread added: 0x00000225caa19910
Event: 11.426 Thread 0x00000225c8d52df0 Thread added: 0x00000225ca251f40
Event: 11.428 Thread 0x00000225ca251f40 Thread added: 0x00000225ca24f150
Event: 11.432 Thread 0x00000225c8d52df0 Thread added: 0x00000225ca250500
Event: 11.538 Thread 0x00000225c8d52df0 Thread added: 0x00000225ca24f7e0
Event: 13.192 Thread 0x00000225c8d52df0 Thread added: 0x00000225ca24fe70
Event: 13.305 Thread 0x00000225ca24fe70 Thread added: 0x00000225ca251220
Event: 17.808 Thread 0x00000225c8d52df0 Thread added: 0x00000225ca87d150
Event: 18.899 Thread 0x00000225ca251220 Thread exited: 0x00000225ca251220
Event: 21.388 Thread 0x00000225caa19910 Thread exited: 0x00000225caa19910
Event: 24.386 Thread 0x00000225c8d52df0 Thread added: 0x00000225ca87bda0


Dynamic libraries:
0x00007ff689a60000 - 0x00007ff689a70000 	C:\Program Files\Java\jdk-23\bin\java.exe
0x00007ffcc6fa0000 - 0x00007ffcc7207000 	C:\WINDOWS\SYSTEM32\ntdll.dll
0x00007ffcc5f30000 - 0x00007ffcc5ff9000 	C:\WINDOWS\System32\KERNEL32.DLL
0x00007ffcc46b0000 - 0x00007ffcc4aa7000 	C:\WINDOWS\System32\KERNELBASE.dll
0x00007ffcc4240000 - 0x00007ffcc438b000 	C:\WINDOWS\System32\ucrtbase.dll
0x00007ffc96180000 - 0x00007ffc96197000 	C:\Program Files\Java\jdk-23\bin\jli.dll
0x00007ffc93fd0000 - 0x00007ffc93feb000 	C:\Program Files\Java\jdk-23\bin\VCRUNTIME140.dll
0x00007ffcc69f0000 - 0x00007ffcc6bb6000 	C:\WINDOWS\System32\USER32.dll
0x00007ffcc45d0000 - 0x00007ffcc45f7000 	C:\WINDOWS\System32\win32u.dll
0x00007ffc9ae90000 - 0x00007ffc9b122000 	C:\WINDOWS\WinSxS\amd64_microsoft.windows.common-controls_6595b64144ccf1df_6.0.26100.8328_none_3e08182ce334b678\COMCTL32.dll
0x00007ffcc6440000 - 0x00007ffcc646b000 	C:\WINDOWS\System32\GDI32.dll
0x00007ffcc6810000 - 0x00007ffcc68b9000 	C:\WINDOWS\System32\msvcrt.dll
0x00007ffcc4bf0000 - 0x00007ffcc4d1c000 	C:\WINDOWS\System32\gdi32full.dll
0x00007ffcc4b40000 - 0x00007ffcc4be3000 	C:\WINDOWS\System32\msvcp_win.dll
0x00007ffcc67d0000 - 0x00007ffcc6802000 	C:\WINDOWS\System32\IMM32.DLL
0x00007ffcbe620000 - 0x00007ffcbe62c000 	C:\Program Files\Java\jdk-23\bin\vcruntime140_1.dll
0x00007ffc6ec50000 - 0x00007ffc6ecde000 	C:\Program Files\Java\jdk-23\bin\msvcp140.dll
0x00007ffbaa970000 - 0x00007ffbab6c0000 	C:\Program Files\Java\jdk-23\bin\server\jvm.dll
0x00007ffcc5d90000 - 0x00007ffcc5e46000 	C:\WINDOWS\System32\ADVAPI32.dll
0x00007ffcc64c0000 - 0x00007ffcc6567000 	C:\WINDOWS\System32\sechost.dll
0x00007ffcc68d0000 - 0x00007ffcc69e8000 	C:\WINDOWS\System32\RPCRT4.dll
0x00007ffcc5310000 - 0x00007ffcc5390000 	C:\WINDOWS\System32\WS2_32.dll
0x00007ffcc3830000 - 0x00007ffcc388e000 	C:\WINDOWS\SYSTEM32\POWRPROF.dll
0x00007ffcb0090000 - 0x00007ffcb009b000 	C:\WINDOWS\SYSTEM32\VERSION.dll
0x00007ffcb7600000 - 0x00007ffcb7636000 	C:\WINDOWS\SYSTEM32\WINMM.dll
0x00007ffcc3810000 - 0x00007ffcc3824000 	C:\WINDOWS\SYSTEM32\UMPDC.dll
0x00007ffcc2760000 - 0x00007ffcc277b000 	C:\WINDOWS\SYSTEM32\kernel.appcore.dll
0x00007ffcba090000 - 0x00007ffcba09a000 	C:\Program Files\Java\jdk-23\bin\jimage.dll
0x00007ffcc1640000 - 0x00007ffcc1882000 	C:\WINDOWS\SYSTEM32\DBGHELP.DLL
0x00007ffcc6030000 - 0x00007ffcc63b3000 	C:\WINDOWS\System32\combase.dll
0x00007ffcc5e50000 - 0x00007ffcc5f29000 	C:\WINDOWS\System32\OLEAUT32.dll
0x00007ffc92fa0000 - 0x00007ffc92fdb000 	C:\WINDOWS\SYSTEM32\dbgcore.DLL
0x00007ffcc4600000 - 0x00007ffcc46a8000 	C:\WINDOWS\System32\bcryptPrimitives.dll
0x00007ffc8bc50000 - 0x00007ffc8bc6e000 	C:\Program Files\Java\jdk-23\bin\java.dll
0x00007ffcc6bc0000 - 0x00007ffcc6d57000 	C:\WINDOWS\System32\ole32.dll
0x00007ffcc53b0000 - 0x00007ffcc5b1e000 	C:\WINDOWS\System32\SHELL32.dll
0x00007ffcc39d0000 - 0x00007ffcc423c000 	C:\WINDOWS\System32\windows.storage.dll
0x00007ffcc5c70000 - 0x00007ffcc5d66000 	C:\WINDOWS\System32\SHCORE.dll
0x00007ffcc4db0000 - 0x00007ffcc4e16000 	C:\WINDOWS\System32\shlwapi.dll
0x00007ffcc38f0000 - 0x00007ffcc3919000 	C:\WINDOWS\SYSTEM32\profapi.dll
0x00007ffcb9ec0000 - 0x00007ffcb9ed0000 	C:\Program Files\Java\jdk-23\bin\net.dll
0x00007ffcc2cd0000 - 0x00007ffcc2d3c000 	C:\WINDOWS\system32\mswsock.dll
0x00007ffc876c0000 - 0x00007ffc876d6000 	C:\Program Files\Java\jdk-23\bin\nio.dll
0x00007ffc7f570000 - 0x00007ffc7f587000 	C:\Program Files\Java\jdk-23\bin\zip.dll
0x00007ffc965a0000 - 0x00007ffc965aa000 	C:\Program Files\Java\jdk-23\bin\management.dll
0x00007ffc96540000 - 0x00007ffc9654b000 	C:\Program Files\Java\jdk-23\bin\management_ext.dll
0x00007ffcc6f50000 - 0x00007ffcc6f58000 	C:\WINDOWS\System32\PSAPI.DLL
0x00007ffcc22e0000 - 0x00007ffcc2412000 	C:\WINDOWS\SYSTEM32\DNSAPI.dll
0x00007ffcc2200000 - 0x00007ffcc2232000 	C:\WINDOWS\SYSTEM32\IPHLPAPI.DLL
0x00007ffcc6f40000 - 0x00007ffcc6f4a000 	C:\WINDOWS\System32\NSI.dll
0x00007ffcb95a0000 - 0x00007ffcb95ab000 	C:\Windows\System32\rasadhlp.dll
0x00007ffcbda30000 - 0x00007ffcbdab6000 	C:\WINDOWS\System32\fwpuclnt.dll
0x00007ffc92640000 - 0x00007ffc92649000 	C:\Program Files\Java\jdk-23\bin\extnet.dll
0x00007ffc96290000 - 0x00007ffc9629e000 	C:\Program Files\Java\jdk-23\bin\sunmscapi.dll
0x00007ffcc4450000 - 0x00007ffcc45c8000 	C:\WINDOWS\System32\CRYPT32.dll
0x00007ffcc31d0000 - 0x00007ffcc3200000 	C:\WINDOWS\SYSTEM32\ncrypt.dll
0x00007ffcc3180000 - 0x00007ffcc31bf000 	C:\WINDOWS\SYSTEM32\NTASN1.dll
0x00007ffcc2fc0000 - 0x00007ffcc2fdb000 	C:\WINDOWS\SYSTEM32\CRYPTSP.dll
0x00007ffcc26c0000 - 0x00007ffcc26f9000 	C:\WINDOWS\system32\rsaenh.dll
0x00007ffcc2d80000 - 0x00007ffcc2db3000 	C:\WINDOWS\SYSTEM32\USERENV.dll
0x00007ffcc38c0000 - 0x00007ffcc38ea000 	C:\WINDOWS\SYSTEM32\bcrypt.dll
0x00007ffcc2fb0000 - 0x00007ffcc2fbc000 	C:\WINDOWS\SYSTEM32\CRYPTBASE.dll

dbghelp: loaded successfully - version: 4.0.5 - missing functions: none
symbol engine: initialized successfully - sym options: 0x614 - pdb path: .;C:\Program Files\Java\jdk-23\bin;C:\WINDOWS\SYSTEM32;C:\WINDOWS\WinSxS\amd64_microsoft.windows.common-controls_6595b64144ccf1df_6.0.26100.8328_none_3e08182ce334b678;C:\Program Files\Java\jdk-23\bin\server

VM Arguments:
jvm_args: -XX:TieredStopAtLevel=1 
java_command: com.tourismgov.program.ProgramServiceApplication
java_class_path (initial): D:\DEVELOP LIFE\FinalOneBackend\ProgramService\target\classes;C:\Users\omkar\.m2\repository\ch\qos\logback\logback-classic\1.5.32\logback-classic-1.5.32.jar;C:\Users\omkar\.m2\repository\ch\qos\logback\logback-core\1.5.32\logback-core-1.5.32.jar;C:\Users\omkar\.m2\repository\org\apache\logging\log4j\log4j-to-slf4j\2.25.3\log4j-to-slf4j-2.25.3.jar;C:\Users\omkar\.m2\repository\org\apache\logging\log4j\log4j-api\2.25.3\log4j-api-2.25.3.jar;C:\Users\omkar\.m2\repository\org\slf4j\jul-to-slf4j\2.0.17\jul-to-slf4j-2.0.17.jar;C:\Users\omkar\.m2\repository\jakarta\annotation\jakarta.annotation-api\3.0.0\jakarta.annotation-api-3.0.0.jar;C:\Users\omkar\.m2\repository\org\yaml\snakeyaml\2.5\snakeyaml-2.5.jar;C:\Users\omkar\.m2\repository\org\springframework\boot\spring-boot-micrometer-metrics\4.0.5\spring-boot-micrometer-metrics-4.0.5.jar;C:\Users\omkar\.m2\repository\org\springframework\boot\spring-boot-micrometer-observation\4.0.5\spring-boot-micrometer-observation-4.0.5.jar;C:\Users\omkar\.m2\repository\org\springframework\boot\spring-boot-actuator-autoconfigure\4.0.5\spring-boot-actuator-autoconfigure-4.0.5.jar;C:\Users\omkar\.m2\repository\org\springframework\boot\spring-boot-actuator\4.0.5\spring-boot-actuator-4.0.5.jar;C:\Users\omkar\.m2\repository\org\springframework\boot\spring-boot-health\4.0.5\spring-boot-health-4.0.5.jar;C:\Users\omkar\.m2\repository\io\micrometer\micrometer-observation\1.16.4\micrometer-observation-1.16.4.jar;C:\Users\omkar\.m2\repository\io\micrometer\micrometer-commons\1.16.4\micrometer-commons-1.16.4.jar;C:\Users\omkar\.m2\repository\io\micrometer\micrometer-jakarta9\1.16.4\micrometer-jakarta9-1.16.4.jar;C:\Users\omkar\.m2\repository\com\zaxxer\HikariCP\7.0.2\HikariCP-7.0.2.jar;C:\Users\omkar\.m2\repository\org\springframework\boot\spring-boot-data-jpa\4.0.5\spring-boot-data-jpa-4.0.5.jar;C:\Users\omkar\.m2\repository\org\springframework\boot\spring-boot-data-commons\4.0.5\spring-boot-data-commons-4.0.5.jar;C:\Users\omkar\.m2\repository\org\springframework\boot\spring-boot-persistence\4.0.5\spring-boot-persistence-4.0.5.jar;C:\Users\omkar\.m2\repository\org\springframework\data\spring-data-commons\4.0.4\spring-data-commons-4.0.4.jar;C:\Users\omkar\.m2\repository\org\springframework\boot\spring-boot-hibernate\4.0.5\spring-boot-hibernate-4.0.5.jar;C:\Users\omkar\.m2\repository\org\springframework\boot\spring-boot-jpa\4.0.5\spring-boot-jpa-4.0.5.jar;C:\Users\omkar\.m2\repository\jakarta\persistence\jakarta.persistence-api\3.2.0\jakarta.persistence-api-3.2.0.jar;C:\Users\omkar\.m2\repository\org\hibernate\orm\hibernate-core\7.2.7.Final\hibernate-core-7.2.7.Final.jar;C:\Users\omkar\.m2\repository\jakarta\transaction\jakarta.transaction-api\2.0.1\jakarta.transaction-api-2.0.1.jar;C:\Users\omkar\.m2\repository\org\hibernate\models\hibernate-models\1.0.1\hibernate-models-1.0.1.jar;C:\Users\omkar\.m2\repository\org\glassfish\jaxb\jaxb-runtime\4.0.6\jaxb-runtime-4.0.6.jar;C:\Users\omkar\.m2\repository\org\glassfish\jaxb\jaxb-core\4.0.6\jaxb-core-4.0.6.jar;C:\Users\omkar\.m2\repository\org\eclipse\angus\angus-activation\2.0.3\angus-activation-2.0.3.jar;C:\Users\omkar\.m2\repository\org\glassfish\jaxb\txw2\4.0.6\txw2-4.0.6.jar;C:\Users\omkar\.m2\repository\com\sun\istack\istack-commons-runtime\4.1.2\istack-commons-runtime-4.1.2.jar;C:\Users\omkar\.m2\repository\org\springframework\spring-orm\7.0.6\spring-orm-7.0.6.jar;C:\Users\omkar\.m2\repository\org\springframework\data\spring-data-jpa\4.0.4\spring-data-jpa-4.0.4.jar;C:\Users\omkar\.m2\repository\org\springframework\spring-tx\7.0.6\spring-tx-7.0.6.jar;C:\Users\omkar\.m2\repository\org\antlr\antlr4-runtime\4.13.2\antlr4-runtime-4.13.2.jar;C:\Users\omkar\.m2\repository\org\springframework\spring-aspects\7.0.6\spring-aspects-7.0.6.jar;C:\Users\omkar\.m2\repository\org\aspectj\aspectjweaver\1.9.25.1\aspectjweaver-1.9.25.1.jar;C:\Users\omkar\.m2\repository\org\springframework\boot\spring-boot-jdbc\4.0.5\spring-boot-jdbc-4.0.5.jar;C:\Users\omkar\.m2\repository\org\springframework\boot\spring-boot-sql\4.0.5\spring-boot-sql-4.0.5.jar;C:\Users\omkar\.m2\repository\org\springframework\boot\spring-boot-transaction\4.0.5\spring-boot-transaction-4.0.5.jar;C:\Users\omkar\.m2\repository\org\springframework\spring-jdbc\7.0.6\spring-jdbc-7.0.6.jar;C:\Users\omkar\.m2\repository\org\springframework\boot\spring-boot-security\4.0.5\spring-boot-security-4.0.5.jar;C:\Users\omkar\.m2\repository\org\springframework\security\spring-security-config\7.0.4\spring-security-config-7.0.4.jar;C:\Users\omkar\.m2\repository\org\springframework\security\spring-security-core\7.0.4\spring-security-core-7.0.4.jar;C:\Users\omkar\.m2\repository\org\springframework\security\spring-security-web\7.0.4\spring-security-web-7.0.4.jar;C:\Users\omkar\.m2\repository\org\springframework\spring-expression\7.0.6\spring-expression-7.0.6.jar;C:\Users\omkar\.m2\repository\org\springframework\spring-aop\7.0.6\spring-aop-7.0.6.jar;C:\Users\omkar\.m2\repository\org\springframework\spring-beans\7.0.6\spring-beans-7.0.6.jar;C:\Users\omkar\.m2\repository\org\springframework\boot\spring-boot-validation\4.0.5\spring-boot-validation-4.0.5.jar;C:\Users\omkar\.m2\repository\org\apache\tomcat\embed\tomcat-embed-el\11.0.20\tomcat-embed-el-11.0.20.jar;C:\Users\omkar\.m2\repository\org\hibernate\validator\hibernate-validator\9.0.1.Final\hibernate-validator-9.0.1.Final.jar;C:\Users\omkar\.m2\repository\jakarta\validation\jakarta.validation-api\3.1.1\jakarta.validation-api-3.1.1.jar;C:\Users\omkar\.m2\repository\org\jboss\logging\jboss-logging\3.6.3.Final\jboss-logging-3.6.3.Final.jar;C:\Users\omkar\.m2\repository\com\fasterxml\classmate\1.7.3\classmate-1.7.3.jar;C:\Users\omkar\.m2\repository\org\springframework\boot\spring-boot-jackson\4.0.5\spring-boot-jackson-4.0.5.jar;C:\Users\omkar\.m2\repository\org\apache\tomcat\embed\tomcat-embed-core\11.0.20\tomcat-embed-core-11.0.20.jar;C:\Users\omkar\.m2\repository\org\apache\tomcat\embed\tomcat-embed-websocket\11.0.20\tomcat-embed-websocket-11.0.20.jar;C:\Users\omkar\.m2\repository\org\springframework\boot\spring-boot-tomcat\4.0.5\spring-boot-tomcat-4.0.5.jar;C:\Users\omkar\.m2\repository\org\springframework\boot\spring-boot-http-converter\4.0.5\spring-boot-http-converter-4.0.5.jar;C:\Users\omkar\.m2\repository\org\springframework\boot\spring-boot-webmvc\4.0.5\spring-boot-webmvc-4.0.5.jar;C:\Users\omkar\.m2\repository\org\springframework\boot\spring-boot-servlet\4.0.5\spring-boot-servlet-4.0.5.jar;C:\Users\omkar\.m2\repository\org\springframework\spring-webmvc\7.0.6\spring-webmvc-7.0.6.jar;C:\Users\omkar\.m2\repository\org\springframework\cloud\spring-cloud-starter-config\5.0.1\spring-cloud-starter-config-5.0.1.jar;C:\Users\omkar\.m2\repository\org\springframework\cloud\spring-cloud-starter\5.0.1\spring-cloud-starter-5.0.1.jar;C:\Users\omkar\.m2\repository\org\springframework\cloud\spring-cloud-context\5.0.1\spring-cloud-context-5.0.1.jar;C:\Users\omkar\.m2\repository\org\springframework\boot\spring-boot-restclient\4.0.5\spring-boot-restclient-4.0.5.jar;C:\Users\omkar\.m2\repository\org\springframework\boot\spring-boot-http-client\4.0.5\spring-boot-http-client-4.0.5.jar;C:\Users\omkar\.m2\repository\org\bouncycastle\bcprov-jdk18on\1.81\bcprov-jdk18on-1.81.jar;C:\Users\omkar\.m2\repository\org\springframework\cloud\spring-cloud-config-client\5.0.1\spring-cloud-config-client-5.0.1.jar;C:\Users\omkar\.m2\repository\com\fasterxml\jackson\core\jackson-annotations\2.21\jackson-annotations-2.21.jar;C:\Users\omkar\.m2\repository\org\apache\httpcomponents\client5\httpclient5\5.5.2\httpclient5-5.5.2.jar;C:\Users\omkar\.m2\repository\org\apache\httpcomponents\core5\httpcore5\5.3.6\httpcore5-5.3.6.jar;C:\Users\omkar\.m2\repository\org\apache\httpcomponents\core5\httpcore5-h2\5.3.6\httpcore5-h2-5.3.6.jar;C:\Users\omkar\.m2\repository\tools\jackson\core\jackson-databind\3.1.0\jackson-databind-3.1.0.jar;C:\Users\omkar\.m2\repository\tools\jackson\core\jackson-core\3.1.0\jackson-core-3.1.0.jar;C:\Users\omkar\.m2\repository\org\springframework\cloud\spring-cloud-starter-netflix-eureka-client\5.0.1\spring-cloud-starter-netflix-eureka-client-5.0.1.jar;C:\Users\omkar\.m2\repository\org\springframework\cloud\spring-cloud-netflix-eureka-client\5.0.1\spring-cloud-netflix-eureka-client-5.0.1.jar;C:\Users\omkar\.m2\repository\org\springframework\boot\spring-boot-jackson2\4.0.5\spring-boot-jackson2-4.0.5.jar;C:\Users\omkar\.m2\repository\com\fasterxml\jackson\datatype\jackson-datatype-jdk8\2.21.2\jackson-datatype-jdk8-2.21.2.jar;C:\Users\omkar\.m2\repository\com\fasterxml\jackson\datatype\jackson-datatype-jsr310\2.21.2\jackson-datatype-jsr310-2.21.2.jar;C:\Users\omkar\.m2\repository\com\fasterxml\jackson\module\jackson-module-parameter-names\2.21.2\jackson-module-parameter-names-2.21.2.jar;C:\Users\omkar\.m2\repository\com\netflix\eureka\eureka-client\2.0.5\eureka-client-2.0.5.jar;C:\Users\omkar\.m2\repository\com\thoughtworks\xstream\xstream\1.4.21\xstream-1.4.21.jar;C:\Users\omkar\.m2\repository\io\github\x-stream\mxparser\1.2.2\mxparser-1.2.2.jar;C:\Users\omkar\.m2\repository\xmlpull\xmlpull\1.1.3.1\xmlpull-1.1.3.1.jar;C:\Users\omkar\.m2\repository\jakarta\ws\rs\jakarta.ws.rs-api\4.0.0\jakarta.ws.rs-api-4.0.0.jar;C:\Users\omkar\.m2\repository\jakarta\inject\jakarta.inject-api\2.0.1\jakarta.inject-api-2.0.1.jar;C:\Users\omkar\.m2\repository\com\netflix\spectator\spectator-api\1.7.3\spectator-api-1.7.3.jar;C:\Users\omkar\.m2\repository\org\slf4j\slf4j-api\2.0.17\slf4j-api-2.0.17.jar;C:\Users\omkar\.m2\repository\org\apache\httpcomponents\httpclient\4.5.3\httpclient-4.5.3.jar;C:\Users\omkar\.m2\repository\org\apache\httpcomponents\httpcore\4.4.16\httpcore-4.4.16.jar;C:\Users\omkar\.m2\repository\commons-codec\commons-codec\1.19.0\commons-codec-1.19.0.jar;C:\Users\omkar\.m2\repository\commons-configuration\commons-configuration\1.10\commons-configuration-1.10.jar;C:\Users\omkar\.m2\repository\commons-lang\commons-lang\2.6\commons-lang-2.6.jar;C:\Users\omkar\.m2\repository\com\fasterxml\jackson\core\jackson-core\2.21.2\jackson-core-2.21.2.jar;C:\Users\omkar\.m2\repository\com\fasterxml\jackson\core\jackson-databind\2.21.2\jackson-databind-2.21.2.jar;C:\Users\omkar\.m2\repository\com\netflix\netflix-commons\netflix-eventbus\0.3.0\netflix-eventbus-0.3.0.jar;C:\Users\omkar\.m2\repository\com\netflix\netflix-commons\netflix-infix\0.3.0\netflix-infix-0.3.0.jar;C:\Users\omkar\.m2\repository\commons-jxpath\commons-jxpath\1.3\commons-jxpath-1.3.jar;C:\Users\omkar\.m2\repository\joda-time\joda-time\2.3\joda-time-2.3.jar;C:\Users\omkar\.m2\repository\org\antlr\antlr-runtime\3.4\antlr-runtime-3.4.jar;C:\Users\omkar\.m2\repository\org\antlr\stringtemplate\3.2.1\stringtemplate-3.2.1.jar;C:\Users\omkar\.m2\repository\antlr\antlr\2.7.7\antlr-2.7.7.jar;C:\Users\omkar\.m2\repository\com\google\code\gson\gson\2.13.2\gson-2.13.2.jar;C:\Users\omkar\.m2\repository\com\google\errorprone\error_prone_annotations\2.41.0\error_prone_annotations-2.41.0.jar;C:\Users\omkar\.m2\repository\com\netflix\servo\servo-core\0.5.3\servo-core-0.5.3.jar;C:\Users\omkar\.m2\repository\org\apache\commons\commons-math\2.2\commons-math-2.2.jar;C:\Users\omkar\.m2\repository\javax\annotation\javax.annotation-api\1.2\javax.annotation-api-1.2.jar;C:\Users\omkar\.m2\repository\org\codehaus\jettison\jettison\1.5.4\jettison-1.5.4.jar;C:\Users\omkar\.m2\repository\org\springframework\cloud\spring-cloud-starter-loadbalancer\5.0.1\spring-cloud-starter-loadbalancer-5.0.1.jar;C:\Users\omkar\.m2\repository\org\springframework\cloud\spring-cloud-loadbalancer\5.0.1\spring-cloud-loadbalancer-5.0.1.jar;C:\Users\omkar\.m2\repository\io\projectreactor\reactor-core\3.8.4\reactor-core-3.8.4.jar;C:\Users\omkar\.m2\repository\org\reactivestreams\reactive-streams\1.0.4\reactive-streams-1.0.4.jar;C:\Users\omkar\.m2\repository\io\projectreactor\addons\reactor-extra\3.6.0\reactor-extra-3.6.0.jar;C:\Users\omkar\.m2\repository\org\springframework\boot\spring-boot-cache\4.0.5\spring-boot-cache-4.0.5.jar;C:\Users\omkar\.m2\repository\org\springframework\spring-context-support\7.0.6\spring-context-support-7.0.6.jar;C:\Users\omkar\.m2\repository\com\stoyanr\evictor\1.0.0\evictor-1.0.0.jar;C:\Users\omkar\.m2\repository\org\springframework\boot\spring-boot-devtools\4.0.5\spring-boot-devtools-4.0.5.jar;C:\Users\omkar\.m2\repository\org\springframework\boot\spring-boot\4.0.5\spring-boot-4.0.5.jar;C:\Users\omkar\.m2\repository\org\springframework\spring-context\7.0.6\spring-context-7.0.6.jar;C:\Users\omkar\.m2\repository\org\springframework\boot\spring-boot-autoconfigure\4.0.5\spring-boot-autoconfigure-4.0.5.jar;C:\Users\omkar\.m2\repository\com\mysql\mysql-connector-j\9.6.0\mysql-connector-j-9.6.0.jar;C:\Users\omkar\.m2\repository\io\micrometer\micrometer-registry-prometheus\1.16.4\micrometer-registry-prometheus-1.16.4.jar;C:\Users\omkar\.m2\repository\org\jspecify\jspecify\1.0.0\jspecify-1.0.0.jar;C:\Users\omkar\.m2\repository\io\micrometer\micrometer-core\1.16.4\micrometer-core-1.16.4.jar;C:\Users\omkar\.m2\repository\org\hdrhistogram\HdrHistogram\2.2.2\HdrHistogram-2.2.2.jar;C:\Users\omkar\.m2\repository\org\latencyutils\LatencyUtils\2.0.3\LatencyUtils-2.0.3.jar;C:\Users\omkar\.m2\repository\io\prometheus\prometheus-metrics-core\1.4.3\prometheus-metrics-core-1.4.3.jar;C:\Users\omkar\.m2\repository\io\prometheus\prometheus-metrics-model\1.4.3\prometheus-metrics-model-1.4.3.jar;C:\Users\omkar\.m2\repository\io\prometheus\prometheus-metrics-config\1.4.3\prometheus-metrics-config-1.4.3.jar;C:\Users\omkar\.m2\repository\io\prometheus\prometheus-metrics-tracer-common\1.4.3\prometheus-metrics-tracer-common-1.4.3.jar;C:\Users\omkar\.m2\repository\io\prometheus\prometheus-metrics-exposition-formats\1.4.3\prometheus-metrics-exposition-formats-1.4.3.jar;C:\Users\omkar\.m2\repository\io\prometheus\prometheus-metrics-exposition-textformats\1.4.3\prometheus-metrics-exposition-textformats-1.4.3.jar;C:\Users\omkar\.m2\repository\org\springframework\boot\spring-boot-web-server\4.0.5\spring-boot-web-server-4.0.5.jar;C:\Users\omkar\.m2\repository\org\springframework\cloud\spring-cloud-starter-openfeign\5.0.1\spring-cloud-starter-openfeign-5.0.1.jar;C:\Users\omkar\.m2\repository\org\springframework\cloud\spring-cloud-openfeign-core\5.0.1\spring-cloud-openfeign-core-5.0.1.jar;C:\Users\omkar\.m2\repository\io\github\openfeign\feign-form-spring\13.6\feign-form-spring-13.6.jar;C:\Users\omkar\.m2\repository\org\apache\commons\commons-text\1.13.0\commons-text-1.13.0.jar;C:\Users\omkar\.m2\repository\org\apache\commons\commons-lang3\3.19.0\commons-lang3-3.19.0.jar;C:\Users\omkar\.m2\repository\io\github\openfeign\feign-form\13.6\feign-form-13.6.jar;C:\Users\omkar\.m2\repository\commons-fileupload\commons-fileupload\1.5\commons-fileupload-1.5.jar;C:\Users\omkar\.m2\repository\org\springframework\spring-web\7.0.6\spring-web-7.0.6.jar;C:\Users\omkar\.m2\repository\org\springframework\cloud\spring-cloud-commons\5.0.1\spring-cloud-commons-5.0.1.jar;C:\Users\omkar\.m2\repository\org\springframework\security\spring-security-crypto\7.0.4\spring-security-crypto-7.0.4.jar;C:\Users\omkar\.m2\repository\io\github\openfeign\feign-core\13.6\feign-core-13.6.jar;C:\Users\omkar\.m2\repository\io\github\openfeign\feign-slf4j\13.6\feign-slf4j-13.6.jar;C:\Users\omkar\.m2\repository\jakarta\xml\bind\jakarta.xml.bind-api\4.0.4\jakarta.xml.bind-api-4.0.4.jar;C:\Users\omkar\.m2\repository\jakarta\activation\jakarta.activation-api\2.1.4\jakarta.activation-api-2.1.4.jar;C:\Users\omkar\.m2\repository\net\bytebuddy\byte-buddy\1.17.8\byte-buddy-1.17.8.jar;C:\Users\omkar\.m2\repository\org\springframework\spring-core\7.0.6\spring-core-7.0.6.jar;C:\Users\omkar\.m2\repository\commons-logging\commons-logging\1.3.6\commons-logging-1.3.6.jar;C:\Users\omkar\.m2\repository\org\springdoc\springdoc-openapi-starter-webmvc-ui\2.5.0\springdoc-openapi-starter-webmvc-ui-2.5.0.jar;C:\Users\omkar\.m2\repository\org\springdoc\springdoc-openapi-starter-webmvc-api\2.5.0\springdoc-openapi-starter-webmvc-api-2.5.0.jar;C:\Users\omkar\.m2\repository\org\springdoc\springdoc-openapi-starter-common\2.5.0\springdoc-openapi-starter-common-2.5.0.jar;C:\Users\omkar\.m2\repository\io\swagger\core\v3\swagger-core-jakarta\2.2.21\swagger-core-jakarta-2.2.21.jar;C:\Users\omkar\.m2\repository\io\swagger\core\v3\swagger-annotations-jakarta\2.2.21\swagger-annotations-jakarta-2.2.21.jar;C:\Users\omkar\.m2\repository\io\swagger\core\v3\swagger-models-jakarta\2.2.21\swagger-models-jakarta-2.2.21.jar;C:\Users\omkar\.m2\repository\com\fasterxml\jackson\dataformat\jackson-dataformat-yaml\2.21.2\jackson-dataformat-yaml-2.21.2.jar;C:\Users\omkar\.m2\repository\org\webjars\swagger-ui\5.13.0\swagger-ui-5.13.0.jar;C:\Users\omkar\.m2\repository\org\springframework\cloud\spring-cloud-starter-circuitbreaker-resilience4j\5.0.1\spring-cloud-starter-circuitbreaker-resilience4j-5.0.1.jar;C:\Users\omkar\.m2\repository\org\springframework\cloud\spring-cloud-circuitbreaker-resilience4j\5.0.1\spring-cloud-circuitbreaker-resilience4j-5.0.1.jar;C:\Users\omkar\.m2\repository\io\github\resilience4j\resilience4j-spring-boot3\2.3.0\resilience4j-spring-boot3-2.3.0.jar;C:\Users\omkar\.m2\repository\io\github\resilience4j\resilience4j-spring6\2.3.0\resilience4j-spring6-2.3.0.jar;C:\Users\omkar\.m2\repository\io\github\resilience4j\resilience4j-annotations\2.3.0\resilience4j-annotations-2.3.0.jar;C:\Users\omkar\.m2\repository\io\github\resilience4j\resilience4j-consumer\2.3.0\resilience4j-consumer-2.3.0.jar;C:\Users\omkar\.m2\repository\io\github\resilience4j\resilience4j-circularbuffer\2.3.0\resilience4j-circularbuffer-2.3.0.jar;C:\Users\omkar\.m2\repository\io\github\resilience4j\resilience4j-framework-common\2.3.0\resilience4j-framework-common-2.3.0.jar;C:\Users\omkar\.m2\repository\io\github\resilience4j\resilience4j-micrometer\2.3.0\resilience4j-micrometer-2.3.0.jar;C:\Users\omkar\.m2\repository\io\github\resilience4j\resilience4j-retry\2.3.0\resilience4j-retry-2.3.0.jar;C:\Users\omkar\.m2\repository\io\github\resilience4j\resilience4j-ratelimiter\2.3.0\resilience4j-ratelimiter-2.3.0.jar;C:\Users\omkar\.m2\repository\io\github\resilience4j\resilience4j-circuitbreaker\2.3.0\resilience4j-circuitbreaker-2.3.0.jar;C:\Users\omkar\.m2\repository\io\github\resilience4j\resilience4j-core\2.3.0\resilience4j-core-2.3.0.jar;C:\Users\omkar\.m2\repository\org\jetbrains\kotlin\kotlin-stdlib-jdk8\2.2.21\kotlin-stdlib-jdk8-2.2.21.jar;C:\Users\omkar\.m2\repository\org\jetbrains\kotlin\kotlin-stdlib\2.2.21\kotlin-stdlib-2.2.21.jar;C:\Users\omkar\.m2\repository\org\jetbrains\annotations\13.0\annotations-13.0.jar;C:\Users\omkar\.m2\repository\org\jetbrains\kotlin\kotlin-stdlib-jdk7\2.2.21\kotlin-stdlib-jdk7-2.2.21.jar;C:\Users\omkar\.m2\repository\io\github\resilience4j\resilience4j-timelimiter\2.3.0\resilience4j-timelimiter-2.3.0.jar
Launcher Type: SUN_STANDARD

[Global flags]
     intx CICompilerCount                          = 12                                        {product} {ergonomic}
     uint ConcGCThreads                            = 3                                         {product} {ergonomic}
     uint G1ConcRefinementThreads                  = 13                                        {product} {ergonomic}
   size_t G1HeapRegionSize                         = 2097152                                   {product} {ergonomic}
   size_t InitialHeapSize                          = 264241152                                 {product} {ergonomic}
   size_t MarkStackSize                            = 4194304                                   {product} {ergonomic}
   size_t MarkStackSizeMax                         = 536870912                                 {product} {ergonomic}
   size_t MaxHeapSize                              = 4213178368                                {product} {ergonomic}
   size_t MaxNewSize                               = 2527068160                                {product} {ergonomic}
   size_t MinHeapDeltaBytes                        = 2097152                                   {product} {ergonomic}
   size_t MinHeapSize                              = 8388608                                   {product} {ergonomic}
    uintx NonNMethodCodeHeapSize                   = 4096                                   {pd product} {ergonomic}
    uintx NonProfiledCodeHeapSize                  = 0                                      {pd product} {ergonomic}
     bool ProfileInterpreter                       = false                                  {pd product} {command line}
    uintx ProfiledCodeHeapSize                     = 0                                      {pd product} {ergonomic}
   size_t SoftMaxHeapSize                          = 4213178368                             {manageable} {ergonomic}
     intx TieredStopAtLevel                        = 1                                         {product} {command line}
     bool UseCompressedOops                        = true                           {product lp64_product} {ergonomic}
     bool UseG1GC                                  = true                                      {product} {ergonomic}
     bool UseLargePagesIndividualAllocation        = false                                  {pd product} {ergonomic}

Logging:
Log output configuration:
 #0: stdout all=warning uptime,level,tags foldmultilines=false
 #1: stderr all=off uptime,level,tags foldmultilines=false

Environment Variables:
PATH=C:\Program Files\Python313\Scripts\;C:\Program Files\Python313\;C:\Program Files\Common Files\Oracle\Java\javapath;C:\WINDOWS\system32;C:\WINDOWS;C:\WINDOWS\System32\Wbem;C:\WINDOWS\System32\WindowsPowerShell\v1.0\;C:\WINDOWS\System32\OpenSSH\;C:\Program Files\Java\jdk-23\bin;C:\Program Files\MySQL\MySQL Server 8.0\bin;C:\ffmpeg\bin;C:\ProgramData\chocolatey\bin;C:\Program Files\dotnet\;C:\Program Files\nodejs\;C:\Program Files\MongoDB\Tools\100\bin;C:\FasterDownload;C:\Program Files\Git\cmd;C:\Program Files\MySQL\MySQL Shell 8.0\bin\;C:\Users\omkar\AppData\Local\Microsoft\WindowsApps;C:\Users\omkar\AppData\Local\Programs\Microsoft VS Code\bin;C:\Users\omkar\AppData\Roaming\npm;C:\Users\omkar\AppData\Local\Microsoft\WinGet\Packages\Gyan.FFmpeg_Microsoft.Winget.Source_8wekyb3d8bbwe\ffmpeg-7.1.1-full_build\bin;C:\Users\omkar\AppData\Local\Microsoft\WinGet\Packages\yt-dlp.yt-dlp_Microsoft.Winget.Source_8wekyb3d8bbwe;C:\mongosh\;C:\Users\omkar\AppData\Roaming\Python\Python313\Scripts;C:\Users\omkar\AppData\Local\Programs\Antigravity\bin
USERNAME=omkar
OS=Windows_NT
PROCESSOR_IDENTIFIER=Intel64 Family 6 Model 186 Stepping 2, GenuineIntel
TMP=C:\Users\omkar\AppData\Local\Temp
TEMP=C:\Users\omkar\AppData\Local\Temp




Periodic native trim disabled

---------------  S Y S T E M  ---------------

OS:
 Windows 11 , 64 bit Build 26100 (10.0.26100.8328)
OS uptime: 3 days 7:38 hours
Hyper-V role detected

CPU: total 16 (initial active 16) (8 cores per cpu, 2 threads per core) family 6 model 186 stepping 2 microcode 0x410e, cx8, cmov, fxsr, ht, mmx, 3dnowpref, sse, sse2, sse3, ssse3, sse4.1, sse4.2, popcnt, lzcnt, tsc, tscinvbit, avx, avx2, aes, erms, clmul, bmi1, bmi2, adx, sha, fma, vzeroupper, clflush, clflushopt, clwb, hv, serialize, rdtscp, rdpid, fsrm, gfni, f16c, cet_ibt, cet_ss
Processor Information for processor 0
  Max Mhz: 2600, Current Mhz: 2600, Mhz Limit: 2600
Processor Information for processor 1
  Max Mhz: 2600, Current Mhz: 2600, Mhz Limit: 2600
Processor Information for processor 2
  Max Mhz: 2600, Current Mhz: 2600, Mhz Limit: 2600
Processor Information for processor 3
  Max Mhz: 2600, Current Mhz: 2600, Mhz Limit: 2600
Processor Information for processor 4
  Max Mhz: 2600, Current Mhz: 2600, Mhz Limit: 2600
Processor Information for processor 5
  Max Mhz: 2600, Current Mhz: 2600, Mhz Limit: 2600
Processor Information for processor 6
  Max Mhz: 2600, Current Mhz: 2600, Mhz Limit: 2600
Processor Information for processor 7
  Max Mhz: 2600, Current Mhz: 2600, Mhz Limit: 2600
Processor Information for processor 8
  Max Mhz: 2600, Current Mhz: 1900, Mhz Limit: 1898
Processor Information for processor 9
  Max Mhz: 2600, Current Mhz: 1900, Mhz Limit: 1898
Processor Information for processor 10
  Max Mhz: 2600, Current Mhz: 1900, Mhz Limit: 1898
Processor Information for processor 11
  Max Mhz: 2600, Current Mhz: 1900, Mhz Limit: 1898
Processor Information for processor 12
  Max Mhz: 2600, Current Mhz: 1900, Mhz Limit: 1898
Processor Information for processor 13
  Max Mhz: 2600, Current Mhz: 1500, Mhz Limit: 1898
Processor Information for processor 14
  Max Mhz: 2600, Current Mhz: 1500, Mhz Limit: 1898
Processor Information for processor 15
  Max Mhz: 2600, Current Mhz: 1500, Mhz Limit: 1898

Memory: 4k page, system-wide physical 16071M (671M free)
TotalPageFile size 34821M (AvailPageFile size 0M)
current process WorkingSet (physical memory assigned to process): 336M, peak: 336M
current process commit charge ("private bytes"): 387M, peak: 411M

vm_info: Java HotSpot(TM) 64-Bit Server VM (23.0.2+7-58) for windows-amd64 JRE (23.0.2+7-58), built on 2024-11-29T09:34:55Z with MS VC++ 17.6 (VS2022)

END.
